.....................................................................F.. [ 20%]
FFFF.FFF..F............................................................. [ 41%]
...................................F..........FFFFF..FF.F...FFFF..F..... [ 62%]
.F.........F.F...........................F.............................. [ 83%]
.......................s.........ssssss................                  [100%]
================================== FAILURES ===================================
E   assert 500 == 200
     +  where 500 = <Response [500 Internal Server Error]>.status_code
---------------------------- Captured stdout call -----------------------------
{"event": "request_started", "path": "/api/payment/v1/plans", "method": "GET", "request_id": "6c27e6ab-290", "level": "info", "logger": "request", "timestamp": "2026-02-27T11:47:40.975182Z"}
{"event": "Unhandled exception [request_id=None] AttributeError: 'Depends' object has no attribute 'id'\n  + Exception Group Traceback (most recent call last):\n  |   File \"C:\\careertrojan\\.venv\\Lib\\site-packages\\starlette\\_utils.py\", line 77, in collapse_excgroups\n  |     yield\n  |   File \"C:\\careertrojan\\.venv\\Lib\\site-packages\\starlette\\middleware\\base.py\", line 186, in __call__\n  |     async with anyio.create_task_group() as task_group:\n  |   File \"C:\\careertrojan\\.venv\\Lib\\site-packages\\anyio\\_backends\\_asyncio.py\", line 783, in __aexit__\n  |     raise BaseExceptionGroup(\n  | ExceptionGroup: unhandled errors in a TaskGroup (1 sub-exception)\n  +-+---------------- 1 ----------------\n    | Traceback (most recent call last):\n    |   File \"C:\\careertrojan\\.venv\\Lib\\site-packages\\starlette\\middleware\\errors.py\", line 165, in __call__\n    |     await self.app(scope, receive, _send)\n    |   File \"C:\\careertrojan\\.venv\\Lib\\site-packages\\starlette\\middleware\\base.py\", line 185, in __call__\n    |     with collapse_excgroups():\n    |   File \"J:\\Python311\\Lib\\contextlib.py\", line 158, in __exit__\n    |     self.gen.throw(typ, value, traceback)\n    |   File \"C:\\careertrojan\\.venv\\Lib\\site-packages\\starlette\\_utils.py\", line 83, in collapse_excgroups\n    |     raise exc\n    |   File \"C:\\careertrojan\\.venv\\Lib\\site-packages\\starlette\\middleware\\base.py\", line 187, in __call__\n    |     response = await self.dispatch_func(request, call_next)\n    |                ^^^^^^^^^^^^^^^^^^^^^^^^^^^^^^^^^^^^^^^^^^^^\n    |   File \"C:\\careertrojan\\services\\backend_api\\middleware\\rate_limiter.py\", line 83, in dispatch\n    |     return await call_next(request)\n    |            ^^^^^^^^^^^^^^^^^^^^^^^^\n    |   File \"C:\\careertrojan\\.venv\\Lib\\site-packages\\starlette\\middleware\\base.py\", line 163, in call_next\n    |     raise app_exc\n    |   File \"C:\\careertrojan\\.venv\\Lib\\site-packages\\starlette\\middleware\\base.py\", line 149, in coro\n    |     await self.app(scope, receive_or_disconnect, send_no_error)\n    |   File \"C:\\careertrojan\\.venv\\Lib\\site-packages\\starlette\\middleware\\base.py\", line 185, in __call__\n    |     with collapse_excgroups():\n    |   File \"J:\\Python311\\Lib\\contextlib.py\", line 158, in __exit__\n    |     self.gen.throw(typ, value, traceback)\n    |   File \"C:\\careertrojan\\.venv\\Lib\\site-packages\\starlette\\_utils.py\", line 83, in collapse_excgroups\n    |     raise exc\n    |   File \"C:\\careertrojan\\.venv\\Lib\\site-packages\\starlette\\middleware\\base.py\", line 187, in __call__\n    |     response = await self.dispatch_func(request, call_next)\n    |                ^^^^^^^^^^^^^^^^^^^^^^^^^^^^^^^^^^^^^^^^^^^^\n    |   File \"C:\\careertrojan\\services\\backend_api\\middleware\\interaction_logger.py\", line 151, in dispatch\n    |     response: Response = await call_next(request)\n    |                          ^^^^^^^^^^^^^^^^^^^^^^^^\n    |   File \"C:\\careertrojan\\.venv\\Lib\\site-packages\\starlette\\middleware\\base.py\", line 163, in call_next\n    |     raise app_exc\n    |   File \"C:\\careertrojan\\.venv\\Lib\\site-packages\\starlette\\middleware\\base.py\", line 149, in coro\n    |     await self.app(scope, receive_or_disconnect, send_no_error)\n    |   File \"C:\\careertrojan\\.venv\\Lib\\site-packages\\starlette\\middleware\\base.py\", line 185, in __call__\n    |     with collapse_excgroups():\n    |   File \"J:\\Python311\\Lib\\contextlib.py\", line 158, in __exit__\n    |     self.gen.throw(typ, value, traceback)\n    |   File \"C:\\careertrojan\\.venv\\Lib\\site-packages\\starlette\\_utils.py\", line 83, in collapse_excgroups\n    |     raise exc\n    |   File \"C:\\careertrojan\\.venv\\Lib\\site-packages\\starlette\\middleware\\base.py\", line 187, in __call__\n    |     response = await self.dispatch_func(request, call_next)\n    |                ^^^^^^^^^^^^^^^^^^^^^^^^^^^^^^^^^^^^^^^^^^^^\n    |   File \"C:\\careertrojan\\services\\backend_api\\middleware\\request_correlation.py\", line 38, in dispatch\n    |     response = await call_next(request)\n    |                ^^^^^^^^^^^^^^^^^^^^^^^^\n    |   File \"C:\\careertrojan\\.venv\\Lib\\site-packages\\starlette\\middleware\\base.py\", line 163, in call_next\n    |     raise app_exc\n    |   File \"C:\\careertrojan\\.venv\\Lib\\site-packages\\starlette\\middleware\\base.py\", line 149, in coro\n    |     await self.app(scope, receive_or_disconnect, send_no_error)\n    |   File \"C:\\careertrojan\\.venv\\Lib\\site-packages\\starlette\\middleware\\cors.py\", line 85, in __call__\n    |     await self.app(scope, receive, send)\n    |   File \"C:\\careertrojan\\.venv\\Lib\\site-packages\\starlette\\middleware\\exceptions.py\", line 62, in __call__\n    |     await wrap_app_handling_exceptions(self.app, conn)(scope, receive, send)\n    |   File \"C:\\careertrojan\\.venv\\Lib\\site-packages\\starlette\\_exception_handler.py\", line 62, in wrapped_app\n    |     raise exc\n    |   File \"C:\\careertrojan\\.venv\\Lib\\site-packages\\starlette\\_exception_handler.py\", line 51, in wrapped_app\n    |     await app(scope, receive, sender)\n    |   File \"C:\\careertrojan\\.venv\\Lib\\site-packages\\fastapi\\middleware\\asyncexitstack.py\", line 18, in __call__\n    |     await self.app(scope, receive, send)\n    |   File \"C:\\careertrojan\\.venv\\Lib\\site-packages\\starlette\\routing.py\", line 715, in __call__\n    |     await self.middleware_stack(scope, receive, send)\n    |   File \"C:\\careertrojan\\.venv\\Lib\\site-packages\\starlette\\routing.py\", line 735, in app\n    |     await route.handle(scope, receive, send)\n    |   File \"C:\\careertrojan\\.venv\\Lib\\site-packages\\starlette\\routing.py\", line 288, in handle\n    |     await self.app(scope, receive, send)\n    |   File \"C:\\careertrojan\\.venv\\Lib\\site-packages\\fastapi\\routing.py\", line 119, in app\n    |     await wrap_app_handling_exceptions(app, request)(scope, receive, send)\n    |   File \"C:\\careertrojan\\.venv\\Lib\\site-packages\\starlette\\_exception_handler.py\", line 62, in wrapped_app\n    |     raise exc\n    |   File \"C:\\careertrojan\\.venv\\Lib\\site-packages\\starlette\\_exception_handler.py\", line 51, in wrapped_app\n    |     await app(scope, receive, sender)\n    |   File \"C:\\careertrojan\\.venv\\Lib\\site-packages\\fastapi\\routing.py\", line 105, in app\n    |     response = await f(request)\n    |                ^^^^^^^^^^^^^^^^\n    |   File \"C:\\careertrojan\\.venv\\Lib\\site-packages\\fastapi\\routing.py\", line 424, in app\n    |     raw_response = await run_endpoint_function(\n    |                    ^^^^^^^^^^^^^^^^^^^^^^^^^^^^\n    |   File \"C:\\careertrojan\\.venv\\Lib\\site-packages\\fastapi\\routing.py\", line 312, in run_endpoint_function\n    |     return await dependant.call(**values)\n    |            ^^^^^^^^^^^^^^^^^^^^^^^^^^^^^^\n    |   File \"C:\\careertrojan\\services\\backend_api\\routers\\payment.py\", line 215, in get_plans\n    |     user_id = _get_user_id_from_token()\n    |               ^^^^^^^^^^^^^^^^^^^^^^^^^\n    |   File \"C:\\careertrojan\\services\\backend_api\\routers\\payment.py\", line 164, in _get_user_id_from_token\n    |     return str(current_user.id)\n    |                ^^^^^^^^^^^^^^^\n    | AttributeError: 'Depends' object has no attribute 'id'\n    +------------------------------------\n\nDuring handling of the above exception, another exception occurred:\n\nTraceback (most recent call last):\n  File \"C:\\careertrojan\\.venv\\Lib\\site-packages\\starlette\\middleware\\errors.py\", line 165, in __call__\n    await self.app(scope, receive, _send)\n  File \"C:\\careertrojan\\.venv\\Lib\\site-packages\\starlette\\middleware\\base.py\", line 185, in __call__\n    with collapse_excgroups():\n  File \"J:\\Python311\\Lib\\contextlib.py\", line 158, in __exit__\n    self.gen.throw(typ, value, traceback)\n  File \"C:\\careertrojan\\.venv\\Lib\\site-packages\\starlette\\_utils.py\", line 83, in collapse_excgroups\n    raise exc\n  File \"C:\\careertrojan\\.venv\\Lib\\site-packages\\starlette\\middleware\\base.py\", line 187, in __call__\n    response = await self.dispatch_func(request, call_next)\n               ^^^^^^^^^^^^^^^^^^^^^^^^^^^^^^^^^^^^^^^^^^^^\n  File \"C:\\careertrojan\\services\\backend_api\\middleware\\rate_limiter.py\", line 83, in dispatch\n    return await call_next(request)\n           ^^^^^^^^^^^^^^^^^^^^^^^^\n  File \"C:\\careertrojan\\.venv\\Lib\\site-packages\\starlette\\middleware\\base.py\", line 163, in call_next\n    raise app_exc\n  File \"C:\\careertrojan\\.venv\\Lib\\site-packages\\starlette\\middleware\\base.py\", line 149, in coro\n    await self.app(scope, receive_or_disconnect, send_no_error)\n  File \"C:\\careertrojan\\.venv\\Lib\\site-packages\\starlette\\middleware\\base.py\", line 185, in __call__\n    with collapse_excgroups():\n  File \"J:\\Python311\\Lib\\contextlib.py\", line 158, in __exit__\n    self.gen.throw(typ, value, traceback)\n  File \"C:\\careertrojan\\.venv\\Lib\\site-packages\\starlette\\_utils.py\", line 83, in collapse_excgroups\n    raise exc\n  File \"C:\\careertrojan\\.venv\\Lib\\site-packages\\starlette\\middleware\\base.py\", line 187, in __call__\n    response = await self.dispatch_func(request, call_next)\n               ^^^^^^^^^^^^^^^^^^^^^^^^^^^^^^^^^^^^^^^^^^^^\n  File \"C:\\careertrojan\\services\\backend_api\\middleware\\interaction_logger.py\", line 151, in dispatch\n    response: Response = await call_next(request)\n                         ^^^^^^^^^^^^^^^^^^^^^^^^\n  File \"C:\\careertrojan\\.venv\\Lib\\site-packages\\starlette\\middleware\\base.py\", line 163, in call_next\n    raise app_exc\n  File \"C:\\careertrojan\\.venv\\Lib\\site-packages\\starlette\\middleware\\base.py\", line 149, in coro\n    await self.app(scope, receive_or_disconnect, send_no_error)\n  File \"C:\\careertrojan\\.venv\\Lib\\site-packages\\starlette\\middleware\\base.py\", line 185, in __call__\n    with collapse_excgroups():\n  File \"J:\\Python311\\Lib\\contextlib.py\", line 158, in __exit__\n    self.gen.throw(typ, value, traceback)\n  File \"C:\\careertrojan\\.venv\\Lib\\site-packages\\starlette\\_utils.py\", line 83, in collapse_excgroups\n    raise exc\n  File \"C:\\careertrojan\\.venv\\Lib\\site-packages\\starlette\\middleware\\base.py\", line 187, in __call__\n    response = await self.dispatch_func(request, call_next)\n               ^^^^^^^^^^^^^^^^^^^^^^^^^^^^^^^^^^^^^^^^^^^^\n  File \"C:\\careertrojan\\services\\backend_api\\middleware\\request_correlation.py\", line 38, in dispatch\n    response = await call_next(request)\n               ^^^^^^^^^^^^^^^^^^^^^^^^\n  File \"C:\\careertrojan\\.venv\\Lib\\site-packages\\starlette\\middleware\\base.py\", line 163, in call_next\n    raise app_exc\n  File \"C:\\careertrojan\\.venv\\Lib\\site-packages\\starlette\\middleware\\base.py\", line 149, in coro\n    await self.app(scope, receive_or_disconnect, send_no_error)\n  File \"C:\\careertrojan\\.venv\\Lib\\site-packages\\starlette\\middleware\\cors.py\", line 85, in __call__\n    await self.app(scope, receive, send)\n  File \"C:\\careertrojan\\.venv\\Lib\\site-packages\\starlette\\middleware\\exceptions.py\", line 62, in __call__\n    await wrap_app_handling_exceptions(self.app, conn)(scope, receive, send)\n  File \"C:\\careertrojan\\.venv\\Lib\\site-packages\\starlette\\_exception_handler.py\", line 62, in wrapped_app\n    raise exc\n  File \"C:\\careertrojan\\.venv\\Lib\\site-packages\\starlette\\_exception_handler.py\", line 51, in wrapped_app\n    await app(scope, receive, sender)\n  File \"C:\\careertrojan\\.venv\\Lib\\site-packages\\fastapi\\middleware\\asyncexitstack.py\", line 18, in __call__\n    await self.app(scope, receive, send)\n  File \"C:\\careertrojan\\.venv\\Lib\\site-packages\\starlette\\routing.py\", line 715, in __call__\n    await self.middleware_stack(scope, receive, send)\n  File \"C:\\careertrojan\\.venv\\Lib\\site-packages\\starlette\\routing.py\", line 735, in app\n    await route.handle(scope, receive, send)\n  File \"C:\\careertrojan\\.venv\\Lib\\site-packages\\starlette\\routing.py\", line 288, in handle\n    await self.app(scope, receive, send)\n  File \"C:\\careertrojan\\.venv\\Lib\\site-packages\\fastapi\\routing.py\", line 119, in app\n    await wrap_app_handling_exceptions(app, request)(scope, receive, send)\n  File \"C:\\careertrojan\\.venv\\Lib\\site-packages\\starlette\\_exception_handler.py\", line 62, in wrapped_app\n    raise exc\n  File \"C:\\careertrojan\\.venv\\Lib\\site-packages\\starlette\\_exception_handler.py\", line 51, in wrapped_app\n    await app(scope, receive, sender)\n  File \"C:\\careertrojan\\.venv\\Lib\\site-packages\\fastapi\\routing.py\", line 105, in app\n    response = await f(request)\n               ^^^^^^^^^^^^^^^^\n  File \"C:\\careertrojan\\.venv\\Lib\\site-packages\\fastapi\\routing.py\", line 424, in app\n    raw_response = await run_endpoint_function(\n                   ^^^^^^^^^^^^^^^^^^^^^^^^^^^^\n  File \"C:\\careertrojan\\.venv\\Lib\\site-packages\\fastapi\\routing.py\", line 312, in run_endpoint_function\n    return await dependant.call(**values)\n           ^^^^^^^^^^^^^^^^^^^^^^^^^^^^^^\n  File \"C:\\careertrojan\\services\\backend_api\\routers\\payment.py\", line 215, in get_plans\n    user_id = _get_user_id_from_token()\n              ^^^^^^^^^^^^^^^^^^^^^^^^^\n  File \"C:\\careertrojan\\services\\backend_api\\routers\\payment.py\", line 164, in _get_user_id_from_token\n    return str(current_user.id)\n               ^^^^^^^^^^^^^^^\nAttributeError: 'Depends' object has no attribute 'id'\n"}
------------------------------ Captured log call ------------------------------
INFO     request:request_correlation.py:36 {'event': 'request_started', 'path': '/api/payment/v1/plans', 'method': 'GET', 'request_id': '6c27e6ab-290', 'level': 'info', 'logger': 'request', 'timestamp': '2026-02-27T11:47:40.975182Z'}
ERROR    services.backend_api.utils.error_handlers:error_handlers.py:192 Unhandled exception [request_id=None] AttributeError: 'Depends' object has no attribute 'id'
  + Exception Group Traceback (most recent call last):
  |   File "C:\careertrojan\.venv\Lib\site-packages\starlette\_utils.py", line 77, in collapse_excgroups
  |     yield
  |   File "C:\careertrojan\.venv\Lib\site-packages\starlette\middleware\base.py", line 186, in __call__
  |     async with anyio.create_task_group() as task_group:
  |   File "C:\careertrojan\.venv\Lib\site-packages\anyio\_backends\_asyncio.py", line 783, in __aexit__
  |     raise BaseExceptionGroup(
  | ExceptionGroup: unhandled errors in a TaskGroup (1 sub-exception)
  +-+---------------- 1 ----------------
    | Traceback (most recent call last):
    |   File "C:\careertrojan\.venv\Lib\site-packages\starlette\middleware\errors.py", line 165, in __call__
    |     await self.app(scope, receive, _send)
    |   File "C:\careertrojan\.venv\Lib\site-packages\starlette\middleware\base.py", line 185, in __call__
    |     with collapse_excgroups():
    |   File "J:\Python311\Lib\contextlib.py", line 158, in __exit__
    |     self.gen.throw(typ, value, traceback)
    |   File "C:\careertrojan\.venv\Lib\site-packages\starlette\_utils.py", line 83, in collapse_excgroups
    |     raise exc
    |   File "C:\careertrojan\.venv\Lib\site-packages\starlette\middleware\base.py", line 187, in __call__
    |     response = await self.dispatch_func(request, call_next)
    |                ^^^^^^^^^^^^^^^^^^^^^^^^^^^^^^^^^^^^^^^^^^^^
    |   File "C:\careertrojan\services\backend_api\middleware\rate_limiter.py", line 83, in dispatch
    |     return await call_next(request)
    |            ^^^^^^^^^^^^^^^^^^^^^^^^
    |   File "C:\careertrojan\.venv\Lib\site-packages\starlette\middleware\base.py", line 163, in call_next
    |     raise app_exc
    |   File "C:\careertrojan\.venv\Lib\site-packages\starlette\middleware\base.py", line 149, in coro
    |     await self.app(scope, receive_or_disconnect, send_no_error)
    |   File "C:\careertrojan\.venv\Lib\site-packages\starlette\middleware\base.py", line 185, in __call__
    |     with collapse_excgroups():
    |   File "J:\Python311\Lib\contextlib.py", line 158, in __exit__
    |     self.gen.throw(typ, value, traceback)
    |   File "C:\careertrojan\.venv\Lib\site-packages\starlette\_utils.py", line 83, in collapse_excgroups
    |     raise exc
    |   File "C:\careertrojan\.venv\Lib\site-packages\starlette\middleware\base.py", line 187, in __call__
    |     response = await self.dispatch_func(request, call_next)
    |                ^^^^^^^^^^^^^^^^^^^^^^^^^^^^^^^^^^^^^^^^^^^^
    |   File "C:\careertrojan\services\backend_api\middleware\interaction_logger.py", line 151, in dispatch
    |     response: Response = await call_next(request)
    |                          ^^^^^^^^^^^^^^^^^^^^^^^^
    |   File "C:\careertrojan\.venv\Lib\site-packages\starlette\middleware\base.py", line 163, in call_next
    |     raise app_exc
    |   File "C:\careertrojan\.venv\Lib\site-packages\starlette\middleware\base.py", line 149, in coro
    |     await self.app(scope, receive_or_disconnect, send_no_error)
    |   File "C:\careertrojan\.venv\Lib\site-packages\starlette\middleware\base.py", line 185, in __call__
    |     with collapse_excgroups():
    |   File "J:\Python311\Lib\contextlib.py", line 158, in __exit__
    |     self.gen.throw(typ, value, traceback)
    |   File "C:\careertrojan\.venv\Lib\site-packages\starlette\_utils.py", line 83, in collapse_excgroups
    |     raise exc
    |   File "C:\careertrojan\.venv\Lib\site-packages\starlette\middleware\base.py", line 187, in __call__
    |     response = await self.dispatch_func(request, call_next)
    |                ^^^^^^^^^^^^^^^^^^^^^^^^^^^^^^^^^^^^^^^^^^^^
    |   File "C:\careertrojan\services\backend_api\middleware\request_correlation.py", line 38, in dispatch
    |     response = await call_next(request)
    |                ^^^^^^^^^^^^^^^^^^^^^^^^
    |   File "C:\careertrojan\.venv\Lib\site-packages\starlette\middleware\base.py", line 163, in call_next
    |     raise app_exc
    |   File "C:\careertrojan\.venv\Lib\site-packages\starlette\middleware\base.py", line 149, in coro
    |     await self.app(scope, receive_or_disconnect, send_no_error)
    |   File "C:\careertrojan\.venv\Lib\site-packages\starlette\middleware\cors.py", line 85, in __call__
    |     await self.app(scope, receive, send)
    |   File "C:\careertrojan\.venv\Lib\site-packages\starlette\middleware\exceptions.py", line 62, in __call__
    |     await wrap_app_handling_exceptions(self.app, conn)(scope, receive, send)
    |   File "C:\careertrojan\.venv\Lib\site-packages\starlette\_exception_handler.py", line 62, in wrapped_app
    |     raise exc
    |   File "C:\careertrojan\.venv\Lib\site-packages\starlette\_exception_handler.py", line 51, in wrapped_app
    |     await app(scope, receive, sender)
    |   File "C:\careertrojan\.venv\Lib\site-packages\fastapi\middleware\asyncexitstack.py", line 18, in __call__
    |     await self.app(scope, receive, send)
    |   File "C:\careertrojan\.venv\Lib\site-packages\starlette\routing.py", line 715, in __call__
    |     await self.middleware_stack(scope, receive, send)
    |   File "C:\careertrojan\.venv\Lib\site-packages\starlette\routing.py", line 735, in app
    |     await route.handle(scope, receive, send)
    |   File "C:\careertrojan\.venv\Lib\site-packages\starlette\routing.py", line 288, in handle
    |     await self.app(scope, receive, send)
    |   File "C:\careertrojan\.venv\Lib\site-packages\fastapi\routing.py", line 119, in app
    |     await wrap_app_handling_exceptions(app, request)(scope, receive, send)
    |   File "C:\careertrojan\.venv\Lib\site-packages\starlette\_exception_handler.py", line 62, in wrapped_app
    |     raise exc
    |   File "C:\careertrojan\.venv\Lib\site-packages\starlette\_exception_handler.py", line 51, in wrapped_app
    |     await app(scope, receive, sender)
    |   File "C:\careertrojan\.venv\Lib\site-packages\fastapi\routing.py", line 105, in app
    |     response = await f(request)
    |                ^^^^^^^^^^^^^^^^
    |   File "C:\careertrojan\.venv\Lib\site-packages\fastapi\routing.py", line 424, in app
    |     raw_response = await run_endpoint_function(
    |                    ^^^^^^^^^^^^^^^^^^^^^^^^^^^^
    |   File "C:\careertrojan\.venv\Lib\site-packages\fastapi\routing.py", line 312, in run_endpoint_function
    |     return await dependant.call(**values)
    |            ^^^^^^^^^^^^^^^^^^^^^^^^^^^^^^
    |   File "C:\careertrojan\services\backend_api\routers\payment.py", line 215, in get_plans
    |     user_id = _get_user_id_from_token()
    |               ^^^^^^^^^^^^^^^^^^^^^^^^^
    |   File "C:\careertrojan\services\backend_api\routers\payment.py", line 164, in _get_user_id_from_token
    |     return str(current_user.id)
    |                ^^^^^^^^^^^^^^^
    | AttributeError: 'Depends' object has no attribute 'id'
    +------------------------------------

During handling of the above exception, another exception occurred:

Traceback (most recent call last):
  File "C:\careertrojan\.venv\Lib\site-packages\starlette\middleware\errors.py", line 165, in __call__
    await self.app(scope, receive, _send)
  File "C:\careertrojan\.venv\Lib\site-packages\starlette\middleware\base.py", line 185, in __call__
    with collapse_excgroups():
  File "J:\Python311\Lib\contextlib.py", line 158, in __exit__
    self.gen.throw(typ, value, traceback)
  File "C:\careertrojan\.venv\Lib\site-packages\starlette\_utils.py", line 83, in collapse_excgroups
    raise exc
  File "C:\careertrojan\.venv\Lib\site-packages\starlette\middleware\base.py", line 187, in __call__
    response = await self.dispatch_func(request, call_next)
               ^^^^^^^^^^^^^^^^^^^^^^^^^^^^^^^^^^^^^^^^^^^^
  File "C:\careertrojan\services\backend_api\middleware\rate_limiter.py", line 83, in dispatch
    return await call_next(request)
           ^^^^^^^^^^^^^^^^^^^^^^^^
  File "C:\careertrojan\.venv\Lib\site-packages\starlette\middleware\base.py", line 163, in call_next
    raise app_exc
  File "C:\careertrojan\.venv\Lib\site-packages\starlette\middleware\base.py", line 149, in coro
    await self.app(scope, receive_or_disconnect, send_no_error)
  File "C:\careertrojan\.venv\Lib\site-packages\starlette\middleware\base.py", line 185, in __call__
    with collapse_excgroups():
  File "J:\Python311\Lib\contextlib.py", line 158, in __exit__
    self.gen.throw(typ, value, traceback)
  File "C:\careertrojan\.venv\Lib\site-packages\starlette\_utils.py", line 83, in collapse_excgroups
    raise exc
  File "C:\careertrojan\.venv\Lib\site-packages\starlette\middleware\base.py", line 187, in __call__
    response = await self.dispatch_func(request, call_next)
               ^^^^^^^^^^^^^^^^^^^^^^^^^^^^^^^^^^^^^^^^^^^^
  File "C:\careertrojan\services\backend_api\middleware\interaction_logger.py", line 151, in dispatch
    response: Response = await call_next(request)
                         ^^^^^^^^^^^^^^^^^^^^^^^^
  File "C:\careertrojan\.venv\Lib\site-packages\starlette\middleware\base.py", line 163, in call_next
    raise app_exc
  File "C:\careertrojan\.venv\Lib\site-packages\starlette\middleware\base.py", line 149, in coro
    await self.app(scope, receive_or_disconnect, send_no_error)
  File "C:\careertrojan\.venv\Lib\site-packages\starlette\middleware\base.py", line 185, in __call__
    with collapse_excgroups():
  File "J:\Python311\Lib\contextlib.py", line 158, in __exit__
    self.gen.throw(typ, value, traceback)
  File "C:\careertrojan\.venv\Lib\site-packages\starlette\_utils.py", line 83, in collapse_excgroups
    raise exc
  File "C:\careertrojan\.venv\Lib\site-packages\starlette\middleware\base.py", line 187, in __call__
    response = await self.dispatch_func(request, call_next)
               ^^^^^^^^^^^^^^^^^^^^^^^^^^^^^^^^^^^^^^^^^^^^
  File "C:\careertrojan\services\backend_api\middleware\request_correlation.py", line 38, in dispatch
    response = await call_next(request)
               ^^^^^^^^^^^^^^^^^^^^^^^^
  File "C:\careertrojan\.venv\Lib\site-packages\starlette\middleware\base.py", line 163, in call_next
    raise app_exc
  File "C:\careertrojan\.venv\Lib\site-packages\starlette\middleware\base.py", line 149, in coro
    await self.app(scope, receive_or_disconnect, send_no_error)
  File "C:\careertrojan\.venv\Lib\site-packages\starlette\middleware\cors.py", line 85, in __call__
    await self.app(scope, receive, send)
  File "C:\careertrojan\.venv\Lib\site-packages\starlette\middleware\exceptions.py", line 62, in __call__
    await wrap_app_handling_exceptions(self.app, conn)(scope, receive, send)
  File "C:\careertrojan\.venv\Lib\site-packages\starlette\_exception_handler.py", line 62, in wrapped_app
    raise exc
  File "C:\careertrojan\.venv\Lib\site-packages\starlette\_exception_handler.py", line 51, in wrapped_app
    await app(scope, receive, sender)
  File "C:\careertrojan\.venv\Lib\site-packages\fastapi\middleware\asyncexitstack.py", line 18, in __call__
    await self.app(scope, receive, send)
  File "C:\careertrojan\.venv\Lib\site-packages\starlette\routing.py", line 715, in __call__
    await self.middleware_stack(scope, receive, send)
  File "C:\careertrojan\.venv\Lib\site-packages\starlette\routing.py", line 735, in app
    await route.handle(scope, receive, send)
  File "C:\careertrojan\.venv\Lib\site-packages\starlette\routing.py", line 288, in handle
    await self.app(scope, receive, send)
  File "C:\careertrojan\.venv\Lib\site-packages\fastapi\routing.py", line 119, in app
    await wrap_app_handling_exceptions(app, request)(scope, receive, send)
  File "C:\careertrojan\.venv\Lib\site-packages\starlette\_exception_handler.py", line 62, in wrapped_app
    raise exc
  File "C:\careertrojan\.venv\Lib\site-packages\starlette\_exception_handler.py", line 51, in wrapped_app
    await app(scope, receive, sender)
  File "C:\careertrojan\.venv\Lib\site-packages\fastapi\routing.py", line 105, in app
    response = await f(request)
               ^^^^^^^^^^^^^^^^
  File "C:\careertrojan\.venv\Lib\site-packages\fastapi\routing.py", line 424, in app
    raw_response = await run_endpoint_function(
                   ^^^^^^^^^^^^^^^^^^^^^^^^^^^^
  File "C:\careertrojan\.venv\Lib\site-packages\fastapi\routing.py", line 312, in run_endpoint_function
    return await dependant.call(**values)
           ^^^^^^^^^^^^^^^^^^^^^^^^^^^^^^
  File "C:\careertrojan\services\backend_api\routers\payment.py", line 215, in get_plans
    user_id = _get_user_id_from_token()
              ^^^^^^^^^^^^^^^^^^^^^^^^^
  File "C:\careertrojan\services\backend_api\routers\payment.py", line 164, in _get_user_id_from_token
    return str(current_user.id)
               ^^^^^^^^^^^^^^^
AttributeError: 'Depends' object has no attribute 'id'
C:\careertrojan\tests\unit\test_braintree.py:119: assert 500 == 200
E   assert 500 == 200
     +  where 500 = <Response [500 Internal Server Error]>.status_code
---------------------------- Captured stdout call -----------------------------
{"event": "request_started", "path": "/api/payment/v1/process", "method": "POST", "request_id": "7a482a04-b3c", "level": "info", "logger": "request", "timestamp": "2026-02-27T11:47:41.061226Z"}
{"event": "Unhandled exception [request_id=None] AttributeError: 'Depends' object has no attribute 'id'\n  + Exception Group Traceback (most recent call last):\n  |   File \"C:\\careertrojan\\.venv\\Lib\\site-packages\\starlette\\_utils.py\", line 77, in collapse_excgroups\n  |     yield\n  |   File \"C:\\careertrojan\\.venv\\Lib\\site-packages\\starlette\\middleware\\base.py\", line 186, in __call__\n  |     async with anyio.create_task_group() as task_group:\n  |   File \"C:\\careertrojan\\.venv\\Lib\\site-packages\\anyio\\_backends\\_asyncio.py\", line 783, in __aexit__\n  |     raise BaseExceptionGroup(\n  | ExceptionGroup: unhandled errors in a TaskGroup (1 sub-exception)\n  +-+---------------- 1 ----------------\n    | Traceback (most recent call last):\n    |   File \"C:\\careertrojan\\.venv\\Lib\\site-packages\\starlette\\middleware\\errors.py\", line 165, in __call__\n    |     await self.app(scope, receive, _send)\n    |   File \"C:\\careertrojan\\.venv\\Lib\\site-packages\\starlette\\middleware\\base.py\", line 185, in __call__\n    |     with collapse_excgroups():\n    |   File \"J:\\Python311\\Lib\\contextlib.py\", line 158, in __exit__\n    |     self.gen.throw(typ, value, traceback)\n    |   File \"C:\\careertrojan\\.venv\\Lib\\site-packages\\starlette\\_utils.py\", line 83, in collapse_excgroups\n    |     raise exc\n    |   File \"C:\\careertrojan\\.venv\\Lib\\site-packages\\starlette\\middleware\\base.py\", line 187, in __call__\n    |     response = await self.dispatch_func(request, call_next)\n    |                ^^^^^^^^^^^^^^^^^^^^^^^^^^^^^^^^^^^^^^^^^^^^\n    |   File \"C:\\careertrojan\\services\\backend_api\\middleware\\rate_limiter.py\", line 83, in dispatch\n    |     return await call_next(request)\n    |            ^^^^^^^^^^^^^^^^^^^^^^^^\n    |   File \"C:\\careertrojan\\.venv\\Lib\\site-packages\\starlette\\middleware\\base.py\", line 163, in call_next\n    |     raise app_exc\n    |   File \"C:\\careertrojan\\.venv\\Lib\\site-packages\\starlette\\middleware\\base.py\", line 149, in coro\n    |     await self.app(scope, receive_or_disconnect, send_no_error)\n    |   File \"C:\\careertrojan\\.venv\\Lib\\site-packages\\starlette\\middleware\\base.py\", line 185, in __call__\n    |     with collapse_excgroups():\n    |   File \"J:\\Python311\\Lib\\contextlib.py\", line 158, in __exit__\n    |     self.gen.throw(typ, value, traceback)\n    |   File \"C:\\careertrojan\\.venv\\Lib\\site-packages\\starlette\\_utils.py\", line 83, in collapse_excgroups\n    |     raise exc\n    |   File \"C:\\careertrojan\\.venv\\Lib\\site-packages\\starlette\\middleware\\base.py\", line 187, in __call__\n    |     response = await self.dispatch_func(request, call_next)\n    |                ^^^^^^^^^^^^^^^^^^^^^^^^^^^^^^^^^^^^^^^^^^^^\n    |   File \"C:\\careertrojan\\services\\backend_api\\middleware\\interaction_logger.py\", line 151, in dispatch\n    |     response: Response = await call_next(request)\n    |                          ^^^^^^^^^^^^^^^^^^^^^^^^\n    |   File \"C:\\careertrojan\\.venv\\Lib\\site-packages\\starlette\\middleware\\base.py\", line 163, in call_next\n    |     raise app_exc\n    |   File \"C:\\careertrojan\\.venv\\Lib\\site-packages\\starlette\\middleware\\base.py\", line 149, in coro\n    |     await self.app(scope, receive_or_disconnect, send_no_error)\n    |   File \"C:\\careertrojan\\.venv\\Lib\\site-packages\\starlette\\middleware\\base.py\", line 185, in __call__\n    |     with collapse_excgroups():\n    |   File \"J:\\Python311\\Lib\\contextlib.py\", line 158, in __exit__\n    |     self.gen.throw(typ, value, traceback)\n    |   File \"C:\\careertrojan\\.venv\\Lib\\site-packages\\starlette\\_utils.py\", line 83, in collapse_excgroups\n    |     raise exc\n    |   File \"C:\\careertrojan\\.venv\\Lib\\site-packages\\starlette\\middleware\\base.py\", line 187, in __call__\n    |     response = await self.dispatch_func(request, call_next)\n    |                ^^^^^^^^^^^^^^^^^^^^^^^^^^^^^^^^^^^^^^^^^^^^\n    |   File \"C:\\careertrojan\\services\\backend_api\\middleware\\request_correlation.py\", line 38, in dispatch\n    |     response = await call_next(request)\n    |                ^^^^^^^^^^^^^^^^^^^^^^^^\n    |   File \"C:\\careertrojan\\.venv\\Lib\\site-packages\\starlette\\middleware\\base.py\", line 163, in call_next\n    |     raise app_exc\n    |   File \"C:\\careertrojan\\.venv\\Lib\\site-packages\\starlette\\middleware\\base.py\", line 149, in coro\n    |     await self.app(scope, receive_or_disconnect, send_no_error)\n    |   File \"C:\\careertrojan\\.venv\\Lib\\site-packages\\starlette\\middleware\\cors.py\", line 85, in __call__\n    |     await self.app(scope, receive, send)\n    |   File \"C:\\careertrojan\\.venv\\Lib\\site-packages\\starlette\\middleware\\exceptions.py\", line 62, in __call__\n    |     await wrap_app_handling_exceptions(self.app, conn)(scope, receive, send)\n    |   File \"C:\\careertrojan\\.venv\\Lib\\site-packages\\starlette\\_exception_handler.py\", line 62, in wrapped_app\n    |     raise exc\n    |   File \"C:\\careertrojan\\.venv\\Lib\\site-packages\\starlette\\_exception_handler.py\", line 51, in wrapped_app\n    |     await app(scope, receive, sender)\n    |   File \"C:\\careertrojan\\.venv\\Lib\\site-packages\\fastapi\\middleware\\asyncexitstack.py\", line 18, in __call__\n    |     await self.app(scope, receive, send)\n    |   File \"C:\\careertrojan\\.venv\\Lib\\site-packages\\starlette\\routing.py\", line 715, in __call__\n    |     await self.middleware_stack(scope, receive, send)\n    |   File \"C:\\careertrojan\\.venv\\Lib\\site-packages\\starlette\\routing.py\", line 735, in app\n    |     await route.handle(scope, receive, send)\n    |   File \"C:\\careertrojan\\.venv\\Lib\\site-packages\\starlette\\routing.py\", line 288, in handle\n    |     await self.app(scope, receive, send)\n    |   File \"C:\\careertrojan\\.venv\\Lib\\site-packages\\fastapi\\routing.py\", line 119, in app\n    |     await wrap_app_handling_exceptions(app, request)(scope, receive, send)\n    |   File \"C:\\careertrojan\\.venv\\Lib\\site-packages\\starlette\\_exception_handler.py\", line 62, in wrapped_app\n    |     raise exc\n    |   File \"C:\\careertrojan\\.venv\\Lib\\site-packages\\starlette\\_exception_handler.py\", line 51, in wrapped_app\n    |     await app(scope, receive, sender)\n    |   File \"C:\\careertrojan\\.venv\\Lib\\site-packages\\fastapi\\routing.py\", line 105, in app\n    |     response = await f(request)\n    |                ^^^^^^^^^^^^^^^^\n    |   File \"C:\\careertrojan\\.venv\\Lib\\site-packages\\fastapi\\routing.py\", line 424, in app\n    |     raw_response = await run_endpoint_function(\n    |                    ^^^^^^^^^^^^^^^^^^^^^^^^^^^^\n    |   File \"C:\\careertrojan\\.venv\\Lib\\site-packages\\fastapi\\routing.py\", line 312, in run_endpoint_function\n    |     return await dependant.call(**values)\n    |            ^^^^^^^^^^^^^^^^^^^^^^^^^^^^^^\n    |   File \"C:\\careertrojan\\services\\backend_api\\routers\\payment.py\", line 247, in process_payment\n    |     user_id = _get_user_id_from_token()\n    |               ^^^^^^^^^^^^^^^^^^^^^^^^^\n    |   File \"C:\\careertrojan\\services\\backend_api\\routers\\payment.py\", line 164, in _get_user_id_from_token\n    |     return str(current_user.id)\n    |                ^^^^^^^^^^^^^^^\n    | AttributeError: 'Depends' object has no attribute 'id'\n    +------------------------------------\n\nDuring handling of the above exception, another exception occurred:\n\nTraceback (most recent call last):\n  File \"C:\\careertrojan\\.venv\\Lib\\site-packages\\starlette\\middleware\\errors.py\", line 165, in __call__\n    await self.app(scope, receive, _send)\n  File \"C:\\careertrojan\\.venv\\Lib\\site-packages\\starlette\\middleware\\base.py\", line 185, in __call__\n    with collapse_excgroups():\n  File \"J:\\Python311\\Lib\\contextlib.py\", line 158, in __exit__\n    self.gen.throw(typ, value, traceback)\n  File \"C:\\careertrojan\\.venv\\Lib\\site-packages\\starlette\\_utils.py\", line 83, in collapse_excgroups\n    raise exc\n  File \"C:\\careertrojan\\.venv\\Lib\\site-packages\\starlette\\middleware\\base.py\", line 187, in __call__\n    response = await self.dispatch_func(request, call_next)\n               ^^^^^^^^^^^^^^^^^^^^^^^^^^^^^^^^^^^^^^^^^^^^\n  File \"C:\\careertrojan\\services\\backend_api\\middleware\\rate_limiter.py\", line 83, in dispatch\n    return await call_next(request)\n           ^^^^^^^^^^^^^^^^^^^^^^^^\n  File \"C:\\careertrojan\\.venv\\Lib\\site-packages\\starlette\\middleware\\base.py\", line 163, in call_next\n    raise app_exc\n  File \"C:\\careertrojan\\.venv\\Lib\\site-packages\\starlette\\middleware\\base.py\", line 149, in coro\n    await self.app(scope, receive_or_disconnect, send_no_error)\n  File \"C:\\careertrojan\\.venv\\Lib\\site-packages\\starlette\\middleware\\base.py\", line 185, in __call__\n    with collapse_excgroups():\n  File \"J:\\Python311\\Lib\\contextlib.py\", line 158, in __exit__\n    self.gen.throw(typ, value, traceback)\n  File \"C:\\careertrojan\\.venv\\Lib\\site-packages\\starlette\\_utils.py\", line 83, in collapse_excgroups\n    raise exc\n  File \"C:\\careertrojan\\.venv\\Lib\\site-packages\\starlette\\middleware\\base.py\", line 187, in __call__\n    response = await self.dispatch_func(request, call_next)\n               ^^^^^^^^^^^^^^^^^^^^^^^^^^^^^^^^^^^^^^^^^^^^\n  File \"C:\\careertrojan\\services\\backend_api\\middleware\\interaction_logger.py\", line 151, in dispatch\n    response: Response = await call_next(request)\n                         ^^^^^^^^^^^^^^^^^^^^^^^^\n  File \"C:\\careertrojan\\.venv\\Lib\\site-packages\\starlette\\middleware\\base.py\", line 163, in call_next\n    raise app_exc\n  File \"C:\\careertrojan\\.venv\\Lib\\site-packages\\starlette\\middleware\\base.py\", line 149, in coro\n    await self.app(scope, receive_or_disconnect, send_no_error)\n  File \"C:\\careertrojan\\.venv\\Lib\\site-packages\\starlette\\middleware\\base.py\", line 185, in __call__\n    with collapse_excgroups():\n  File \"J:\\Python311\\Lib\\contextlib.py\", line 158, in __exit__\n    self.gen.throw(typ, value, traceback)\n  File \"C:\\careertrojan\\.venv\\Lib\\site-packages\\starlette\\_utils.py\", line 83, in collapse_excgroups\n    raise exc\n  File \"C:\\careertrojan\\.venv\\Lib\\site-packages\\starlette\\middleware\\base.py\", line 187, in __call__\n    response = await self.dispatch_func(request, call_next)\n               ^^^^^^^^^^^^^^^^^^^^^^^^^^^^^^^^^^^^^^^^^^^^\n  File \"C:\\careertrojan\\services\\backend_api\\middleware\\request_correlation.py\", line 38, in dispatch\n    response = await call_next(request)\n               ^^^^^^^^^^^^^^^^^^^^^^^^\n  File \"C:\\careertrojan\\.venv\\Lib\\site-packages\\starlette\\middleware\\base.py\", line 163, in call_next\n    raise app_exc\n  File \"C:\\careertrojan\\.venv\\Lib\\site-packages\\starlette\\middleware\\base.py\", line 149, in coro\n    await self.app(scope, receive_or_disconnect, send_no_error)\n  File \"C:\\careertrojan\\.venv\\Lib\\site-packages\\starlette\\middleware\\cors.py\", line 85, in __call__\n    await self.app(scope, receive, send)\n  File \"C:\\careertrojan\\.venv\\Lib\\site-packages\\starlette\\middleware\\exceptions.py\", line 62, in __call__\n    await wrap_app_handling_exceptions(self.app, conn)(scope, receive, send)\n  File \"C:\\careertrojan\\.venv\\Lib\\site-packages\\starlette\\_exception_handler.py\", line 62, in wrapped_app\n    raise exc\n  File \"C:\\careertrojan\\.venv\\Lib\\site-packages\\starlette\\_exception_handler.py\", line 51, in wrapped_app\n    await app(scope, receive, sender)\n  File \"C:\\careertrojan\\.venv\\Lib\\site-packages\\fastapi\\middleware\\asyncexitstack.py\", line 18, in __call__\n    await self.app(scope, receive, send)\n  File \"C:\\careertrojan\\.venv\\Lib\\site-packages\\starlette\\routing.py\", line 715, in __call__\n    await self.middleware_stack(scope, receive, send)\n  File \"C:\\careertrojan\\.venv\\Lib\\site-packages\\starlette\\routing.py\", line 735, in app\n    await route.handle(scope, receive, send)\n  File \"C:\\careertrojan\\.venv\\Lib\\site-packages\\starlette\\routing.py\", line 288, in handle\n    await self.app(scope, receive, send)\n  File \"C:\\careertrojan\\.venv\\Lib\\site-packages\\fastapi\\routing.py\", line 119, in app\n    await wrap_app_handling_exceptions(app, request)(scope, receive, send)\n  File \"C:\\careertrojan\\.venv\\Lib\\site-packages\\starlette\\_exception_handler.py\", line 62, in wrapped_app\n    raise exc\n  File \"C:\\careertrojan\\.venv\\Lib\\site-packages\\starlette\\_exception_handler.py\", line 51, in wrapped_app\n    await app(scope, receive, sender)\n  File \"C:\\careertrojan\\.venv\\Lib\\site-packages\\fastapi\\routing.py\", line 105, in app\n    response = await f(request)\n               ^^^^^^^^^^^^^^^^\n  File \"C:\\careertrojan\\.venv\\Lib\\site-packages\\fastapi\\routing.py\", line 424, in app\n    raw_response = await run_endpoint_function(\n                   ^^^^^^^^^^^^^^^^^^^^^^^^^^^^\n  File \"C:\\careertrojan\\.venv\\Lib\\site-packages\\fastapi\\routing.py\", line 312, in run_endpoint_function\n    return await dependant.call(**values)\n           ^^^^^^^^^^^^^^^^^^^^^^^^^^^^^^\n  File \"C:\\careertrojan\\services\\backend_api\\routers\\payment.py\", line 247, in process_payment\n    user_id = _get_user_id_from_token()\n              ^^^^^^^^^^^^^^^^^^^^^^^^^\n  File \"C:\\careertrojan\\services\\backend_api\\routers\\payment.py\", line 164, in _get_user_id_from_token\n    return str(current_user.id)\n               ^^^^^^^^^^^^^^^\nAttributeError: 'Depends' object has no attribute 'id'\n"}
------------------------------ Captured log call ------------------------------
INFO     request:request_correlation.py:36 {'event': 'request_started', 'path': '/api/payment/v1/process', 'method': 'POST', 'request_id': '7a482a04-b3c', 'level': 'info', 'logger': 'request', 'timestamp': '2026-02-27T11:47:41.061226Z'}
ERROR    services.backend_api.utils.error_handlers:error_handlers.py:192 Unhandled exception [request_id=None] AttributeError: 'Depends' object has no attribute 'id'
  + Exception Group Traceback (most recent call last):
  |   File "C:\careertrojan\.venv\Lib\site-packages\starlette\_utils.py", line 77, in collapse_excgroups
  |     yield
  |   File "C:\careertrojan\.venv\Lib\site-packages\starlette\middleware\base.py", line 186, in __call__
  |     async with anyio.create_task_group() as task_group:
  |   File "C:\careertrojan\.venv\Lib\site-packages\anyio\_backends\_asyncio.py", line 783, in __aexit__
  |     raise BaseExceptionGroup(
  | ExceptionGroup: unhandled errors in a TaskGroup (1 sub-exception)
  +-+---------------- 1 ----------------
    | Traceback (most recent call last):
    |   File "C:\careertrojan\.venv\Lib\site-packages\starlette\middleware\errors.py", line 165, in __call__
    |     await self.app(scope, receive, _send)
    |   File "C:\careertrojan\.venv\Lib\site-packages\starlette\middleware\base.py", line 185, in __call__
    |     with collapse_excgroups():
    |   File "J:\Python311\Lib\contextlib.py", line 158, in __exit__
    |     self.gen.throw(typ, value, traceback)
    |   File "C:\careertrojan\.venv\Lib\site-packages\starlette\_utils.py", line 83, in collapse_excgroups
    |     raise exc
    |   File "C:\careertrojan\.venv\Lib\site-packages\starlette\middleware\base.py", line 187, in __call__
    |     response = await self.dispatch_func(request, call_next)
    |                ^^^^^^^^^^^^^^^^^^^^^^^^^^^^^^^^^^^^^^^^^^^^
    |   File "C:\careertrojan\services\backend_api\middleware\rate_limiter.py", line 83, in dispatch
    |     return await call_next(request)
    |            ^^^^^^^^^^^^^^^^^^^^^^^^
    |   File "C:\careertrojan\.venv\Lib\site-packages\starlette\middleware\base.py", line 163, in call_next
    |     raise app_exc
    |   File "C:\careertrojan\.venv\Lib\site-packages\starlette\middleware\base.py", line 149, in coro
    |     await self.app(scope, receive_or_disconnect, send_no_error)
    |   File "C:\careertrojan\.venv\Lib\site-packages\starlette\middleware\base.py", line 185, in __call__
    |     with collapse_excgroups():
    |   File "J:\Python311\Lib\contextlib.py", line 158, in __exit__
    |     self.gen.throw(typ, value, traceback)
    |   File "C:\careertrojan\.venv\Lib\site-packages\starlette\_utils.py", line 83, in collapse_excgroups
    |     raise exc
    |   File "C:\careertrojan\.venv\Lib\site-packages\starlette\middleware\base.py", line 187, in __call__
    |     response = await self.dispatch_func(request, call_next)
    |                ^^^^^^^^^^^^^^^^^^^^^^^^^^^^^^^^^^^^^^^^^^^^
    |   File "C:\careertrojan\services\backend_api\middleware\interaction_logger.py", line 151, in dispatch
    |     response: Response = await call_next(request)
    |                          ^^^^^^^^^^^^^^^^^^^^^^^^
    |   File "C:\careertrojan\.venv\Lib\site-packages\starlette\middleware\base.py", line 163, in call_next
    |     raise app_exc
    |   File "C:\careertrojan\.venv\Lib\site-packages\starlette\middleware\base.py", line 149, in coro
    |     await self.app(scope, receive_or_disconnect, send_no_error)
    |   File "C:\careertrojan\.venv\Lib\site-packages\starlette\middleware\base.py", line 185, in __call__
    |     with collapse_excgroups():
    |   File "J:\Python311\Lib\contextlib.py", line 158, in __exit__
    |     self.gen.throw(typ, value, traceback)
    |   File "C:\careertrojan\.venv\Lib\site-packages\starlette\_utils.py", line 83, in collapse_excgroups
    |     raise exc
    |   File "C:\careertrojan\.venv\Lib\site-packages\starlette\middleware\base.py", line 187, in __call__
    |     response = await self.dispatch_func(request, call_next)
    |                ^^^^^^^^^^^^^^^^^^^^^^^^^^^^^^^^^^^^^^^^^^^^
    |   File "C:\careertrojan\services\backend_api\middleware\request_correlation.py", line 38, in dispatch
    |     response = await call_next(request)
    |                ^^^^^^^^^^^^^^^^^^^^^^^^
    |   File "C:\careertrojan\.venv\Lib\site-packages\starlette\middleware\base.py", line 163, in call_next
    |     raise app_exc
    |   File "C:\careertrojan\.venv\Lib\site-packages\starlette\middleware\base.py", line 149, in coro
    |     await self.app(scope, receive_or_disconnect, send_no_error)
    |   File "C:\careertrojan\.venv\Lib\site-packages\starlette\middleware\cors.py", line 85, in __call__
    |     await self.app(scope, receive, send)
    |   File "C:\careertrojan\.venv\Lib\site-packages\starlette\middleware\exceptions.py", line 62, in __call__
    |     await wrap_app_handling_exceptions(self.app, conn)(scope, receive, send)
    |   File "C:\careertrojan\.venv\Lib\site-packages\starlette\_exception_handler.py", line 62, in wrapped_app
    |     raise exc
    |   File "C:\careertrojan\.venv\Lib\site-packages\starlette\_exception_handler.py", line 51, in wrapped_app
    |     await app(scope, receive, sender)
    |   File "C:\careertrojan\.venv\Lib\site-packages\fastapi\middleware\asyncexitstack.py", line 18, in __call__
    |     await self.app(scope, receive, send)
    |   File "C:\careertrojan\.venv\Lib\site-packages\starlette\routing.py", line 715, in __call__
    |     await self.middleware_stack(scope, receive, send)
    |   File "C:\careertrojan\.venv\Lib\site-packages\starlette\routing.py", line 735, in app
    |     await route.handle(scope, receive, send)
    |   File "C:\careertrojan\.venv\Lib\site-packages\starlette\routing.py", line 288, in handle
    |     await self.app(scope, receive, send)
    |   File "C:\careertrojan\.venv\Lib\site-packages\fastapi\routing.py", line 119, in app
    |     await wrap_app_handling_exceptions(app, request)(scope, receive, send)
    |   File "C:\careertrojan\.venv\Lib\site-packages\starlette\_exception_handler.py", line 62, in wrapped_app
    |     raise exc
    |   File "C:\careertrojan\.venv\Lib\site-packages\starlette\_exception_handler.py", line 51, in wrapped_app
    |     await app(scope, receive, sender)
    |   File "C:\careertrojan\.venv\Lib\site-packages\fastapi\routing.py", line 105, in app
    |     response = await f(request)
    |                ^^^^^^^^^^^^^^^^
    |   File "C:\careertrojan\.venv\Lib\site-packages\fastapi\routing.py", line 424, in app
    |     raw_response = await run_endpoint_function(
    |                    ^^^^^^^^^^^^^^^^^^^^^^^^^^^^
    |   File "C:\careertrojan\.venv\Lib\site-packages\fastapi\routing.py", line 312, in run_endpoint_function
    |     return await dependant.call(**values)
    |            ^^^^^^^^^^^^^^^^^^^^^^^^^^^^^^
    |   File "C:\careertrojan\services\backend_api\routers\payment.py", line 247, in process_payment
    |     user_id = _get_user_id_from_token()
    |               ^^^^^^^^^^^^^^^^^^^^^^^^^
    |   File "C:\careertrojan\services\backend_api\routers\payment.py", line 164, in _get_user_id_from_token
    |     return str(current_user.id)
    |                ^^^^^^^^^^^^^^^
    | AttributeError: 'Depends' object has no attribute 'id'
    +------------------------------------

During handling of the above exception, another exception occurred:

Traceback (most recent call last):
  File "C:\careertrojan\.venv\Lib\site-packages\starlette\middleware\errors.py", line 165, in __call__
    await self.app(scope, receive, _send)
  File "C:\careertrojan\.venv\Lib\site-packages\starlette\middleware\base.py", line 185, in __call__
    with collapse_excgroups():
  File "J:\Python311\Lib\contextlib.py", line 158, in __exit__
    self.gen.throw(typ, value, traceback)
  File "C:\careertrojan\.venv\Lib\site-packages\starlette\_utils.py", line 83, in collapse_excgroups
    raise exc
  File "C:\careertrojan\.venv\Lib\site-packages\starlette\middleware\base.py", line 187, in __call__
    response = await self.dispatch_func(request, call_next)
               ^^^^^^^^^^^^^^^^^^^^^^^^^^^^^^^^^^^^^^^^^^^^
  File "C:\careertrojan\services\backend_api\middleware\rate_limiter.py", line 83, in dispatch
    return await call_next(request)
           ^^^^^^^^^^^^^^^^^^^^^^^^
  File "C:\careertrojan\.venv\Lib\site-packages\starlette\middleware\base.py", line 163, in call_next
    raise app_exc
  File "C:\careertrojan\.venv\Lib\site-packages\starlette\middleware\base.py", line 149, in coro
    await self.app(scope, receive_or_disconnect, send_no_error)
  File "C:\careertrojan\.venv\Lib\site-packages\starlette\middleware\base.py", line 185, in __call__
    with collapse_excgroups():
  File "J:\Python311\Lib\contextlib.py", line 158, in __exit__
    self.gen.throw(typ, value, traceback)
  File "C:\careertrojan\.venv\Lib\site-packages\starlette\_utils.py", line 83, in collapse_excgroups
    raise exc
  File "C:\careertrojan\.venv\Lib\site-packages\starlette\middleware\base.py", line 187, in __call__
    response = await self.dispatch_func(request, call_next)
               ^^^^^^^^^^^^^^^^^^^^^^^^^^^^^^^^^^^^^^^^^^^^
  File "C:\careertrojan\services\backend_api\middleware\interaction_logger.py", line 151, in dispatch
    response: Response = await call_next(request)
                         ^^^^^^^^^^^^^^^^^^^^^^^^
  File "C:\careertrojan\.venv\Lib\site-packages\starlette\middleware\base.py", line 163, in call_next
    raise app_exc
  File "C:\careertrojan\.venv\Lib\site-packages\starlette\middleware\base.py", line 149, in coro
    await self.app(scope, receive_or_disconnect, send_no_error)
  File "C:\careertrojan\.venv\Lib\site-packages\starlette\middleware\base.py", line 185, in __call__
    with collapse_excgroups():
  File "J:\Python311\Lib\contextlib.py", line 158, in __exit__
    self.gen.throw(typ, value, traceback)
  File "C:\careertrojan\.venv\Lib\site-packages\starlette\_utils.py", line 83, in collapse_excgroups
    raise exc
  File "C:\careertrojan\.venv\Lib\site-packages\starlette\middleware\base.py", line 187, in __call__
    response = await self.dispatch_func(request, call_next)
               ^^^^^^^^^^^^^^^^^^^^^^^^^^^^^^^^^^^^^^^^^^^^
  File "C:\careertrojan\services\backend_api\middleware\request_correlation.py", line 38, in dispatch
    response = await call_next(request)
               ^^^^^^^^^^^^^^^^^^^^^^^^
  File "C:\careertrojan\.venv\Lib\site-packages\starlette\middleware\base.py", line 163, in call_next
    raise app_exc
  File "C:\careertrojan\.venv\Lib\site-packages\starlette\middleware\base.py", line 149, in coro
    await self.app(scope, receive_or_disconnect, send_no_error)
  File "C:\careertrojan\.venv\Lib\site-packages\starlette\middleware\cors.py", line 85, in __call__
    await self.app(scope, receive, send)
  File "C:\careertrojan\.venv\Lib\site-packages\starlette\middleware\exceptions.py", line 62, in __call__
    await wrap_app_handling_exceptions(self.app, conn)(scope, receive, send)
  File "C:\careertrojan\.venv\Lib\site-packages\starlette\_exception_handler.py", line 62, in wrapped_app
    raise exc
  File "C:\careertrojan\.venv\Lib\site-packages\starlette\_exception_handler.py", line 51, in wrapped_app
    await app(scope, receive, sender)
  File "C:\careertrojan\.venv\Lib\site-packages\fastapi\middleware\asyncexitstack.py", line 18, in __call__
    await self.app(scope, receive, send)
  File "C:\careertrojan\.venv\Lib\site-packages\starlette\routing.py", line 715, in __call__
    await self.middleware_stack(scope, receive, send)
  File "C:\careertrojan\.venv\Lib\site-packages\starlette\routing.py", line 735, in app
    await route.handle(scope, receive, send)
  File "C:\careertrojan\.venv\Lib\site-packages\starlette\routing.py", line 288, in handle
    await self.app(scope, receive, send)
  File "C:\careertrojan\.venv\Lib\site-packages\fastapi\routing.py", line 119, in app
    await wrap_app_handling_exceptions(app, request)(scope, receive, send)
  File "C:\careertrojan\.venv\Lib\site-packages\starlette\_exception_handler.py", line 62, in wrapped_app
    raise exc
  File "C:\careertrojan\.venv\Lib\site-packages\starlette\_exception_handler.py", line 51, in wrapped_app
    await app(scope, receive, sender)
  File "C:\careertrojan\.venv\Lib\site-packages\fastapi\routing.py", line 105, in app
    response = await f(request)
               ^^^^^^^^^^^^^^^^
  File "C:\careertrojan\.venv\Lib\site-packages\fastapi\routing.py", line 424, in app
    raw_response = await run_endpoint_function(
                   ^^^^^^^^^^^^^^^^^^^^^^^^^^^^
  File "C:\careertrojan\.venv\Lib\site-packages\fastapi\routing.py", line 312, in run_endpoint_function
    return await dependant.call(**values)
           ^^^^^^^^^^^^^^^^^^^^^^^^^^^^^^
  File "C:\careertrojan\services\backend_api\routers\payment.py", line 247, in process_payment
    user_id = _get_user_id_from_token()
              ^^^^^^^^^^^^^^^^^^^^^^^^^
  File "C:\careertrojan\services\backend_api\routers\payment.py", line 164, in _get_user_id_from_token
    return str(current_user.id)
               ^^^^^^^^^^^^^^^
AttributeError: 'Depends' object has no attribute 'id'
C:\careertrojan\tests\unit\test_braintree.py:141: assert 500 == 200
E   assert 500 == 400
     +  where 500 = <Response [500 Internal Server Error]>.status_code
---------------------------- Captured stdout call -----------------------------
{"event": "request_started", "path": "/api/payment/v1/process", "method": "POST", "request_id": "cd87b9bf-e19", "level": "info", "logger": "request", "timestamp": "2026-02-27T11:47:41.082764Z"}
{"event": "Unhandled exception [request_id=None] AttributeError: 'Depends' object has no attribute 'id'\n  + Exception Group Traceback (most recent call last):\n  |   File \"C:\\careertrojan\\.venv\\Lib\\site-packages\\starlette\\_utils.py\", line 77, in collapse_excgroups\n  |     yield\n  |   File \"C:\\careertrojan\\.venv\\Lib\\site-packages\\starlette\\middleware\\base.py\", line 186, in __call__\n  |     async with anyio.create_task_group() as task_group:\n  |   File \"C:\\careertrojan\\.venv\\Lib\\site-packages\\anyio\\_backends\\_asyncio.py\", line 783, in __aexit__\n  |     raise BaseExceptionGroup(\n  | ExceptionGroup: unhandled errors in a TaskGroup (1 sub-exception)\n  +-+---------------- 1 ----------------\n    | Traceback (most recent call last):\n    |   File \"C:\\careertrojan\\.venv\\Lib\\site-packages\\starlette\\middleware\\errors.py\", line 165, in __call__\n    |     await self.app(scope, receive, _send)\n    |   File \"C:\\careertrojan\\.venv\\Lib\\site-packages\\starlette\\middleware\\base.py\", line 185, in __call__\n    |     with collapse_excgroups():\n    |   File \"J:\\Python311\\Lib\\contextlib.py\", line 158, in __exit__\n    |     self.gen.throw(typ, value, traceback)\n    |   File \"C:\\careertrojan\\.venv\\Lib\\site-packages\\starlette\\_utils.py\", line 83, in collapse_excgroups\n    |     raise exc\n    |   File \"C:\\careertrojan\\.venv\\Lib\\site-packages\\starlette\\middleware\\base.py\", line 187, in __call__\n    |     response = await self.dispatch_func(request, call_next)\n    |                ^^^^^^^^^^^^^^^^^^^^^^^^^^^^^^^^^^^^^^^^^^^^\n    |   File \"C:\\careertrojan\\services\\backend_api\\middleware\\rate_limiter.py\", line 83, in dispatch\n    |     return await call_next(request)\n    |            ^^^^^^^^^^^^^^^^^^^^^^^^\n    |   File \"C:\\careertrojan\\.venv\\Lib\\site-packages\\starlette\\middleware\\base.py\", line 163, in call_next\n    |     raise app_exc\n    |   File \"C:\\careertrojan\\.venv\\Lib\\site-packages\\starlette\\middleware\\base.py\", line 149, in coro\n    |     await self.app(scope, receive_or_disconnect, send_no_error)\n    |   File \"C:\\careertrojan\\.venv\\Lib\\site-packages\\starlette\\middleware\\base.py\", line 185, in __call__\n    |     with collapse_excgroups():\n    |   File \"J:\\Python311\\Lib\\contextlib.py\", line 158, in __exit__\n    |     self.gen.throw(typ, value, traceback)\n    |   File \"C:\\careertrojan\\.venv\\Lib\\site-packages\\starlette\\_utils.py\", line 83, in collapse_excgroups\n    |     raise exc\n    |   File \"C:\\careertrojan\\.venv\\Lib\\site-packages\\starlette\\middleware\\base.py\", line 187, in __call__\n    |     response = await self.dispatch_func(request, call_next)\n    |                ^^^^^^^^^^^^^^^^^^^^^^^^^^^^^^^^^^^^^^^^^^^^\n    |   File \"C:\\careertrojan\\services\\backend_api\\middleware\\interaction_logger.py\", line 151, in dispatch\n    |     response: Response = await call_next(request)\n    |                          ^^^^^^^^^^^^^^^^^^^^^^^^\n    |   File \"C:\\careertrojan\\.venv\\Lib\\site-packages\\starlette\\middleware\\base.py\", line 163, in call_next\n    |     raise app_exc\n    |   File \"C:\\careertrojan\\.venv\\Lib\\site-packages\\starlette\\middleware\\base.py\", line 149, in coro\n    |     await self.app(scope, receive_or_disconnect, send_no_error)\n    |   File \"C:\\careertrojan\\.venv\\Lib\\site-packages\\starlette\\middleware\\base.py\", line 185, in __call__\n    |     with collapse_excgroups():\n    |   File \"J:\\Python311\\Lib\\contextlib.py\", line 158, in __exit__\n    |     self.gen.throw(typ, value, traceback)\n    |   File \"C:\\careertrojan\\.venv\\Lib\\site-packages\\starlette\\_utils.py\", line 83, in collapse_excgroups\n    |     raise exc\n    |   File \"C:\\careertrojan\\.venv\\Lib\\site-packages\\starlette\\middleware\\base.py\", line 187, in __call__\n    |     response = await self.dispatch_func(request, call_next)\n    |                ^^^^^^^^^^^^^^^^^^^^^^^^^^^^^^^^^^^^^^^^^^^^\n    |   File \"C:\\careertrojan\\services\\backend_api\\middleware\\request_correlation.py\", line 38, in dispatch\n    |     response = await call_next(request)\n    |                ^^^^^^^^^^^^^^^^^^^^^^^^\n    |   File \"C:\\careertrojan\\.venv\\Lib\\site-packages\\starlette\\middleware\\base.py\", line 163, in call_next\n    |     raise app_exc\n    |   File \"C:\\careertrojan\\.venv\\Lib\\site-packages\\starlette\\middleware\\base.py\", line 149, in coro\n    |     await self.app(scope, receive_or_disconnect, send_no_error)\n    |   File \"C:\\careertrojan\\.venv\\Lib\\site-packages\\starlette\\middleware\\cors.py\", line 85, in __call__\n    |     await self.app(scope, receive, send)\n    |   File \"C:\\careertrojan\\.venv\\Lib\\site-packages\\starlette\\middleware\\exceptions.py\", line 62, in __call__\n    |     await wrap_app_handling_exceptions(self.app, conn)(scope, receive, send)\n    |   File \"C:\\careertrojan\\.venv\\Lib\\site-packages\\starlette\\_exception_handler.py\", line 62, in wrapped_app\n    |     raise exc\n    |   File \"C:\\careertrojan\\.venv\\Lib\\site-packages\\starlette\\_exception_handler.py\", line 51, in wrapped_app\n    |     await app(scope, receive, sender)\n    |   File \"C:\\careertrojan\\.venv\\Lib\\site-packages\\fastapi\\middleware\\asyncexitstack.py\", line 18, in __call__\n    |     await self.app(scope, receive, send)\n    |   File \"C:\\careertrojan\\.venv\\Lib\\site-packages\\starlette\\routing.py\", line 715, in __call__\n    |     await self.middleware_stack(scope, receive, send)\n    |   File \"C:\\careertrojan\\.venv\\Lib\\site-packages\\starlette\\routing.py\", line 735, in app\n    |     await route.handle(scope, receive, send)\n    |   File \"C:\\careertrojan\\.venv\\Lib\\site-packages\\starlette\\routing.py\", line 288, in handle\n    |     await self.app(scope, receive, send)\n    |   File \"C:\\careertrojan\\.venv\\Lib\\site-packages\\fastapi\\routing.py\", line 119, in app\n    |     await wrap_app_handling_exceptions(app, request)(scope, receive, send)\n    |   File \"C:\\careertrojan\\.venv\\Lib\\site-packages\\starlette\\_exception_handler.py\", line 62, in wrapped_app\n    |     raise exc\n    |   File \"C:\\careertrojan\\.venv\\Lib\\site-packages\\starlette\\_exception_handler.py\", line 51, in wrapped_app\n    |     await app(scope, receive, sender)\n    |   File \"C:\\careertrojan\\.venv\\Lib\\site-packages\\fastapi\\routing.py\", line 105, in app\n    |     response = await f(request)\n    |                ^^^^^^^^^^^^^^^^\n    |   File \"C:\\careertrojan\\.venv\\Lib\\site-packages\\fastapi\\routing.py\", line 424, in app\n    |     raw_response = await run_endpoint_function(\n    |                    ^^^^^^^^^^^^^^^^^^^^^^^^^^^^\n    |   File \"C:\\careertrojan\\.venv\\Lib\\site-packages\\fastapi\\routing.py\", line 312, in run_endpoint_function\n    |     return await dependant.call(**values)\n    |            ^^^^^^^^^^^^^^^^^^^^^^^^^^^^^^\n    |   File \"C:\\careertrojan\\services\\backend_api\\routers\\payment.py\", line 247, in process_payment\n    |     user_id = _get_user_id_from_token()\n    |               ^^^^^^^^^^^^^^^^^^^^^^^^^\n    |   File \"C:\\careertrojan\\services\\backend_api\\routers\\payment.py\", line 164, in _get_user_id_from_token\n    |     return str(current_user.id)\n    |                ^^^^^^^^^^^^^^^\n    | AttributeError: 'Depends' object has no attribute 'id'\n    +------------------------------------\n\nDuring handling of the above exception, another exception occurred:\n\nTraceback (most recent call last):\n  File \"C:\\careertrojan\\.venv\\Lib\\site-packages\\starlette\\middleware\\errors.py\", line 165, in __call__\n    await self.app(scope, receive, _send)\n  File \"C:\\careertrojan\\.venv\\Lib\\site-packages\\starlette\\middleware\\base.py\", line 185, in __call__\n    with collapse_excgroups():\n  File \"J:\\Python311\\Lib\\contextlib.py\", line 158, in __exit__\n    self.gen.throw(typ, value, traceback)\n  File \"C:\\careertrojan\\.venv\\Lib\\site-packages\\starlette\\_utils.py\", line 83, in collapse_excgroups\n    raise exc\n  File \"C:\\careertrojan\\.venv\\Lib\\site-packages\\starlette\\middleware\\base.py\", line 187, in __call__\n    response = await self.dispatch_func(request, call_next)\n               ^^^^^^^^^^^^^^^^^^^^^^^^^^^^^^^^^^^^^^^^^^^^\n  File \"C:\\careertrojan\\services\\backend_api\\middleware\\rate_limiter.py\", line 83, in dispatch\n    return await call_next(request)\n           ^^^^^^^^^^^^^^^^^^^^^^^^\n  File \"C:\\careertrojan\\.venv\\Lib\\site-packages\\starlette\\middleware\\base.py\", line 163, in call_next\n    raise app_exc\n  File \"C:\\careertrojan\\.venv\\Lib\\site-packages\\starlette\\middleware\\base.py\", line 149, in coro\n    await self.app(scope, receive_or_disconnect, send_no_error)\n  File \"C:\\careertrojan\\.venv\\Lib\\site-packages\\starlette\\middleware\\base.py\", line 185, in __call__\n    with collapse_excgroups():\n  File \"J:\\Python311\\Lib\\contextlib.py\", line 158, in __exit__\n    self.gen.throw(typ, value, traceback)\n  File \"C:\\careertrojan\\.venv\\Lib\\site-packages\\starlette\\_utils.py\", line 83, in collapse_excgroups\n    raise exc\n  File \"C:\\careertrojan\\.venv\\Lib\\site-packages\\starlette\\middleware\\base.py\", line 187, in __call__\n    response = await self.dispatch_func(request, call_next)\n               ^^^^^^^^^^^^^^^^^^^^^^^^^^^^^^^^^^^^^^^^^^^^\n  File \"C:\\careertrojan\\services\\backend_api\\middleware\\interaction_logger.py\", line 151, in dispatch\n    response: Response = await call_next(request)\n                         ^^^^^^^^^^^^^^^^^^^^^^^^\n  File \"C:\\careertrojan\\.venv\\Lib\\site-packages\\starlette\\middleware\\base.py\", line 163, in call_next\n    raise app_exc\n  File \"C:\\careertrojan\\.venv\\Lib\\site-packages\\starlette\\middleware\\base.py\", line 149, in coro\n    await self.app(scope, receive_or_disconnect, send_no_error)\n  File \"C:\\careertrojan\\.venv\\Lib\\site-packages\\starlette\\middleware\\base.py\", line 185, in __call__\n    with collapse_excgroups():\n  File \"J:\\Python311\\Lib\\contextlib.py\", line 158, in __exit__\n    self.gen.throw(typ, value, traceback)\n  File \"C:\\careertrojan\\.venv\\Lib\\site-packages\\starlette\\_utils.py\", line 83, in collapse_excgroups\n    raise exc\n  File \"C:\\careertrojan\\.venv\\Lib\\site-packages\\starlette\\middleware\\base.py\", line 187, in __call__\n    response = await self.dispatch_func(request, call_next)\n               ^^^^^^^^^^^^^^^^^^^^^^^^^^^^^^^^^^^^^^^^^^^^\n  File \"C:\\careertrojan\\services\\backend_api\\middleware\\request_correlation.py\", line 38, in dispatch\n    response = await call_next(request)\n               ^^^^^^^^^^^^^^^^^^^^^^^^\n  File \"C:\\careertrojan\\.venv\\Lib\\site-packages\\starlette\\middleware\\base.py\", line 163, in call_next\n    raise app_exc\n  File \"C:\\careertrojan\\.venv\\Lib\\site-packages\\starlette\\middleware\\base.py\", line 149, in coro\n    await self.app(scope, receive_or_disconnect, send_no_error)\n  File \"C:\\careertrojan\\.venv\\Lib\\site-packages\\starlette\\middleware\\cors.py\", line 85, in __call__\n    await self.app(scope, receive, send)\n  File \"C:\\careertrojan\\.venv\\Lib\\site-packages\\starlette\\middleware\\exceptions.py\", line 62, in __call__\n    await wrap_app_handling_exceptions(self.app, conn)(scope, receive, send)\n  File \"C:\\careertrojan\\.venv\\Lib\\site-packages\\starlette\\_exception_handler.py\", line 62, in wrapped_app\n    raise exc\n  File \"C:\\careertrojan\\.venv\\Lib\\site-packages\\starlette\\_exception_handler.py\", line 51, in wrapped_app\n    await app(scope, receive, sender)\n  File \"C:\\careertrojan\\.venv\\Lib\\site-packages\\fastapi\\middleware\\asyncexitstack.py\", line 18, in __call__\n    await self.app(scope, receive, send)\n  File \"C:\\careertrojan\\.venv\\Lib\\site-packages\\starlette\\routing.py\", line 715, in __call__\n    await self.middleware_stack(scope, receive, send)\n  File \"C:\\careertrojan\\.venv\\Lib\\site-packages\\starlette\\routing.py\", line 735, in app\n    await route.handle(scope, receive, send)\n  File \"C:\\careertrojan\\.venv\\Lib\\site-packages\\starlette\\routing.py\", line 288, in handle\n    await self.app(scope, receive, send)\n  File \"C:\\careertrojan\\.venv\\Lib\\site-packages\\fastapi\\routing.py\", line 119, in app\n    await wrap_app_handling_exceptions(app, request)(scope, receive, send)\n  File \"C:\\careertrojan\\.venv\\Lib\\site-packages\\starlette\\_exception_handler.py\", line 62, in wrapped_app\n    raise exc\n  File \"C:\\careertrojan\\.venv\\Lib\\site-packages\\starlette\\_exception_handler.py\", line 51, in wrapped_app\n    await app(scope, receive, sender)\n  File \"C:\\careertrojan\\.venv\\Lib\\site-packages\\fastapi\\routing.py\", line 105, in app\n    response = await f(request)\n               ^^^^^^^^^^^^^^^^\n  File \"C:\\careertrojan\\.venv\\Lib\\site-packages\\fastapi\\routing.py\", line 424, in app\n    raw_response = await run_endpoint_function(\n                   ^^^^^^^^^^^^^^^^^^^^^^^^^^^^\n  File \"C:\\careertrojan\\.venv\\Lib\\site-packages\\fastapi\\routing.py\", line 312, in run_endpoint_function\n    return await dependant.call(**values)\n           ^^^^^^^^^^^^^^^^^^^^^^^^^^^^^^\n  File \"C:\\careertrojan\\services\\backend_api\\routers\\payment.py\", line 247, in process_payment\n    user_id = _get_user_id_from_token()\n              ^^^^^^^^^^^^^^^^^^^^^^^^^\n  File \"C:\\careertrojan\\services\\backend_api\\routers\\payment.py\", line 164, in _get_user_id_from_token\n    return str(current_user.id)\n               ^^^^^^^^^^^^^^^\nAttributeError: 'Depends' object has no attribute 'id'\n"}
------------------------------ Captured log call ------------------------------
INFO     request:request_correlation.py:36 {'event': 'request_started', 'path': '/api/payment/v1/process', 'method': 'POST', 'request_id': 'cd87b9bf-e19', 'level': 'info', 'logger': 'request', 'timestamp': '2026-02-27T11:47:41.082764Z'}
ERROR    services.backend_api.utils.error_handlers:error_handlers.py:192 Unhandled exception [request_id=None] AttributeError: 'Depends' object has no attribute 'id'
  + Exception Group Traceback (most recent call last):
  |   File "C:\careertrojan\.venv\Lib\site-packages\starlette\_utils.py", line 77, in collapse_excgroups
  |     yield
  |   File "C:\careertrojan\.venv\Lib\site-packages\starlette\middleware\base.py", line 186, in __call__
  |     async with anyio.create_task_group() as task_group:
  |   File "C:\careertrojan\.venv\Lib\site-packages\anyio\_backends\_asyncio.py", line 783, in __aexit__
  |     raise BaseExceptionGroup(
  | ExceptionGroup: unhandled errors in a TaskGroup (1 sub-exception)
  +-+---------------- 1 ----------------
    | Traceback (most recent call last):
    |   File "C:\careertrojan\.venv\Lib\site-packages\starlette\middleware\errors.py", line 165, in __call__
    |     await self.app(scope, receive, _send)
    |   File "C:\careertrojan\.venv\Lib\site-packages\starlette\middleware\base.py", line 185, in __call__
    |     with collapse_excgroups():
    |   File "J:\Python311\Lib\contextlib.py", line 158, in __exit__
    |     self.gen.throw(typ, value, traceback)
    |   File "C:\careertrojan\.venv\Lib\site-packages\starlette\_utils.py", line 83, in collapse_excgroups
    |     raise exc
    |   File "C:\careertrojan\.venv\Lib\site-packages\starlette\middleware\base.py", line 187, in __call__
    |     response = await self.dispatch_func(request, call_next)
    |                ^^^^^^^^^^^^^^^^^^^^^^^^^^^^^^^^^^^^^^^^^^^^
    |   File "C:\careertrojan\services\backend_api\middleware\rate_limiter.py", line 83, in dispatch
    |     return await call_next(request)
    |            ^^^^^^^^^^^^^^^^^^^^^^^^
    |   File "C:\careertrojan\.venv\Lib\site-packages\starlette\middleware\base.py", line 163, in call_next
    |     raise app_exc
    |   File "C:\careertrojan\.venv\Lib\site-packages\starlette\middleware\base.py", line 149, in coro
    |     await self.app(scope, receive_or_disconnect, send_no_error)
    |   File "C:\careertrojan\.venv\Lib\site-packages\starlette\middleware\base.py", line 185, in __call__
    |     with collapse_excgroups():
    |   File "J:\Python311\Lib\contextlib.py", line 158, in __exit__
    |     self.gen.throw(typ, value, traceback)
    |   File "C:\careertrojan\.venv\Lib\site-packages\starlette\_utils.py", line 83, in collapse_excgroups
    |     raise exc
    |   File "C:\careertrojan\.venv\Lib\site-packages\starlette\middleware\base.py", line 187, in __call__
    |     response = await self.dispatch_func(request, call_next)
    |                ^^^^^^^^^^^^^^^^^^^^^^^^^^^^^^^^^^^^^^^^^^^^
    |   File "C:\careertrojan\services\backend_api\middleware\interaction_logger.py", line 151, in dispatch
    |     response: Response = await call_next(request)
    |                          ^^^^^^^^^^^^^^^^^^^^^^^^
    |   File "C:\careertrojan\.venv\Lib\site-packages\starlette\middleware\base.py", line 163, in call_next
    |     raise app_exc
    |   File "C:\careertrojan\.venv\Lib\site-packages\starlette\middleware\base.py", line 149, in coro
    |     await self.app(scope, receive_or_disconnect, send_no_error)
    |   File "C:\careertrojan\.venv\Lib\site-packages\starlette\middleware\base.py", line 185, in __call__
    |     with collapse_excgroups():
    |   File "J:\Python311\Lib\contextlib.py", line 158, in __exit__
    |     self.gen.throw(typ, value, traceback)
    |   File "C:\careertrojan\.venv\Lib\site-packages\starlette\_utils.py", line 83, in collapse_excgroups
    |     raise exc
    |   File "C:\careertrojan\.venv\Lib\site-packages\starlette\middleware\base.py", line 187, in __call__
    |     response = await self.dispatch_func(request, call_next)
    |                ^^^^^^^^^^^^^^^^^^^^^^^^^^^^^^^^^^^^^^^^^^^^
    |   File "C:\careertrojan\services\backend_api\middleware\request_correlation.py", line 38, in dispatch
    |     response = await call_next(request)
    |                ^^^^^^^^^^^^^^^^^^^^^^^^
    |   File "C:\careertrojan\.venv\Lib\site-packages\starlette\middleware\base.py", line 163, in call_next
    |     raise app_exc
    |   File "C:\careertrojan\.venv\Lib\site-packages\starlette\middleware\base.py", line 149, in coro
    |     await self.app(scope, receive_or_disconnect, send_no_error)
    |   File "C:\careertrojan\.venv\Lib\site-packages\starlette\middleware\cors.py", line 85, in __call__
    |     await self.app(scope, receive, send)
    |   File "C:\careertrojan\.venv\Lib\site-packages\starlette\middleware\exceptions.py", line 62, in __call__
    |     await wrap_app_handling_exceptions(self.app, conn)(scope, receive, send)
    |   File "C:\careertrojan\.venv\Lib\site-packages\starlette\_exception_handler.py", line 62, in wrapped_app
    |     raise exc
    |   File "C:\careertrojan\.venv\Lib\site-packages\starlette\_exception_handler.py", line 51, in wrapped_app
    |     await app(scope, receive, sender)
    |   File "C:\careertrojan\.venv\Lib\site-packages\fastapi\middleware\asyncexitstack.py", line 18, in __call__
    |     await self.app(scope, receive, send)
    |   File "C:\careertrojan\.venv\Lib\site-packages\starlette\routing.py", line 715, in __call__
    |     await self.middleware_stack(scope, receive, send)
    |   File "C:\careertrojan\.venv\Lib\site-packages\starlette\routing.py", line 735, in app
    |     await route.handle(scope, receive, send)
    |   File "C:\careertrojan\.venv\Lib\site-packages\starlette\routing.py", line 288, in handle
    |     await self.app(scope, receive, send)
    |   File "C:\careertrojan\.venv\Lib\site-packages\fastapi\routing.py", line 119, in app
    |     await wrap_app_handling_exceptions(app, request)(scope, receive, send)
    |   File "C:\careertrojan\.venv\Lib\site-packages\starlette\_exception_handler.py", line 62, in wrapped_app
    |     raise exc
    |   File "C:\careertrojan\.venv\Lib\site-packages\starlette\_exception_handler.py", line 51, in wrapped_app
    |     await app(scope, receive, sender)
    |   File "C:\careertrojan\.venv\Lib\site-packages\fastapi\routing.py", line 105, in app
    |     response = await f(request)
    |                ^^^^^^^^^^^^^^^^
    |   File "C:\careertrojan\.venv\Lib\site-packages\fastapi\routing.py", line 424, in app
    |     raw_response = await run_endpoint_function(
    |                    ^^^^^^^^^^^^^^^^^^^^^^^^^^^^
    |   File "C:\careertrojan\.venv\Lib\site-packages\fastapi\routing.py", line 312, in run_endpoint_function
    |     return await dependant.call(**values)
    |            ^^^^^^^^^^^^^^^^^^^^^^^^^^^^^^
    |   File "C:\careertrojan\services\backend_api\routers\payment.py", line 247, in process_payment
    |     user_id = _get_user_id_from_token()
    |               ^^^^^^^^^^^^^^^^^^^^^^^^^
    |   File "C:\careertrojan\services\backend_api\routers\payment.py", line 164, in _get_user_id_from_token
    |     return str(current_user.id)
    |                ^^^^^^^^^^^^^^^
    | AttributeError: 'Depends' object has no attribute 'id'
    +------------------------------------

During handling of the above exception, another exception occurred:

Traceback (most recent call last):
  File "C:\careertrojan\.venv\Lib\site-packages\starlette\middleware\errors.py", line 165, in __call__
    await self.app(scope, receive, _send)
  File "C:\careertrojan\.venv\Lib\site-packages\starlette\middleware\base.py", line 185, in __call__
    with collapse_excgroups():
  File "J:\Python311\Lib\contextlib.py", line 158, in __exit__
    self.gen.throw(typ, value, traceback)
  File "C:\careertrojan\.venv\Lib\site-packages\starlette\_utils.py", line 83, in collapse_excgroups
    raise exc
  File "C:\careertrojan\.venv\Lib\site-packages\starlette\middleware\base.py", line 187, in __call__
    response = await self.dispatch_func(request, call_next)
               ^^^^^^^^^^^^^^^^^^^^^^^^^^^^^^^^^^^^^^^^^^^^
  File "C:\careertrojan\services\backend_api\middleware\rate_limiter.py", line 83, in dispatch
    return await call_next(request)
           ^^^^^^^^^^^^^^^^^^^^^^^^
  File "C:\careertrojan\.venv\Lib\site-packages\starlette\middleware\base.py", line 163, in call_next
    raise app_exc
  File "C:\careertrojan\.venv\Lib\site-packages\starlette\middleware\base.py", line 149, in coro
    await self.app(scope, receive_or_disconnect, send_no_error)
  File "C:\careertrojan\.venv\Lib\site-packages\starlette\middleware\base.py", line 185, in __call__
    with collapse_excgroups():
  File "J:\Python311\Lib\contextlib.py", line 158, in __exit__
    self.gen.throw(typ, value, traceback)
  File "C:\careertrojan\.venv\Lib\site-packages\starlette\_utils.py", line 83, in collapse_excgroups
    raise exc
  File "C:\careertrojan\.venv\Lib\site-packages\starlette\middleware\base.py", line 187, in __call__
    response = await self.dispatch_func(request, call_next)
               ^^^^^^^^^^^^^^^^^^^^^^^^^^^^^^^^^^^^^^^^^^^^
  File "C:\careertrojan\services\backend_api\middleware\interaction_logger.py", line 151, in dispatch
    response: Response = await call_next(request)
                         ^^^^^^^^^^^^^^^^^^^^^^^^
  File "C:\careertrojan\.venv\Lib\site-packages\starlette\middleware\base.py", line 163, in call_next
    raise app_exc
  File "C:\careertrojan\.venv\Lib\site-packages\starlette\middleware\base.py", line 149, in coro
    await self.app(scope, receive_or_disconnect, send_no_error)
  File "C:\careertrojan\.venv\Lib\site-packages\starlette\middleware\base.py", line 185, in __call__
    with collapse_excgroups():
  File "J:\Python311\Lib\contextlib.py", line 158, in __exit__
    self.gen.throw(typ, value, traceback)
  File "C:\careertrojan\.venv\Lib\site-packages\starlette\_utils.py", line 83, in collapse_excgroups
    raise exc
  File "C:\careertrojan\.venv\Lib\site-packages\starlette\middleware\base.py", line 187, in __call__
    response = await self.dispatch_func(request, call_next)
               ^^^^^^^^^^^^^^^^^^^^^^^^^^^^^^^^^^^^^^^^^^^^
  File "C:\careertrojan\services\backend_api\middleware\request_correlation.py", line 38, in dispatch
    response = await call_next(request)
               ^^^^^^^^^^^^^^^^^^^^^^^^
  File "C:\careertrojan\.venv\Lib\site-packages\starlette\middleware\base.py", line 163, in call_next
    raise app_exc
  File "C:\careertrojan\.venv\Lib\site-packages\starlette\middleware\base.py", line 149, in coro
    await self.app(scope, receive_or_disconnect, send_no_error)
  File "C:\careertrojan\.venv\Lib\site-packages\starlette\middleware\cors.py", line 85, in __call__
    await self.app(scope, receive, send)
  File "C:\careertrojan\.venv\Lib\site-packages\starlette\middleware\exceptions.py", line 62, in __call__
    await wrap_app_handling_exceptions(self.app, conn)(scope, receive, send)
  File "C:\careertrojan\.venv\Lib\site-packages\starlette\_exception_handler.py", line 62, in wrapped_app
    raise exc
  File "C:\careertrojan\.venv\Lib\site-packages\starlette\_exception_handler.py", line 51, in wrapped_app
    await app(scope, receive, sender)
  File "C:\careertrojan\.venv\Lib\site-packages\fastapi\middleware\asyncexitstack.py", line 18, in __call__
    await self.app(scope, receive, send)
  File "C:\careertrojan\.venv\Lib\site-packages\starlette\routing.py", line 715, in __call__
    await self.middleware_stack(scope, receive, send)
  File "C:\careertrojan\.venv\Lib\site-packages\starlette\routing.py", line 735, in app
    await route.handle(scope, receive, send)
  File "C:\careertrojan\.venv\Lib\site-packages\starlette\routing.py", line 288, in handle
    await self.app(scope, receive, send)
  File "C:\careertrojan\.venv\Lib\site-packages\fastapi\routing.py", line 119, in app
    await wrap_app_handling_exceptions(app, request)(scope, receive, send)
  File "C:\careertrojan\.venv\Lib\site-packages\starlette\_exception_handler.py", line 62, in wrapped_app
    raise exc
  File "C:\careertrojan\.venv\Lib\site-packages\starlette\_exception_handler.py", line 51, in wrapped_app
    await app(scope, receive, sender)
  File "C:\careertrojan\.venv\Lib\site-packages\fastapi\routing.py", line 105, in app
    response = await f(request)
               ^^^^^^^^^^^^^^^^
  File "C:\careertrojan\.venv\Lib\site-packages\fastapi\routing.py", line 424, in app
    raw_response = await run_endpoint_function(
                   ^^^^^^^^^^^^^^^^^^^^^^^^^^^^
  File "C:\careertrojan\.venv\Lib\site-packages\fastapi\routing.py", line 312, in run_endpoint_function
    return await dependant.call(**values)
           ^^^^^^^^^^^^^^^^^^^^^^^^^^^^^^
  File "C:\careertrojan\services\backend_api\routers\payment.py", line 247, in process_payment
    user_id = _get_user_id_from_token()
              ^^^^^^^^^^^^^^^^^^^^^^^^^
  File "C:\careertrojan\services\backend_api\routers\payment.py", line 164, in _get_user_id_from_token
    return str(current_user.id)
               ^^^^^^^^^^^^^^^
AttributeError: 'Depends' object has no attribute 'id'
C:\careertrojan\tests\unit\test_braintree.py:150: assert 500 == 400
E   assert 500 == 503
     +  where 500 = <Response [500 Internal Server Error]>.status_code
---------------------------- Captured stdout call -----------------------------
{"event": "request_started", "path": "/api/payment/v1/process", "method": "POST", "request_id": "b3afcce0-f78", "level": "info", "logger": "request", "timestamp": "2026-02-27T11:47:41.104756Z"}
{"event": "Unhandled exception [request_id=None] AttributeError: 'Depends' object has no attribute 'id'\n  + Exception Group Traceback (most recent call last):\n  |   File \"C:\\careertrojan\\.venv\\Lib\\site-packages\\starlette\\_utils.py\", line 77, in collapse_excgroups\n  |     yield\n  |   File \"C:\\careertrojan\\.venv\\Lib\\site-packages\\starlette\\middleware\\base.py\", line 186, in __call__\n  |     async with anyio.create_task_group() as task_group:\n  |   File \"C:\\careertrojan\\.venv\\Lib\\site-packages\\anyio\\_backends\\_asyncio.py\", line 783, in __aexit__\n  |     raise BaseExceptionGroup(\n  | ExceptionGroup: unhandled errors in a TaskGroup (1 sub-exception)\n  +-+---------------- 1 ----------------\n    | Traceback (most recent call last):\n    |   File \"C:\\careertrojan\\.venv\\Lib\\site-packages\\starlette\\middleware\\errors.py\", line 165, in __call__\n    |     await self.app(scope, receive, _send)\n    |   File \"C:\\careertrojan\\.venv\\Lib\\site-packages\\starlette\\middleware\\base.py\", line 185, in __call__\n    |     with collapse_excgroups():\n    |   File \"J:\\Python311\\Lib\\contextlib.py\", line 158, in __exit__\n    |     self.gen.throw(typ, value, traceback)\n    |   File \"C:\\careertrojan\\.venv\\Lib\\site-packages\\starlette\\_utils.py\", line 83, in collapse_excgroups\n    |     raise exc\n    |   File \"C:\\careertrojan\\.venv\\Lib\\site-packages\\starlette\\middleware\\base.py\", line 187, in __call__\n    |     response = await self.dispatch_func(request, call_next)\n    |                ^^^^^^^^^^^^^^^^^^^^^^^^^^^^^^^^^^^^^^^^^^^^\n    |   File \"C:\\careertrojan\\services\\backend_api\\middleware\\rate_limiter.py\", line 83, in dispatch\n    |     return await call_next(request)\n    |            ^^^^^^^^^^^^^^^^^^^^^^^^\n    |   File \"C:\\careertrojan\\.venv\\Lib\\site-packages\\starlette\\middleware\\base.py\", line 163, in call_next\n    |     raise app_exc\n    |   File \"C:\\careertrojan\\.venv\\Lib\\site-packages\\starlette\\middleware\\base.py\", line 149, in coro\n    |     await self.app(scope, receive_or_disconnect, send_no_error)\n    |   File \"C:\\careertrojan\\.venv\\Lib\\site-packages\\starlette\\middleware\\base.py\", line 185, in __call__\n    |     with collapse_excgroups():\n    |   File \"J:\\Python311\\Lib\\contextlib.py\", line 158, in __exit__\n    |     self.gen.throw(typ, value, traceback)\n    |   File \"C:\\careertrojan\\.venv\\Lib\\site-packages\\starlette\\_utils.py\", line 83, in collapse_excgroups\n    |     raise exc\n    |   File \"C:\\careertrojan\\.venv\\Lib\\site-packages\\starlette\\middleware\\base.py\", line 187, in __call__\n    |     response = await self.dispatch_func(request, call_next)\n    |                ^^^^^^^^^^^^^^^^^^^^^^^^^^^^^^^^^^^^^^^^^^^^\n    |   File \"C:\\careertrojan\\services\\backend_api\\middleware\\interaction_logger.py\", line 151, in dispatch\n    |     response: Response = await call_next(request)\n    |                          ^^^^^^^^^^^^^^^^^^^^^^^^\n    |   File \"C:\\careertrojan\\.venv\\Lib\\site-packages\\starlette\\middleware\\base.py\", line 163, in call_next\n    |     raise app_exc\n    |   File \"C:\\careertrojan\\.venv\\Lib\\site-packages\\starlette\\middleware\\base.py\", line 149, in coro\n    |     await self.app(scope, receive_or_disconnect, send_no_error)\n    |   File \"C:\\careertrojan\\.venv\\Lib\\site-packages\\starlette\\middleware\\base.py\", line 185, in __call__\n    |     with collapse_excgroups():\n    |   File \"J:\\Python311\\Lib\\contextlib.py\", line 158, in __exit__\n    |     self.gen.throw(typ, value, traceback)\n    |   File \"C:\\careertrojan\\.venv\\Lib\\site-packages\\starlette\\_utils.py\", line 83, in collapse_excgroups\n    |     raise exc\n    |   File \"C:\\careertrojan\\.venv\\Lib\\site-packages\\starlette\\middleware\\base.py\", line 187, in __call__\n    |     response = await self.dispatch_func(request, call_next)\n    |                ^^^^^^^^^^^^^^^^^^^^^^^^^^^^^^^^^^^^^^^^^^^^\n    |   File \"C:\\careertrojan\\services\\backend_api\\middleware\\request_correlation.py\", line 38, in dispatch\n    |     response = await call_next(request)\n    |                ^^^^^^^^^^^^^^^^^^^^^^^^\n    |   File \"C:\\careertrojan\\.venv\\Lib\\site-packages\\starlette\\middleware\\base.py\", line 163, in call_next\n    |     raise app_exc\n    |   File \"C:\\careertrojan\\.venv\\Lib\\site-packages\\starlette\\middleware\\base.py\", line 149, in coro\n    |     await self.app(scope, receive_or_disconnect, send_no_error)\n    |   File \"C:\\careertrojan\\.venv\\Lib\\site-packages\\starlette\\middleware\\cors.py\", line 85, in __call__\n    |     await self.app(scope, receive, send)\n    |   File \"C:\\careertrojan\\.venv\\Lib\\site-packages\\starlette\\middleware\\exceptions.py\", line 62, in __call__\n    |     await wrap_app_handling_exceptions(self.app, conn)(scope, receive, send)\n    |   File \"C:\\careertrojan\\.venv\\Lib\\site-packages\\starlette\\_exception_handler.py\", line 62, in wrapped_app\n    |     raise exc\n    |   File \"C:\\careertrojan\\.venv\\Lib\\site-packages\\starlette\\_exception_handler.py\", line 51, in wrapped_app\n    |     await app(scope, receive, sender)\n    |   File \"C:\\careertrojan\\.venv\\Lib\\site-packages\\fastapi\\middleware\\asyncexitstack.py\", line 18, in __call__\n    |     await self.app(scope, receive, send)\n    |   File \"C:\\careertrojan\\.venv\\Lib\\site-packages\\starlette\\routing.py\", line 715, in __call__\n    |     await self.middleware_stack(scope, receive, send)\n    |   File \"C:\\careertrojan\\.venv\\Lib\\site-packages\\starlette\\routing.py\", line 735, in app\n    |     await route.handle(scope, receive, send)\n    |   File \"C:\\careertrojan\\.venv\\Lib\\site-packages\\starlette\\routing.py\", line 288, in handle\n    |     await self.app(scope, receive, send)\n    |   File \"C:\\careertrojan\\.venv\\Lib\\site-packages\\fastapi\\routing.py\", line 119, in app\n    |     await wrap_app_handling_exceptions(app, request)(scope, receive, send)\n    |   File \"C:\\careertrojan\\.venv\\Lib\\site-packages\\starlette\\_exception_handler.py\", line 62, in wrapped_app\n    |     raise exc\n    |   File \"C:\\careertrojan\\.venv\\Lib\\site-packages\\starlette\\_exception_handler.py\", line 51, in wrapped_app\n    |     await app(scope, receive, sender)\n    |   File \"C:\\careertrojan\\.venv\\Lib\\site-packages\\fastapi\\routing.py\", line 105, in app\n    |     response = await f(request)\n    |                ^^^^^^^^^^^^^^^^\n    |   File \"C:\\careertrojan\\.venv\\Lib\\site-packages\\fastapi\\routing.py\", line 424, in app\n    |     raw_response = await run_endpoint_function(\n    |                    ^^^^^^^^^^^^^^^^^^^^^^^^^^^^\n    |   File \"C:\\careertrojan\\.venv\\Lib\\site-packages\\fastapi\\routing.py\", line 312, in run_endpoint_function\n    |     return await dependant.call(**values)\n    |            ^^^^^^^^^^^^^^^^^^^^^^^^^^^^^^\n    |   File \"C:\\careertrojan\\services\\backend_api\\routers\\payment.py\", line 247, in process_payment\n    |     user_id = _get_user_id_from_token()\n    |               ^^^^^^^^^^^^^^^^^^^^^^^^^\n    |   File \"C:\\careertrojan\\services\\backend_api\\routers\\payment.py\", line 164, in _get_user_id_from_token\n    |     return str(current_user.id)\n    |                ^^^^^^^^^^^^^^^\n    | AttributeError: 'Depends' object has no attribute 'id'\n    +------------------------------------\n\nDuring handling of the above exception, another exception occurred:\n\nTraceback (most recent call last):\n  File \"C:\\careertrojan\\.venv\\Lib\\site-packages\\starlette\\middleware\\errors.py\", line 165, in __call__\n    await self.app(scope, receive, _send)\n  File \"C:\\careertrojan\\.venv\\Lib\\site-packages\\starlette\\middleware\\base.py\", line 185, in __call__\n    with collapse_excgroups():\n  File \"J:\\Python311\\Lib\\contextlib.py\", line 158, in __exit__\n    self.gen.throw(typ, value, traceback)\n  File \"C:\\careertrojan\\.venv\\Lib\\site-packages\\starlette\\_utils.py\", line 83, in collapse_excgroups\n    raise exc\n  File \"C:\\careertrojan\\.venv\\Lib\\site-packages\\starlette\\middleware\\base.py\", line 187, in __call__\n    response = await self.dispatch_func(request, call_next)\n               ^^^^^^^^^^^^^^^^^^^^^^^^^^^^^^^^^^^^^^^^^^^^\n  File \"C:\\careertrojan\\services\\backend_api\\middleware\\rate_limiter.py\", line 83, in dispatch\n    return await call_next(request)\n           ^^^^^^^^^^^^^^^^^^^^^^^^\n  File \"C:\\careertrojan\\.venv\\Lib\\site-packages\\starlette\\middleware\\base.py\", line 163, in call_next\n    raise app_exc\n  File \"C:\\careertrojan\\.venv\\Lib\\site-packages\\starlette\\middleware\\base.py\", line 149, in coro\n    await self.app(scope, receive_or_disconnect, send_no_error)\n  File \"C:\\careertrojan\\.venv\\Lib\\site-packages\\starlette\\middleware\\base.py\", line 185, in __call__\n    with collapse_excgroups():\n  File \"J:\\Python311\\Lib\\contextlib.py\", line 158, in __exit__\n    self.gen.throw(typ, value, traceback)\n  File \"C:\\careertrojan\\.venv\\Lib\\site-packages\\starlette\\_utils.py\", line 83, in collapse_excgroups\n    raise exc\n  File \"C:\\careertrojan\\.venv\\Lib\\site-packages\\starlette\\middleware\\base.py\", line 187, in __call__\n    response = await self.dispatch_func(request, call_next)\n               ^^^^^^^^^^^^^^^^^^^^^^^^^^^^^^^^^^^^^^^^^^^^\n  File \"C:\\careertrojan\\services\\backend_api\\middleware\\interaction_logger.py\", line 151, in dispatch\n    response: Response = await call_next(request)\n                         ^^^^^^^^^^^^^^^^^^^^^^^^\n  File \"C:\\careertrojan\\.venv\\Lib\\site-packages\\starlette\\middleware\\base.py\", line 163, in call_next\n    raise app_exc\n  File \"C:\\careertrojan\\.venv\\Lib\\site-packages\\starlette\\middleware\\base.py\", line 149, in coro\n    await self.app(scope, receive_or_disconnect, send_no_error)\n  File \"C:\\careertrojan\\.venv\\Lib\\site-packages\\starlette\\middleware\\base.py\", line 185, in __call__\n    with collapse_excgroups():\n  File \"J:\\Python311\\Lib\\contextlib.py\", line 158, in __exit__\n    self.gen.throw(typ, value, traceback)\n  File \"C:\\careertrojan\\.venv\\Lib\\site-packages\\starlette\\_utils.py\", line 83, in collapse_excgroups\n    raise exc\n  File \"C:\\careertrojan\\.venv\\Lib\\site-packages\\starlette\\middleware\\base.py\", line 187, in __call__\n    response = await self.dispatch_func(request, call_next)\n               ^^^^^^^^^^^^^^^^^^^^^^^^^^^^^^^^^^^^^^^^^^^^\n  File \"C:\\careertrojan\\services\\backend_api\\middleware\\request_correlation.py\", line 38, in dispatch\n    response = await call_next(request)\n               ^^^^^^^^^^^^^^^^^^^^^^^^\n  File \"C:\\careertrojan\\.venv\\Lib\\site-packages\\starlette\\middleware\\base.py\", line 163, in call_next\n    raise app_exc\n  File \"C:\\careertrojan\\.venv\\Lib\\site-packages\\starlette\\middleware\\base.py\", line 149, in coro\n    await self.app(scope, receive_or_disconnect, send_no_error)\n  File \"C:\\careertrojan\\.venv\\Lib\\site-packages\\starlette\\middleware\\cors.py\", line 85, in __call__\n    await self.app(scope, receive, send)\n  File \"C:\\careertrojan\\.venv\\Lib\\site-packages\\starlette\\middleware\\exceptions.py\", line 62, in __call__\n    await wrap_app_handling_exceptions(self.app, conn)(scope, receive, send)\n  File \"C:\\careertrojan\\.venv\\Lib\\site-packages\\starlette\\_exception_handler.py\", line 62, in wrapped_app\n    raise exc\n  File \"C:\\careertrojan\\.venv\\Lib\\site-packages\\starlette\\_exception_handler.py\", line 51, in wrapped_app\n    await app(scope, receive, sender)\n  File \"C:\\careertrojan\\.venv\\Lib\\site-packages\\fastapi\\middleware\\asyncexitstack.py\", line 18, in __call__\n    await self.app(scope, receive, send)\n  File \"C:\\careertrojan\\.venv\\Lib\\site-packages\\starlette\\routing.py\", line 715, in __call__\n    await self.middleware_stack(scope, receive, send)\n  File \"C:\\careertrojan\\.venv\\Lib\\site-packages\\starlette\\routing.py\", line 735, in app\n    await route.handle(scope, receive, send)\n  File \"C:\\careertrojan\\.venv\\Lib\\site-packages\\starlette\\routing.py\", line 288, in handle\n    await self.app(scope, receive, send)\n  File \"C:\\careertrojan\\.venv\\Lib\\site-packages\\fastapi\\routing.py\", line 119, in app\n    await wrap_app_handling_exceptions(app, request)(scope, receive, send)\n  File \"C:\\careertrojan\\.venv\\Lib\\site-packages\\starlette\\_exception_handler.py\", line 62, in wrapped_app\n    raise exc\n  File \"C:\\careertrojan\\.venv\\Lib\\site-packages\\starlette\\_exception_handler.py\", line 51, in wrapped_app\n    await app(scope, receive, sender)\n  File \"C:\\careertrojan\\.venv\\Lib\\site-packages\\fastapi\\routing.py\", line 105, in app\n    response = await f(request)\n               ^^^^^^^^^^^^^^^^\n  File \"C:\\careertrojan\\.venv\\Lib\\site-packages\\fastapi\\routing.py\", line 424, in app\n    raw_response = await run_endpoint_function(\n                   ^^^^^^^^^^^^^^^^^^^^^^^^^^^^\n  File \"C:\\careertrojan\\.venv\\Lib\\site-packages\\fastapi\\routing.py\", line 312, in run_endpoint_function\n    return await dependant.call(**values)\n           ^^^^^^^^^^^^^^^^^^^^^^^^^^^^^^\n  File \"C:\\careertrojan\\services\\backend_api\\routers\\payment.py\", line 247, in process_payment\n    user_id = _get_user_id_from_token()\n              ^^^^^^^^^^^^^^^^^^^^^^^^^\n  File \"C:\\careertrojan\\services\\backend_api\\routers\\payment.py\", line 164, in _get_user_id_from_token\n    return str(current_user.id)\n               ^^^^^^^^^^^^^^^\nAttributeError: 'Depends' object has no attribute 'id'\n"}
------------------------------ Captured log call ------------------------------
INFO     request:request_correlation.py:36 {'event': 'request_started', 'path': '/api/payment/v1/process', 'method': 'POST', 'request_id': 'b3afcce0-f78', 'level': 'info', 'logger': 'request', 'timestamp': '2026-02-27T11:47:41.104756Z'}
ERROR    services.backend_api.utils.error_handlers:error_handlers.py:192 Unhandled exception [request_id=None] AttributeError: 'Depends' object has no attribute 'id'
  + Exception Group Traceback (most recent call last):
  |   File "C:\careertrojan\.venv\Lib\site-packages\starlette\_utils.py", line 77, in collapse_excgroups
  |     yield
  |   File "C:\careertrojan\.venv\Lib\site-packages\starlette\middleware\base.py", line 186, in __call__
  |     async with anyio.create_task_group() as task_group:
  |   File "C:\careertrojan\.venv\Lib\site-packages\anyio\_backends\_asyncio.py", line 783, in __aexit__
  |     raise BaseExceptionGroup(
  | ExceptionGroup: unhandled errors in a TaskGroup (1 sub-exception)
  +-+---------------- 1 ----------------
    | Traceback (most recent call last):
    |   File "C:\careertrojan\.venv\Lib\site-packages\starlette\middleware\errors.py", line 165, in __call__
    |     await self.app(scope, receive, _send)
    |   File "C:\careertrojan\.venv\Lib\site-packages\starlette\middleware\base.py", line 185, in __call__
    |     with collapse_excgroups():
    |   File "J:\Python311\Lib\contextlib.py", line 158, in __exit__
    |     self.gen.throw(typ, value, traceback)
    |   File "C:\careertrojan\.venv\Lib\site-packages\starlette\_utils.py", line 83, in collapse_excgroups
    |     raise exc
    |   File "C:\careertrojan\.venv\Lib\site-packages\starlette\middleware\base.py", line 187, in __call__
    |     response = await self.dispatch_func(request, call_next)
    |                ^^^^^^^^^^^^^^^^^^^^^^^^^^^^^^^^^^^^^^^^^^^^
    |   File "C:\careertrojan\services\backend_api\middleware\rate_limiter.py", line 83, in dispatch
    |     return await call_next(request)
    |            ^^^^^^^^^^^^^^^^^^^^^^^^
    |   File "C:\careertrojan\.venv\Lib\site-packages\starlette\middleware\base.py", line 163, in call_next
    |     raise app_exc
    |   File "C:\careertrojan\.venv\Lib\site-packages\starlette\middleware\base.py", line 149, in coro
    |     await self.app(scope, receive_or_disconnect, send_no_error)
    |   File "C:\careertrojan\.venv\Lib\site-packages\starlette\middleware\base.py", line 185, in __call__
    |     with collapse_excgroups():
    |   File "J:\Python311\Lib\contextlib.py", line 158, in __exit__
    |     self.gen.throw(typ, value, traceback)
    |   File "C:\careertrojan\.venv\Lib\site-packages\starlette\_utils.py", line 83, in collapse_excgroups
    |     raise exc
    |   File "C:\careertrojan\.venv\Lib\site-packages\starlette\middleware\base.py", line 187, in __call__
    |     response = await self.dispatch_func(request, call_next)
    |                ^^^^^^^^^^^^^^^^^^^^^^^^^^^^^^^^^^^^^^^^^^^^
    |   File "C:\careertrojan\services\backend_api\middleware\interaction_logger.py", line 151, in dispatch
    |     response: Response = await call_next(request)
    |                          ^^^^^^^^^^^^^^^^^^^^^^^^
    |   File "C:\careertrojan\.venv\Lib\site-packages\starlette\middleware\base.py", line 163, in call_next
    |     raise app_exc
    |   File "C:\careertrojan\.venv\Lib\site-packages\starlette\middleware\base.py", line 149, in coro
    |     await self.app(scope, receive_or_disconnect, send_no_error)
    |   File "C:\careertrojan\.venv\Lib\site-packages\starlette\middleware\base.py", line 185, in __call__
    |     with collapse_excgroups():
    |   File "J:\Python311\Lib\contextlib.py", line 158, in __exit__
    |     self.gen.throw(typ, value, traceback)
    |   File "C:\careertrojan\.venv\Lib\site-packages\starlette\_utils.py", line 83, in collapse_excgroups
    |     raise exc
    |   File "C:\careertrojan\.venv\Lib\site-packages\starlette\middleware\base.py", line 187, in __call__
    |     response = await self.dispatch_func(request, call_next)
    |                ^^^^^^^^^^^^^^^^^^^^^^^^^^^^^^^^^^^^^^^^^^^^
    |   File "C:\careertrojan\services\backend_api\middleware\request_correlation.py", line 38, in dispatch
    |     response = await call_next(request)
    |                ^^^^^^^^^^^^^^^^^^^^^^^^
    |   File "C:\careertrojan\.venv\Lib\site-packages\starlette\middleware\base.py", line 163, in call_next
    |     raise app_exc
    |   File "C:\careertrojan\.venv\Lib\site-packages\starlette\middleware\base.py", line 149, in coro
    |     await self.app(scope, receive_or_disconnect, send_no_error)
    |   File "C:\careertrojan\.venv\Lib\site-packages\starlette\middleware\cors.py", line 85, in __call__
    |     await self.app(scope, receive, send)
    |   File "C:\careertrojan\.venv\Lib\site-packages\starlette\middleware\exceptions.py", line 62, in __call__
    |     await wrap_app_handling_exceptions(self.app, conn)(scope, receive, send)
    |   File "C:\careertrojan\.venv\Lib\site-packages\starlette\_exception_handler.py", line 62, in wrapped_app
    |     raise exc
    |   File "C:\careertrojan\.venv\Lib\site-packages\starlette\_exception_handler.py", line 51, in wrapped_app
    |     await app(scope, receive, sender)
    |   File "C:\careertrojan\.venv\Lib\site-packages\fastapi\middleware\asyncexitstack.py", line 18, in __call__
    |     await self.app(scope, receive, send)
    |   File "C:\careertrojan\.venv\Lib\site-packages\starlette\routing.py", line 715, in __call__
    |     await self.middleware_stack(scope, receive, send)
    |   File "C:\careertrojan\.venv\Lib\site-packages\starlette\routing.py", line 735, in app
    |     await route.handle(scope, receive, send)
    |   File "C:\careertrojan\.venv\Lib\site-packages\starlette\routing.py", line 288, in handle
    |     await self.app(scope, receive, send)
    |   File "C:\careertrojan\.venv\Lib\site-packages\fastapi\routing.py", line 119, in app
    |     await wrap_app_handling_exceptions(app, request)(scope, receive, send)
    |   File "C:\careertrojan\.venv\Lib\site-packages\starlette\_exception_handler.py", line 62, in wrapped_app
    |     raise exc
    |   File "C:\careertrojan\.venv\Lib\site-packages\starlette\_exception_handler.py", line 51, in wrapped_app
    |     await app(scope, receive, sender)
    |   File "C:\careertrojan\.venv\Lib\site-packages\fastapi\routing.py", line 105, in app
    |     response = await f(request)
    |                ^^^^^^^^^^^^^^^^
    |   File "C:\careertrojan\.venv\Lib\site-packages\fastapi\routing.py", line 424, in app
    |     raw_response = await run_endpoint_function(
    |                    ^^^^^^^^^^^^^^^^^^^^^^^^^^^^
    |   File "C:\careertrojan\.venv\Lib\site-packages\fastapi\routing.py", line 312, in run_endpoint_function
    |     return await dependant.call(**values)
    |            ^^^^^^^^^^^^^^^^^^^^^^^^^^^^^^
    |   File "C:\careertrojan\services\backend_api\routers\payment.py", line 247, in process_payment
    |     user_id = _get_user_id_from_token()
    |               ^^^^^^^^^^^^^^^^^^^^^^^^^
    |   File "C:\careertrojan\services\backend_api\routers\payment.py", line 164, in _get_user_id_from_token
    |     return str(current_user.id)
    |                ^^^^^^^^^^^^^^^
    | AttributeError: 'Depends' object has no attribute 'id'
    +------------------------------------

During handling of the above exception, another exception occurred:

Traceback (most recent call last):
  File "C:\careertrojan\.venv\Lib\site-packages\starlette\middleware\errors.py", line 165, in __call__
    await self.app(scope, receive, _send)
  File "C:\careertrojan\.venv\Lib\site-packages\starlette\middleware\base.py", line 185, in __call__
    with collapse_excgroups():
  File "J:\Python311\Lib\contextlib.py", line 158, in __exit__
    self.gen.throw(typ, value, traceback)
  File "C:\careertrojan\.venv\Lib\site-packages\starlette\_utils.py", line 83, in collapse_excgroups
    raise exc
  File "C:\careertrojan\.venv\Lib\site-packages\starlette\middleware\base.py", line 187, in __call__
    response = await self.dispatch_func(request, call_next)
               ^^^^^^^^^^^^^^^^^^^^^^^^^^^^^^^^^^^^^^^^^^^^
  File "C:\careertrojan\services\backend_api\middleware\rate_limiter.py", line 83, in dispatch
    return await call_next(request)
           ^^^^^^^^^^^^^^^^^^^^^^^^
  File "C:\careertrojan\.venv\Lib\site-packages\starlette\middleware\base.py", line 163, in call_next
    raise app_exc
  File "C:\careertrojan\.venv\Lib\site-packages\starlette\middleware\base.py", line 149, in coro
    await self.app(scope, receive_or_disconnect, send_no_error)
  File "C:\careertrojan\.venv\Lib\site-packages\starlette\middleware\base.py", line 185, in __call__
    with collapse_excgroups():
  File "J:\Python311\Lib\contextlib.py", line 158, in __exit__
    self.gen.throw(typ, value, traceback)
  File "C:\careertrojan\.venv\Lib\site-packages\starlette\_utils.py", line 83, in collapse_excgroups
    raise exc
  File "C:\careertrojan\.venv\Lib\site-packages\starlette\middleware\base.py", line 187, in __call__
    response = await self.dispatch_func(request, call_next)
               ^^^^^^^^^^^^^^^^^^^^^^^^^^^^^^^^^^^^^^^^^^^^
  File "C:\careertrojan\services\backend_api\middleware\interaction_logger.py", line 151, in dispatch
    response: Response = await call_next(request)
                         ^^^^^^^^^^^^^^^^^^^^^^^^
  File "C:\careertrojan\.venv\Lib\site-packages\starlette\middleware\base.py", line 163, in call_next
    raise app_exc
  File "C:\careertrojan\.venv\Lib\site-packages\starlette\middleware\base.py", line 149, in coro
    await self.app(scope, receive_or_disconnect, send_no_error)
  File "C:\careertrojan\.venv\Lib\site-packages\starlette\middleware\base.py", line 185, in __call__
    with collapse_excgroups():
  File "J:\Python311\Lib\contextlib.py", line 158, in __exit__
    self.gen.throw(typ, value, traceback)
  File "C:\careertrojan\.venv\Lib\site-packages\starlette\_utils.py", line 83, in collapse_excgroups
    raise exc
  File "C:\careertrojan\.venv\Lib\site-packages\starlette\middleware\base.py", line 187, in __call__
    response = await self.dispatch_func(request, call_next)
               ^^^^^^^^^^^^^^^^^^^^^^^^^^^^^^^^^^^^^^^^^^^^
  File "C:\careertrojan\services\backend_api\middleware\request_correlation.py", line 38, in dispatch
    response = await call_next(request)
               ^^^^^^^^^^^^^^^^^^^^^^^^
  File "C:\careertrojan\.venv\Lib\site-packages\starlette\middleware\base.py", line 163, in call_next
    raise app_exc
  File "C:\careertrojan\.venv\Lib\site-packages\starlette\middleware\base.py", line 149, in coro
    await self.app(scope, receive_or_disconnect, send_no_error)
  File "C:\careertrojan\.venv\Lib\site-packages\starlette\middleware\cors.py", line 85, in __call__
    await self.app(scope, receive, send)
  File "C:\careertrojan\.venv\Lib\site-packages\starlette\middleware\exceptions.py", line 62, in __call__
    await wrap_app_handling_exceptions(self.app, conn)(scope, receive, send)
  File "C:\careertrojan\.venv\Lib\site-packages\starlette\_exception_handler.py", line 62, in wrapped_app
    raise exc
  File "C:\careertrojan\.venv\Lib\site-packages\starlette\_exception_handler.py", line 51, in wrapped_app
    await app(scope, receive, sender)
  File "C:\careertrojan\.venv\Lib\site-packages\fastapi\middleware\asyncexitstack.py", line 18, in __call__
    await self.app(scope, receive, send)
  File "C:\careertrojan\.venv\Lib\site-packages\starlette\routing.py", line 715, in __call__
    await self.middleware_stack(scope, receive, send)
  File "C:\careertrojan\.venv\Lib\site-packages\starlette\routing.py", line 735, in app
    await route.handle(scope, receive, send)
  File "C:\careertrojan\.venv\Lib\site-packages\starlette\routing.py", line 288, in handle
    await self.app(scope, receive, send)
  File "C:\careertrojan\.venv\Lib\site-packages\fastapi\routing.py", line 119, in app
    await wrap_app_handling_exceptions(app, request)(scope, receive, send)
  File "C:\careertrojan\.venv\Lib\site-packages\starlette\_exception_handler.py", line 62, in wrapped_app
    raise exc
  File "C:\careertrojan\.venv\Lib\site-packages\starlette\_exception_handler.py", line 51, in wrapped_app
    await app(scope, receive, sender)
  File "C:\careertrojan\.venv\Lib\site-packages\fastapi\routing.py", line 105, in app
    response = await f(request)
               ^^^^^^^^^^^^^^^^
  File "C:\careertrojan\.venv\Lib\site-packages\fastapi\routing.py", line 424, in app
    raw_response = await run_endpoint_function(
                   ^^^^^^^^^^^^^^^^^^^^^^^^^^^^
  File "C:\careertrojan\.venv\Lib\site-packages\fastapi\routing.py", line 312, in run_endpoint_function
    return await dependant.call(**values)
           ^^^^^^^^^^^^^^^^^^^^^^^^^^^^^^
  File "C:\careertrojan\services\backend_api\routers\payment.py", line 247, in process_payment
    user_id = _get_user_id_from_token()
              ^^^^^^^^^^^^^^^^^^^^^^^^^
  File "C:\careertrojan\services\backend_api\routers\payment.py", line 164, in _get_user_id_from_token
    return str(current_user.id)
               ^^^^^^^^^^^^^^^
AttributeError: 'Depends' object has no attribute 'id'
C:\careertrojan\tests\unit\test_braintree.py:162: assert 500 == 503
E   assert 500 == 503
     +  where 500 = <Response [500 Internal Server Error]>.status_code
---------------------------- Captured stdout call -----------------------------
{"event": "request_started", "path": "/api/payment/v1/process", "method": "POST", "request_id": "c5943fd1-246", "level": "info", "logger": "request", "timestamp": "2026-02-27T11:47:41.127533Z"}
{"event": "Unhandled exception [request_id=None] AttributeError: 'Depends' object has no attribute 'id'\n  + Exception Group Traceback (most recent call last):\n  |   File \"C:\\careertrojan\\.venv\\Lib\\site-packages\\starlette\\_utils.py\", line 77, in collapse_excgroups\n  |     yield\n  |   File \"C:\\careertrojan\\.venv\\Lib\\site-packages\\starlette\\middleware\\base.py\", line 186, in __call__\n  |     async with anyio.create_task_group() as task_group:\n  |   File \"C:\\careertrojan\\.venv\\Lib\\site-packages\\anyio\\_backends\\_asyncio.py\", line 783, in __aexit__\n  |     raise BaseExceptionGroup(\n  | ExceptionGroup: unhandled errors in a TaskGroup (1 sub-exception)\n  +-+---------------- 1 ----------------\n    | Traceback (most recent call last):\n    |   File \"C:\\careertrojan\\.venv\\Lib\\site-packages\\starlette\\middleware\\errors.py\", line 165, in __call__\n    |     await self.app(scope, receive, _send)\n    |   File \"C:\\careertrojan\\.venv\\Lib\\site-packages\\starlette\\middleware\\base.py\", line 185, in __call__\n    |     with collapse_excgroups():\n    |   File \"J:\\Python311\\Lib\\contextlib.py\", line 158, in __exit__\n    |     self.gen.throw(typ, value, traceback)\n    |   File \"C:\\careertrojan\\.venv\\Lib\\site-packages\\starlette\\_utils.py\", line 83, in collapse_excgroups\n    |     raise exc\n    |   File \"C:\\careertrojan\\.venv\\Lib\\site-packages\\starlette\\middleware\\base.py\", line 187, in __call__\n    |     response = await self.dispatch_func(request, call_next)\n    |                ^^^^^^^^^^^^^^^^^^^^^^^^^^^^^^^^^^^^^^^^^^^^\n    |   File \"C:\\careertrojan\\services\\backend_api\\middleware\\rate_limiter.py\", line 83, in dispatch\n    |     return await call_next(request)\n    |            ^^^^^^^^^^^^^^^^^^^^^^^^\n    |   File \"C:\\careertrojan\\.venv\\Lib\\site-packages\\starlette\\middleware\\base.py\", line 163, in call_next\n    |     raise app_exc\n    |   File \"C:\\careertrojan\\.venv\\Lib\\site-packages\\starlette\\middleware\\base.py\", line 149, in coro\n    |     await self.app(scope, receive_or_disconnect, send_no_error)\n    |   File \"C:\\careertrojan\\.venv\\Lib\\site-packages\\starlette\\middleware\\base.py\", line 185, in __call__\n    |     with collapse_excgroups():\n    |   File \"J:\\Python311\\Lib\\contextlib.py\", line 158, in __exit__\n    |     self.gen.throw(typ, value, traceback)\n    |   File \"C:\\careertrojan\\.venv\\Lib\\site-packages\\starlette\\_utils.py\", line 83, in collapse_excgroups\n    |     raise exc\n    |   File \"C:\\careertrojan\\.venv\\Lib\\site-packages\\starlette\\middleware\\base.py\", line 187, in __call__\n    |     response = await self.dispatch_func(request, call_next)\n    |                ^^^^^^^^^^^^^^^^^^^^^^^^^^^^^^^^^^^^^^^^^^^^\n    |   File \"C:\\careertrojan\\services\\backend_api\\middleware\\interaction_logger.py\", line 151, in dispatch\n    |     response: Response = await call_next(request)\n    |                          ^^^^^^^^^^^^^^^^^^^^^^^^\n    |   File \"C:\\careertrojan\\.venv\\Lib\\site-packages\\starlette\\middleware\\base.py\", line 163, in call_next\n    |     raise app_exc\n    |   File \"C:\\careertrojan\\.venv\\Lib\\site-packages\\starlette\\middleware\\base.py\", line 149, in coro\n    |     await self.app(scope, receive_or_disconnect, send_no_error)\n    |   File \"C:\\careertrojan\\.venv\\Lib\\site-packages\\starlette\\middleware\\base.py\", line 185, in __call__\n    |     with collapse_excgroups():\n    |   File \"J:\\Python311\\Lib\\contextlib.py\", line 158, in __exit__\n    |     self.gen.throw(typ, value, traceback)\n    |   File \"C:\\careertrojan\\.venv\\Lib\\site-packages\\starlette\\_utils.py\", line 83, in collapse_excgroups\n    |     raise exc\n    |   File \"C:\\careertrojan\\.venv\\Lib\\site-packages\\starlette\\middleware\\base.py\", line 187, in __call__\n    |     response = await self.dispatch_func(request, call_next)\n    |                ^^^^^^^^^^^^^^^^^^^^^^^^^^^^^^^^^^^^^^^^^^^^\n    |   File \"C:\\careertrojan\\services\\backend_api\\middleware\\request_correlation.py\", line 38, in dispatch\n    |     response = await call_next(request)\n    |                ^^^^^^^^^^^^^^^^^^^^^^^^\n    |   File \"C:\\careertrojan\\.venv\\Lib\\site-packages\\starlette\\middleware\\base.py\", line 163, in call_next\n    |     raise app_exc\n    |   File \"C:\\careertrojan\\.venv\\Lib\\site-packages\\starlette\\middleware\\base.py\", line 149, in coro\n    |     await self.app(scope, receive_or_disconnect, send_no_error)\n    |   File \"C:\\careertrojan\\.venv\\Lib\\site-packages\\starlette\\middleware\\cors.py\", line 85, in __call__\n    |     await self.app(scope, receive, send)\n    |   File \"C:\\careertrojan\\.venv\\Lib\\site-packages\\starlette\\middleware\\exceptions.py\", line 62, in __call__\n    |     await wrap_app_handling_exceptions(self.app, conn)(scope, receive, send)\n    |   File \"C:\\careertrojan\\.venv\\Lib\\site-packages\\starlette\\_exception_handler.py\", line 62, in wrapped_app\n    |     raise exc\n    |   File \"C:\\careertrojan\\.venv\\Lib\\site-packages\\starlette\\_exception_handler.py\", line 51, in wrapped_app\n    |     await app(scope, receive, sender)\n    |   File \"C:\\careertrojan\\.venv\\Lib\\site-packages\\fastapi\\middleware\\asyncexitstack.py\", line 18, in __call__\n    |     await self.app(scope, receive, send)\n    |   File \"C:\\careertrojan\\.venv\\Lib\\site-packages\\starlette\\routing.py\", line 715, in __call__\n    |     await self.middleware_stack(scope, receive, send)\n    |   File \"C:\\careertrojan\\.venv\\Lib\\site-packages\\starlette\\routing.py\", line 735, in app\n    |     await route.handle(scope, receive, send)\n    |   File \"C:\\careertrojan\\.venv\\Lib\\site-packages\\starlette\\routing.py\", line 288, in handle\n    |     await self.app(scope, receive, send)\n    |   File \"C:\\careertrojan\\.venv\\Lib\\site-packages\\fastapi\\routing.py\", line 119, in app\n    |     await wrap_app_handling_exceptions(app, request)(scope, receive, send)\n    |   File \"C:\\careertrojan\\.venv\\Lib\\site-packages\\starlette\\_exception_handler.py\", line 62, in wrapped_app\n    |     raise exc\n    |   File \"C:\\careertrojan\\.venv\\Lib\\site-packages\\starlette\\_exception_handler.py\", line 51, in wrapped_app\n    |     await app(scope, receive, sender)\n    |   File \"C:\\careertrojan\\.venv\\Lib\\site-packages\\fastapi\\routing.py\", line 105, in app\n    |     response = await f(request)\n    |                ^^^^^^^^^^^^^^^^\n    |   File \"C:\\careertrojan\\.venv\\Lib\\site-packages\\fastapi\\routing.py\", line 424, in app\n    |     raw_response = await run_endpoint_function(\n    |                    ^^^^^^^^^^^^^^^^^^^^^^^^^^^^\n    |   File \"C:\\careertrojan\\.venv\\Lib\\site-packages\\fastapi\\routing.py\", line 312, in run_endpoint_function\n    |     return await dependant.call(**values)\n    |            ^^^^^^^^^^^^^^^^^^^^^^^^^^^^^^\n    |   File \"C:\\careertrojan\\services\\backend_api\\routers\\payment.py\", line 247, in process_payment\n    |     user_id = _get_user_id_from_token()\n    |               ^^^^^^^^^^^^^^^^^^^^^^^^^\n    |   File \"C:\\careertrojan\\services\\backend_api\\routers\\payment.py\", line 164, in _get_user_id_from_token\n    |     return str(current_user.id)\n    |                ^^^^^^^^^^^^^^^\n    | AttributeError: 'Depends' object has no attribute 'id'\n    +------------------------------------\n\nDuring handling of the above exception, another exception occurred:\n\nTraceback (most recent call last):\n  File \"C:\\careertrojan\\.venv\\Lib\\site-packages\\starlette\\middleware\\errors.py\", line 165, in __call__\n    await self.app(scope, receive, _send)\n  File \"C:\\careertrojan\\.venv\\Lib\\site-packages\\starlette\\middleware\\base.py\", line 185, in __call__\n    with collapse_excgroups():\n  File \"J:\\Python311\\Lib\\contextlib.py\", line 158, in __exit__\n    self.gen.throw(typ, value, traceback)\n  File \"C:\\careertrojan\\.venv\\Lib\\site-packages\\starlette\\_utils.py\", line 83, in collapse_excgroups\n    raise exc\n  File \"C:\\careertrojan\\.venv\\Lib\\site-packages\\starlette\\middleware\\base.py\", line 187, in __call__\n    response = await self.dispatch_func(request, call_next)\n               ^^^^^^^^^^^^^^^^^^^^^^^^^^^^^^^^^^^^^^^^^^^^\n  File \"C:\\careertrojan\\services\\backend_api\\middleware\\rate_limiter.py\", line 83, in dispatch\n    return await call_next(request)\n           ^^^^^^^^^^^^^^^^^^^^^^^^\n  File \"C:\\careertrojan\\.venv\\Lib\\site-packages\\starlette\\middleware\\base.py\", line 163, in call_next\n    raise app_exc\n  File \"C:\\careertrojan\\.venv\\Lib\\site-packages\\starlette\\middleware\\base.py\", line 149, in coro\n    await self.app(scope, receive_or_disconnect, send_no_error)\n  File \"C:\\careertrojan\\.venv\\Lib\\site-packages\\starlette\\middleware\\base.py\", line 185, in __call__\n    with collapse_excgroups():\n  File \"J:\\Python311\\Lib\\contextlib.py\", line 158, in __exit__\n    self.gen.throw(typ, value, traceback)\n  File \"C:\\careertrojan\\.venv\\Lib\\site-packages\\starlette\\_utils.py\", line 83, in collapse_excgroups\n    raise exc\n  File \"C:\\careertrojan\\.venv\\Lib\\site-packages\\starlette\\middleware\\base.py\", line 187, in __call__\n    response = await self.dispatch_func(request, call_next)\n               ^^^^^^^^^^^^^^^^^^^^^^^^^^^^^^^^^^^^^^^^^^^^\n  File \"C:\\careertrojan\\services\\backend_api\\middleware\\interaction_logger.py\", line 151, in dispatch\n    response: Response = await call_next(request)\n                         ^^^^^^^^^^^^^^^^^^^^^^^^\n  File \"C:\\careertrojan\\.venv\\Lib\\site-packages\\starlette\\middleware\\base.py\", line 163, in call_next\n    raise app_exc\n  File \"C:\\careertrojan\\.venv\\Lib\\site-packages\\starlette\\middleware\\base.py\", line 149, in coro\n    await self.app(scope, receive_or_disconnect, send_no_error)\n  File \"C:\\careertrojan\\.venv\\Lib\\site-packages\\starlette\\middleware\\base.py\", line 185, in __call__\n    with collapse_excgroups():\n  File \"J:\\Python311\\Lib\\contextlib.py\", line 158, in __exit__\n    self.gen.throw(typ, value, traceback)\n  File \"C:\\careertrojan\\.venv\\Lib\\site-packages\\starlette\\_utils.py\", line 83, in collapse_excgroups\n    raise exc\n  File \"C:\\careertrojan\\.venv\\Lib\\site-packages\\starlette\\middleware\\base.py\", line 187, in __call__\n    response = await self.dispatch_func(request, call_next)\n               ^^^^^^^^^^^^^^^^^^^^^^^^^^^^^^^^^^^^^^^^^^^^\n  File \"C:\\careertrojan\\services\\backend_api\\middleware\\request_correlation.py\", line 38, in dispatch\n    response = await call_next(request)\n               ^^^^^^^^^^^^^^^^^^^^^^^^\n  File \"C:\\careertrojan\\.venv\\Lib\\site-packages\\starlette\\middleware\\base.py\", line 163, in call_next\n    raise app_exc\n  File \"C:\\careertrojan\\.venv\\Lib\\site-packages\\starlette\\middleware\\base.py\", line 149, in coro\n    await self.app(scope, receive_or_disconnect, send_no_error)\n  File \"C:\\careertrojan\\.venv\\Lib\\site-packages\\starlette\\middleware\\cors.py\", line 85, in __call__\n    await self.app(scope, receive, send)\n  File \"C:\\careertrojan\\.venv\\Lib\\site-packages\\starlette\\middleware\\exceptions.py\", line 62, in __call__\n    await wrap_app_handling_exceptions(self.app, conn)(scope, receive, send)\n  File \"C:\\careertrojan\\.venv\\Lib\\site-packages\\starlette\\_exception_handler.py\", line 62, in wrapped_app\n    raise exc\n  File \"C:\\careertrojan\\.venv\\Lib\\site-packages\\starlette\\_exception_handler.py\", line 51, in wrapped_app\n    await app(scope, receive, sender)\n  File \"C:\\careertrojan\\.venv\\Lib\\site-packages\\fastapi\\middleware\\asyncexitstack.py\", line 18, in __call__\n    await self.app(scope, receive, send)\n  File \"C:\\careertrojan\\.venv\\Lib\\site-packages\\starlette\\routing.py\", line 715, in __call__\n    await self.middleware_stack(scope, receive, send)\n  File \"C:\\careertrojan\\.venv\\Lib\\site-packages\\starlette\\routing.py\", line 735, in app\n    await route.handle(scope, receive, send)\n  File \"C:\\careertrojan\\.venv\\Lib\\site-packages\\starlette\\routing.py\", line 288, in handle\n    await self.app(scope, receive, send)\n  File \"C:\\careertrojan\\.venv\\Lib\\site-packages\\fastapi\\routing.py\", line 119, in app\n    await wrap_app_handling_exceptions(app, request)(scope, receive, send)\n  File \"C:\\careertrojan\\.venv\\Lib\\site-packages\\starlette\\_exception_handler.py\", line 62, in wrapped_app\n    raise exc\n  File \"C:\\careertrojan\\.venv\\Lib\\site-packages\\starlette\\_exception_handler.py\", line 51, in wrapped_app\n    await app(scope, receive, sender)\n  File \"C:\\careertrojan\\.venv\\Lib\\site-packages\\fastapi\\routing.py\", line 105, in app\n    response = await f(request)\n               ^^^^^^^^^^^^^^^^\n  File \"C:\\careertrojan\\.venv\\Lib\\site-packages\\fastapi\\routing.py\", line 424, in app\n    raw_response = await run_endpoint_function(\n                   ^^^^^^^^^^^^^^^^^^^^^^^^^^^^\n  File \"C:\\careertrojan\\.venv\\Lib\\site-packages\\fastapi\\routing.py\", line 312, in run_endpoint_function\n    return await dependant.call(**values)\n           ^^^^^^^^^^^^^^^^^^^^^^^^^^^^^^\n  File \"C:\\careertrojan\\services\\backend_api\\routers\\payment.py\", line 247, in process_payment\n    user_id = _get_user_id_from_token()\n              ^^^^^^^^^^^^^^^^^^^^^^^^^\n  File \"C:\\careertrojan\\services\\backend_api\\routers\\payment.py\", line 164, in _get_user_id_from_token\n    return str(current_user.id)\n               ^^^^^^^^^^^^^^^\nAttributeError: 'Depends' object has no attribute 'id'\n"}
------------------------------ Captured log call ------------------------------
INFO     request:request_correlation.py:36 {'event': 'request_started', 'path': '/api/payment/v1/process', 'method': 'POST', 'request_id': 'c5943fd1-246', 'level': 'info', 'logger': 'request', 'timestamp': '2026-02-27T11:47:41.127533Z'}
ERROR    services.backend_api.utils.error_handlers:error_handlers.py:192 Unhandled exception [request_id=None] AttributeError: 'Depends' object has no attribute 'id'
  + Exception Group Traceback (most recent call last):
  |   File "C:\careertrojan\.venv\Lib\site-packages\starlette\_utils.py", line 77, in collapse_excgroups
  |     yield
  |   File "C:\careertrojan\.venv\Lib\site-packages\starlette\middleware\base.py", line 186, in __call__
  |     async with anyio.create_task_group() as task_group:
  |   File "C:\careertrojan\.venv\Lib\site-packages\anyio\_backends\_asyncio.py", line 783, in __aexit__
  |     raise BaseExceptionGroup(
  | ExceptionGroup: unhandled errors in a TaskGroup (1 sub-exception)
  +-+---------------- 1 ----------------
    | Traceback (most recent call last):
    |   File "C:\careertrojan\.venv\Lib\site-packages\starlette\middleware\errors.py", line 165, in __call__
    |     await self.app(scope, receive, _send)
    |   File "C:\careertrojan\.venv\Lib\site-packages\starlette\middleware\base.py", line 185, in __call__
    |     with collapse_excgroups():
    |   File "J:\Python311\Lib\contextlib.py", line 158, in __exit__
    |     self.gen.throw(typ, value, traceback)
    |   File "C:\careertrojan\.venv\Lib\site-packages\starlette\_utils.py", line 83, in collapse_excgroups
    |     raise exc
    |   File "C:\careertrojan\.venv\Lib\site-packages\starlette\middleware\base.py", line 187, in __call__
    |     response = await self.dispatch_func(request, call_next)
    |                ^^^^^^^^^^^^^^^^^^^^^^^^^^^^^^^^^^^^^^^^^^^^
    |   File "C:\careertrojan\services\backend_api\middleware\rate_limiter.py", line 83, in dispatch
    |     return await call_next(request)
    |            ^^^^^^^^^^^^^^^^^^^^^^^^
    |   File "C:\careertrojan\.venv\Lib\site-packages\starlette\middleware\base.py", line 163, in call_next
    |     raise app_exc
    |   File "C:\careertrojan\.venv\Lib\site-packages\starlette\middleware\base.py", line 149, in coro
    |     await self.app(scope, receive_or_disconnect, send_no_error)
    |   File "C:\careertrojan\.venv\Lib\site-packages\starlette\middleware\base.py", line 185, in __call__
    |     with collapse_excgroups():
    |   File "J:\Python311\Lib\contextlib.py", line 158, in __exit__
    |     self.gen.throw(typ, value, traceback)
    |   File "C:\careertrojan\.venv\Lib\site-packages\starlette\_utils.py", line 83, in collapse_excgroups
    |     raise exc
    |   File "C:\careertrojan\.venv\Lib\site-packages\starlette\middleware\base.py", line 187, in __call__
    |     response = await self.dispatch_func(request, call_next)
    |                ^^^^^^^^^^^^^^^^^^^^^^^^^^^^^^^^^^^^^^^^^^^^
    |   File "C:\careertrojan\services\backend_api\middleware\interaction_logger.py", line 151, in dispatch
    |     response: Response = await call_next(request)
    |                          ^^^^^^^^^^^^^^^^^^^^^^^^
    |   File "C:\careertrojan\.venv\Lib\site-packages\starlette\middleware\base.py", line 163, in call_next
    |     raise app_exc
    |   File "C:\careertrojan\.venv\Lib\site-packages\starlette\middleware\base.py", line 149, in coro
    |     await self.app(scope, receive_or_disconnect, send_no_error)
    |   File "C:\careertrojan\.venv\Lib\site-packages\starlette\middleware\base.py", line 185, in __call__
    |     with collapse_excgroups():
    |   File "J:\Python311\Lib\contextlib.py", line 158, in __exit__
    |     self.gen.throw(typ, value, traceback)
    |   File "C:\careertrojan\.venv\Lib\site-packages\starlette\_utils.py", line 83, in collapse_excgroups
    |     raise exc
    |   File "C:\careertrojan\.venv\Lib\site-packages\starlette\middleware\base.py", line 187, in __call__
    |     response = await self.dispatch_func(request, call_next)
    |                ^^^^^^^^^^^^^^^^^^^^^^^^^^^^^^^^^^^^^^^^^^^^
    |   File "C:\careertrojan\services\backend_api\middleware\request_correlation.py", line 38, in dispatch
    |     response = await call_next(request)
    |                ^^^^^^^^^^^^^^^^^^^^^^^^
    |   File "C:\careertrojan\.venv\Lib\site-packages\starlette\middleware\base.py", line 163, in call_next
    |     raise app_exc
    |   File "C:\careertrojan\.venv\Lib\site-packages\starlette\middleware\base.py", line 149, in coro
    |     await self.app(scope, receive_or_disconnect, send_no_error)
    |   File "C:\careertrojan\.venv\Lib\site-packages\starlette\middleware\cors.py", line 85, in __call__
    |     await self.app(scope, receive, send)
    |   File "C:\careertrojan\.venv\Lib\site-packages\starlette\middleware\exceptions.py", line 62, in __call__
    |     await wrap_app_handling_exceptions(self.app, conn)(scope, receive, send)
    |   File "C:\careertrojan\.venv\Lib\site-packages\starlette\_exception_handler.py", line 62, in wrapped_app
    |     raise exc
    |   File "C:\careertrojan\.venv\Lib\site-packages\starlette\_exception_handler.py", line 51, in wrapped_app
    |     await app(scope, receive, sender)
    |   File "C:\careertrojan\.venv\Lib\site-packages\fastapi\middleware\asyncexitstack.py", line 18, in __call__
    |     await self.app(scope, receive, send)
    |   File "C:\careertrojan\.venv\Lib\site-packages\starlette\routing.py", line 715, in __call__
    |     await self.middleware_stack(scope, receive, send)
    |   File "C:\careertrojan\.venv\Lib\site-packages\starlette\routing.py", line 735, in app
    |     await route.handle(scope, receive, send)
    |   File "C:\careertrojan\.venv\Lib\site-packages\starlette\routing.py", line 288, in handle
    |     await self.app(scope, receive, send)
    |   File "C:\careertrojan\.venv\Lib\site-packages\fastapi\routing.py", line 119, in app
    |     await wrap_app_handling_exceptions(app, request)(scope, receive, send)
    |   File "C:\careertrojan\.venv\Lib\site-packages\starlette\_exception_handler.py", line 62, in wrapped_app
    |     raise exc
    |   File "C:\careertrojan\.venv\Lib\site-packages\starlette\_exception_handler.py", line 51, in wrapped_app
    |     await app(scope, receive, sender)
    |   File "C:\careertrojan\.venv\Lib\site-packages\fastapi\routing.py", line 105, in app
    |     response = await f(request)
    |                ^^^^^^^^^^^^^^^^
    |   File "C:\careertrojan\.venv\Lib\site-packages\fastapi\routing.py", line 424, in app
    |     raw_response = await run_endpoint_function(
    |                    ^^^^^^^^^^^^^^^^^^^^^^^^^^^^
    |   File "C:\careertrojan\.venv\Lib\site-packages\fastapi\routing.py", line 312, in run_endpoint_function
    |     return await dependant.call(**values)
    |            ^^^^^^^^^^^^^^^^^^^^^^^^^^^^^^
    |   File "C:\careertrojan\services\backend_api\routers\payment.py", line 247, in process_payment
    |     user_id = _get_user_id_from_token()
    |               ^^^^^^^^^^^^^^^^^^^^^^^^^
    |   File "C:\careertrojan\services\backend_api\routers\payment.py", line 164, in _get_user_id_from_token
    |     return str(current_user.id)
    |                ^^^^^^^^^^^^^^^
    | AttributeError: 'Depends' object has no attribute 'id'
    +------------------------------------

During handling of the above exception, another exception occurred:

Traceback (most recent call last):
  File "C:\careertrojan\.venv\Lib\site-packages\starlette\middleware\errors.py", line 165, in __call__
    await self.app(scope, receive, _send)
  File "C:\careertrojan\.venv\Lib\site-packages\starlette\middleware\base.py", line 185, in __call__
    with collapse_excgroups():
  File "J:\Python311\Lib\contextlib.py", line 158, in __exit__
    self.gen.throw(typ, value, traceback)
  File "C:\careertrojan\.venv\Lib\site-packages\starlette\_utils.py", line 83, in collapse_excgroups
    raise exc
  File "C:\careertrojan\.venv\Lib\site-packages\starlette\middleware\base.py", line 187, in __call__
    response = await self.dispatch_func(request, call_next)
               ^^^^^^^^^^^^^^^^^^^^^^^^^^^^^^^^^^^^^^^^^^^^
  File "C:\careertrojan\services\backend_api\middleware\rate_limiter.py", line 83, in dispatch
    return await call_next(request)
           ^^^^^^^^^^^^^^^^^^^^^^^^
  File "C:\careertrojan\.venv\Lib\site-packages\starlette\middleware\base.py", line 163, in call_next
    raise app_exc
  File "C:\careertrojan\.venv\Lib\site-packages\starlette\middleware\base.py", line 149, in coro
    await self.app(scope, receive_or_disconnect, send_no_error)
  File "C:\careertrojan\.venv\Lib\site-packages\starlette\middleware\base.py", line 185, in __call__
    with collapse_excgroups():
  File "J:\Python311\Lib\contextlib.py", line 158, in __exit__
    self.gen.throw(typ, value, traceback)
  File "C:\careertrojan\.venv\Lib\site-packages\starlette\_utils.py", line 83, in collapse_excgroups
    raise exc
  File "C:\careertrojan\.venv\Lib\site-packages\starlette\middleware\base.py", line 187, in __call__
    response = await self.dispatch_func(request, call_next)
               ^^^^^^^^^^^^^^^^^^^^^^^^^^^^^^^^^^^^^^^^^^^^
  File "C:\careertrojan\services\backend_api\middleware\interaction_logger.py", line 151, in dispatch
    response: Response = await call_next(request)
                         ^^^^^^^^^^^^^^^^^^^^^^^^
  File "C:\careertrojan\.venv\Lib\site-packages\starlette\middleware\base.py", line 163, in call_next
    raise app_exc
  File "C:\careertrojan\.venv\Lib\site-packages\starlette\middleware\base.py", line 149, in coro
    await self.app(scope, receive_or_disconnect, send_no_error)
  File "C:\careertrojan\.venv\Lib\site-packages\starlette\middleware\base.py", line 185, in __call__
    with collapse_excgroups():
  File "J:\Python311\Lib\contextlib.py", line 158, in __exit__
    self.gen.throw(typ, value, traceback)
  File "C:\careertrojan\.venv\Lib\site-packages\starlette\_utils.py", line 83, in collapse_excgroups
    raise exc
  File "C:\careertrojan\.venv\Lib\site-packages\starlette\middleware\base.py", line 187, in __call__
    response = await self.dispatch_func(request, call_next)
               ^^^^^^^^^^^^^^^^^^^^^^^^^^^^^^^^^^^^^^^^^^^^
  File "C:\careertrojan\services\backend_api\middleware\request_correlation.py", line 38, in dispatch
    response = await call_next(request)
               ^^^^^^^^^^^^^^^^^^^^^^^^
  File "C:\careertrojan\.venv\Lib\site-packages\starlette\middleware\base.py", line 163, in call_next
    raise app_exc
  File "C:\careertrojan\.venv\Lib\site-packages\starlette\middleware\base.py", line 149, in coro
    await self.app(scope, receive_or_disconnect, send_no_error)
  File "C:\careertrojan\.venv\Lib\site-packages\starlette\middleware\cors.py", line 85, in __call__
    await self.app(scope, receive, send)
  File "C:\careertrojan\.venv\Lib\site-packages\starlette\middleware\exceptions.py", line 62, in __call__
    await wrap_app_handling_exceptions(self.app, conn)(scope, receive, send)
  File "C:\careertrojan\.venv\Lib\site-packages\starlette\_exception_handler.py", line 62, in wrapped_app
    raise exc
  File "C:\careertrojan\.venv\Lib\site-packages\starlette\_exception_handler.py", line 51, in wrapped_app
    await app(scope, receive, sender)
  File "C:\careertrojan\.venv\Lib\site-packages\fastapi\middleware\asyncexitstack.py", line 18, in __call__
    await self.app(scope, receive, send)
  File "C:\careertrojan\.venv\Lib\site-packages\starlette\routing.py", line 715, in __call__
    await self.middleware_stack(scope, receive, send)
  File "C:\careertrojan\.venv\Lib\site-packages\starlette\routing.py", line 735, in app
    await route.handle(scope, receive, send)
  File "C:\careertrojan\.venv\Lib\site-packages\starlette\routing.py", line 288, in handle
    await self.app(scope, receive, send)
  File "C:\careertrojan\.venv\Lib\site-packages\fastapi\routing.py", line 119, in app
    await wrap_app_handling_exceptions(app, request)(scope, receive, send)
  File "C:\careertrojan\.venv\Lib\site-packages\starlette\_exception_handler.py", line 62, in wrapped_app
    raise exc
  File "C:\careertrojan\.venv\Lib\site-packages\starlette\_exception_handler.py", line 51, in wrapped_app
    await app(scope, receive, sender)
  File "C:\careertrojan\.venv\Lib\site-packages\fastapi\routing.py", line 105, in app
    response = await f(request)
               ^^^^^^^^^^^^^^^^
  File "C:\careertrojan\.venv\Lib\site-packages\fastapi\routing.py", line 424, in app
    raw_response = await run_endpoint_function(
                   ^^^^^^^^^^^^^^^^^^^^^^^^^^^^
  File "C:\careertrojan\.venv\Lib\site-packages\fastapi\routing.py", line 312, in run_endpoint_function
    return await dependant.call(**values)
           ^^^^^^^^^^^^^^^^^^^^^^^^^^^^^^
  File "C:\careertrojan\services\backend_api\routers\payment.py", line 247, in process_payment
    user_id = _get_user_id_from_token()
              ^^^^^^^^^^^^^^^^^^^^^^^^^
  File "C:\careertrojan\services\backend_api\routers\payment.py", line 164, in _get_user_id_from_token
    return str(current_user.id)
               ^^^^^^^^^^^^^^^
AttributeError: 'Depends' object has no attribute 'id'
C:\careertrojan\tests\unit\test_braintree.py:176: assert 500 == 503
E   assert 500 == 200
     +  where 500 = <Response [500 Internal Server Error]>.status_code
---------------------------- Captured stdout call -----------------------------
{"event": "request_started", "path": "/api/payment/v1/history", "method": "GET", "request_id": "ff15939b-b38", "level": "info", "logger": "request", "timestamp": "2026-02-27T11:47:41.183901Z"}
{"event": "Unhandled exception [request_id=None] AttributeError: 'Depends' object has no attribute 'id'\n  + Exception Group Traceback (most recent call last):\n  |   File \"C:\\careertrojan\\.venv\\Lib\\site-packages\\starlette\\_utils.py\", line 77, in collapse_excgroups\n  |     yield\n  |   File \"C:\\careertrojan\\.venv\\Lib\\site-packages\\starlette\\middleware\\base.py\", line 186, in __call__\n  |     async with anyio.create_task_group() as task_group:\n  |   File \"C:\\careertrojan\\.venv\\Lib\\site-packages\\anyio\\_backends\\_asyncio.py\", line 783, in __aexit__\n  |     raise BaseExceptionGroup(\n  | ExceptionGroup: unhandled errors in a TaskGroup (1 sub-exception)\n  +-+---------------- 1 ----------------\n    | Traceback (most recent call last):\n    |   File \"C:\\careertrojan\\.venv\\Lib\\site-packages\\starlette\\middleware\\errors.py\", line 165, in __call__\n    |     await self.app(scope, receive, _send)\n    |   File \"C:\\careertrojan\\.venv\\Lib\\site-packages\\starlette\\middleware\\base.py\", line 185, in __call__\n    |     with collapse_excgroups():\n    |   File \"J:\\Python311\\Lib\\contextlib.py\", line 158, in __exit__\n    |     self.gen.throw(typ, value, traceback)\n    |   File \"C:\\careertrojan\\.venv\\Lib\\site-packages\\starlette\\_utils.py\", line 83, in collapse_excgroups\n    |     raise exc\n    |   File \"C:\\careertrojan\\.venv\\Lib\\site-packages\\starlette\\middleware\\base.py\", line 187, in __call__\n    |     response = await self.dispatch_func(request, call_next)\n    |                ^^^^^^^^^^^^^^^^^^^^^^^^^^^^^^^^^^^^^^^^^^^^\n    |   File \"C:\\careertrojan\\services\\backend_api\\middleware\\rate_limiter.py\", line 83, in dispatch\n    |     return await call_next(request)\n    |            ^^^^^^^^^^^^^^^^^^^^^^^^\n    |   File \"C:\\careertrojan\\.venv\\Lib\\site-packages\\starlette\\middleware\\base.py\", line 163, in call_next\n    |     raise app_exc\n    |   File \"C:\\careertrojan\\.venv\\Lib\\site-packages\\starlette\\middleware\\base.py\", line 149, in coro\n    |     await self.app(scope, receive_or_disconnect, send_no_error)\n    |   File \"C:\\careertrojan\\.venv\\Lib\\site-packages\\starlette\\middleware\\base.py\", line 185, in __call__\n    |     with collapse_excgroups():\n    |   File \"J:\\Python311\\Lib\\contextlib.py\", line 158, in __exit__\n    |     self.gen.throw(typ, value, traceback)\n    |   File \"C:\\careertrojan\\.venv\\Lib\\site-packages\\starlette\\_utils.py\", line 83, in collapse_excgroups\n    |     raise exc\n    |   File \"C:\\careertrojan\\.venv\\Lib\\site-packages\\starlette\\middleware\\base.py\", line 187, in __call__\n    |     response = await self.dispatch_func(request, call_next)\n    |                ^^^^^^^^^^^^^^^^^^^^^^^^^^^^^^^^^^^^^^^^^^^^\n    |   File \"C:\\careertrojan\\services\\backend_api\\middleware\\interaction_logger.py\", line 151, in dispatch\n    |     response: Response = await call_next(request)\n    |                          ^^^^^^^^^^^^^^^^^^^^^^^^\n    |   File \"C:\\careertrojan\\.venv\\Lib\\site-packages\\starlette\\middleware\\base.py\", line 163, in call_next\n    |     raise app_exc\n    |   File \"C:\\careertrojan\\.venv\\Lib\\site-packages\\starlette\\middleware\\base.py\", line 149, in coro\n    |     await self.app(scope, receive_or_disconnect, send_no_error)\n    |   File \"C:\\careertrojan\\.venv\\Lib\\site-packages\\starlette\\middleware\\base.py\", line 185, in __call__\n    |     with collapse_excgroups():\n    |   File \"J:\\Python311\\Lib\\contextlib.py\", line 158, in __exit__\n    |     self.gen.throw(typ, value, traceback)\n    |   File \"C:\\careertrojan\\.venv\\Lib\\site-packages\\starlette\\_utils.py\", line 83, in collapse_excgroups\n    |     raise exc\n    |   File \"C:\\careertrojan\\.venv\\Lib\\site-packages\\starlette\\middleware\\base.py\", line 187, in __call__\n    |     response = await self.dispatch_func(request, call_next)\n    |                ^^^^^^^^^^^^^^^^^^^^^^^^^^^^^^^^^^^^^^^^^^^^\n    |   File \"C:\\careertrojan\\services\\backend_api\\middleware\\request_correlation.py\", line 38, in dispatch\n    |     response = await call_next(request)\n    |                ^^^^^^^^^^^^^^^^^^^^^^^^\n    |   File \"C:\\careertrojan\\.venv\\Lib\\site-packages\\starlette\\middleware\\base.py\", line 163, in call_next\n    |     raise app_exc\n    |   File \"C:\\careertrojan\\.venv\\Lib\\site-packages\\starlette\\middleware\\base.py\", line 149, in coro\n    |     await self.app(scope, receive_or_disconnect, send_no_error)\n    |   File \"C:\\careertrojan\\.venv\\Lib\\site-packages\\starlette\\middleware\\cors.py\", line 85, in __call__\n    |     await self.app(scope, receive, send)\n    |   File \"C:\\careertrojan\\.venv\\Lib\\site-packages\\starlette\\middleware\\exceptions.py\", line 62, in __call__\n    |     await wrap_app_handling_exceptions(self.app, conn)(scope, receive, send)\n    |   File \"C:\\careertrojan\\.venv\\Lib\\site-packages\\starlette\\_exception_handler.py\", line 62, in wrapped_app\n    |     raise exc\n    |   File \"C:\\careertrojan\\.venv\\Lib\\site-packages\\starlette\\_exception_handler.py\", line 51, in wrapped_app\n    |     await app(scope, receive, sender)\n    |   File \"C:\\careertrojan\\.venv\\Lib\\site-packages\\fastapi\\middleware\\asyncexitstack.py\", line 18, in __call__\n    |     await self.app(scope, receive, send)\n    |   File \"C:\\careertrojan\\.venv\\Lib\\site-packages\\starlette\\routing.py\", line 715, in __call__\n    |     await self.middleware_stack(scope, receive, send)\n    |   File \"C:\\careertrojan\\.venv\\Lib\\site-packages\\starlette\\routing.py\", line 735, in app\n    |     await route.handle(scope, receive, send)\n    |   File \"C:\\careertrojan\\.venv\\Lib\\site-packages\\starlette\\routing.py\", line 288, in handle\n    |     await self.app(scope, receive, send)\n    |   File \"C:\\careertrojan\\.venv\\Lib\\site-packages\\fastapi\\routing.py\", line 119, in app\n    |     await wrap_app_handling_exceptions(app, request)(scope, receive, send)\n    |   File \"C:\\careertrojan\\.venv\\Lib\\site-packages\\starlette\\_exception_handler.py\", line 62, in wrapped_app\n    |     raise exc\n    |   File \"C:\\careertrojan\\.venv\\Lib\\site-packages\\starlette\\_exception_handler.py\", line 51, in wrapped_app\n    |     await app(scope, receive, sender)\n    |   File \"C:\\careertrojan\\.venv\\Lib\\site-packages\\fastapi\\routing.py\", line 105, in app\n    |     response = await f(request)\n    |                ^^^^^^^^^^^^^^^^\n    |   File \"C:\\careertrojan\\.venv\\Lib\\site-packages\\fastapi\\routing.py\", line 424, in app\n    |     raw_response = await run_endpoint_function(\n    |                    ^^^^^^^^^^^^^^^^^^^^^^^^^^^^\n    |   File \"C:\\careertrojan\\.venv\\Lib\\site-packages\\fastapi\\routing.py\", line 312, in run_endpoint_function\n    |     return await dependant.call(**values)\n    |            ^^^^^^^^^^^^^^^^^^^^^^^^^^^^^^\n    |   File \"C:\\careertrojan\\services\\backend_api\\routers\\payment.py\", line 358, in get_payment_history\n    |     user_id = _get_user_id_from_token()\n    |               ^^^^^^^^^^^^^^^^^^^^^^^^^\n    |   File \"C:\\careertrojan\\services\\backend_api\\routers\\payment.py\", line 164, in _get_user_id_from_token\n    |     return str(current_user.id)\n    |                ^^^^^^^^^^^^^^^\n    | AttributeError: 'Depends' object has no attribute 'id'\n    +------------------------------------\n\nDuring handling of the above exception, another exception occurred:\n\nTraceback (most recent call last):\n  File \"C:\\careertrojan\\.venv\\Lib\\site-packages\\starlette\\middleware\\errors.py\", line 165, in __call__\n    await self.app(scope, receive, _send)\n  File \"C:\\careertrojan\\.venv\\Lib\\site-packages\\starlette\\middleware\\base.py\", line 185, in __call__\n    with collapse_excgroups():\n  File \"J:\\Python311\\Lib\\contextlib.py\", line 158, in __exit__\n    self.gen.throw(typ, value, traceback)\n  File \"C:\\careertrojan\\.venv\\Lib\\site-packages\\starlette\\_utils.py\", line 83, in collapse_excgroups\n    raise exc\n  File \"C:\\careertrojan\\.venv\\Lib\\site-packages\\starlette\\middleware\\base.py\", line 187, in __call__\n    response = await self.dispatch_func(request, call_next)\n               ^^^^^^^^^^^^^^^^^^^^^^^^^^^^^^^^^^^^^^^^^^^^\n  File \"C:\\careertrojan\\services\\backend_api\\middleware\\rate_limiter.py\", line 83, in dispatch\n    return await call_next(request)\n           ^^^^^^^^^^^^^^^^^^^^^^^^\n  File \"C:\\careertrojan\\.venv\\Lib\\site-packages\\starlette\\middleware\\base.py\", line 163, in call_next\n    raise app_exc\n  File \"C:\\careertrojan\\.venv\\Lib\\site-packages\\starlette\\middleware\\base.py\", line 149, in coro\n    await self.app(scope, receive_or_disconnect, send_no_error)\n  File \"C:\\careertrojan\\.venv\\Lib\\site-packages\\starlette\\middleware\\base.py\", line 185, in __call__\n    with collapse_excgroups():\n  File \"J:\\Python311\\Lib\\contextlib.py\", line 158, in __exit__\n    self.gen.throw(typ, value, traceback)\n  File \"C:\\careertrojan\\.venv\\Lib\\site-packages\\starlette\\_utils.py\", line 83, in collapse_excgroups\n    raise exc\n  File \"C:\\careertrojan\\.venv\\Lib\\site-packages\\starlette\\middleware\\base.py\", line 187, in __call__\n    response = await self.dispatch_func(request, call_next)\n               ^^^^^^^^^^^^^^^^^^^^^^^^^^^^^^^^^^^^^^^^^^^^\n  File \"C:\\careertrojan\\services\\backend_api\\middleware\\interaction_logger.py\", line 151, in dispatch\n    response: Response = await call_next(request)\n                         ^^^^^^^^^^^^^^^^^^^^^^^^\n  File \"C:\\careertrojan\\.venv\\Lib\\site-packages\\starlette\\middleware\\base.py\", line 163, in call_next\n    raise app_exc\n  File \"C:\\careertrojan\\.venv\\Lib\\site-packages\\starlette\\middleware\\base.py\", line 149, in coro\n    await self.app(scope, receive_or_disconnect, send_no_error)\n  File \"C:\\careertrojan\\.venv\\Lib\\site-packages\\starlette\\middleware\\base.py\", line 185, in __call__\n    with collapse_excgroups():\n  File \"J:\\Python311\\Lib\\contextlib.py\", line 158, in __exit__\n    self.gen.throw(typ, value, traceback)\n  File \"C:\\careertrojan\\.venv\\Lib\\site-packages\\starlette\\_utils.py\", line 83, in collapse_excgroups\n    raise exc\n  File \"C:\\careertrojan\\.venv\\Lib\\site-packages\\starlette\\middleware\\base.py\", line 187, in __call__\n    response = await self.dispatch_func(request, call_next)\n               ^^^^^^^^^^^^^^^^^^^^^^^^^^^^^^^^^^^^^^^^^^^^\n  File \"C:\\careertrojan\\services\\backend_api\\middleware\\request_correlation.py\", line 38, in dispatch\n    response = await call_next(request)\n               ^^^^^^^^^^^^^^^^^^^^^^^^\n  File \"C:\\careertrojan\\.venv\\Lib\\site-packages\\starlette\\middleware\\base.py\", line 163, in call_next\n    raise app_exc\n  File \"C:\\careertrojan\\.venv\\Lib\\site-packages\\starlette\\middleware\\base.py\", line 149, in coro\n    await self.app(scope, receive_or_disconnect, send_no_error)\n  File \"C:\\careertrojan\\.venv\\Lib\\site-packages\\starlette\\middleware\\cors.py\", line 85, in __call__\n    await self.app(scope, receive, send)\n  File \"C:\\careertrojan\\.venv\\Lib\\site-packages\\starlette\\middleware\\exceptions.py\", line 62, in __call__\n    await wrap_app_handling_exceptions(self.app, conn)(scope, receive, send)\n  File \"C:\\careertrojan\\.venv\\Lib\\site-packages\\starlette\\_exception_handler.py\", line 62, in wrapped_app\n    raise exc\n  File \"C:\\careertrojan\\.venv\\Lib\\site-packages\\starlette\\_exception_handler.py\", line 51, in wrapped_app\n    await app(scope, receive, sender)\n  File \"C:\\careertrojan\\.venv\\Lib\\site-packages\\fastapi\\middleware\\asyncexitstack.py\", line 18, in __call__\n    await self.app(scope, receive, send)\n  File \"C:\\careertrojan\\.venv\\Lib\\site-packages\\starlette\\routing.py\", line 715, in __call__\n    await self.middleware_stack(scope, receive, send)\n  File \"C:\\careertrojan\\.venv\\Lib\\site-packages\\starlette\\routing.py\", line 735, in app\n    await route.handle(scope, receive, send)\n  File \"C:\\careertrojan\\.venv\\Lib\\site-packages\\starlette\\routing.py\", line 288, in handle\n    await self.app(scope, receive, send)\n  File \"C:\\careertrojan\\.venv\\Lib\\site-packages\\fastapi\\routing.py\", line 119, in app\n    await wrap_app_handling_exceptions(app, request)(scope, receive, send)\n  File \"C:\\careertrojan\\.venv\\Lib\\site-packages\\starlette\\_exception_handler.py\", line 62, in wrapped_app\n    raise exc\n  File \"C:\\careertrojan\\.venv\\Lib\\site-packages\\starlette\\_exception_handler.py\", line 51, in wrapped_app\n    await app(scope, receive, sender)\n  File \"C:\\careertrojan\\.venv\\Lib\\site-packages\\fastapi\\routing.py\", line 105, in app\n    response = await f(request)\n               ^^^^^^^^^^^^^^^^\n  File \"C:\\careertrojan\\.venv\\Lib\\site-packages\\fastapi\\routing.py\", line 424, in app\n    raw_response = await run_endpoint_function(\n                   ^^^^^^^^^^^^^^^^^^^^^^^^^^^^\n  File \"C:\\careertrojan\\.venv\\Lib\\site-packages\\fastapi\\routing.py\", line 312, in run_endpoint_function\n    return await dependant.call(**values)\n           ^^^^^^^^^^^^^^^^^^^^^^^^^^^^^^\n  File \"C:\\careertrojan\\services\\backend_api\\routers\\payment.py\", line 358, in get_payment_history\n    user_id = _get_user_id_from_token()\n              ^^^^^^^^^^^^^^^^^^^^^^^^^\n  File \"C:\\careertrojan\\services\\backend_api\\routers\\payment.py\", line 164, in _get_user_id_from_token\n    return str(current_user.id)\n               ^^^^^^^^^^^^^^^\nAttributeError: 'Depends' object has no attribute 'id'\n"}
------------------------------ Captured log call ------------------------------
INFO     request:request_correlation.py:36 {'event': 'request_started', 'path': '/api/payment/v1/history', 'method': 'GET', 'request_id': 'ff15939b-b38', 'level': 'info', 'logger': 'request', 'timestamp': '2026-02-27T11:47:41.183901Z'}
ERROR    services.backend_api.utils.error_handlers:error_handlers.py:192 Unhandled exception [request_id=None] AttributeError: 'Depends' object has no attribute 'id'
  + Exception Group Traceback (most recent call last):
  |   File "C:\careertrojan\.venv\Lib\site-packages\starlette\_utils.py", line 77, in collapse_excgroups
  |     yield
  |   File "C:\careertrojan\.venv\Lib\site-packages\starlette\middleware\base.py", line 186, in __call__
  |     async with anyio.create_task_group() as task_group:
  |   File "C:\careertrojan\.venv\Lib\site-packages\anyio\_backends\_asyncio.py", line 783, in __aexit__
  |     raise BaseExceptionGroup(
  | ExceptionGroup: unhandled errors in a TaskGroup (1 sub-exception)
  +-+---------------- 1 ----------------
    | Traceback (most recent call last):
    |   File "C:\careertrojan\.venv\Lib\site-packages\starlette\middleware\errors.py", line 165, in __call__
    |     await self.app(scope, receive, _send)
    |   File "C:\careertrojan\.venv\Lib\site-packages\starlette\middleware\base.py", line 185, in __call__
    |     with collapse_excgroups():
    |   File "J:\Python311\Lib\contextlib.py", line 158, in __exit__
    |     self.gen.throw(typ, value, traceback)
    |   File "C:\careertrojan\.venv\Lib\site-packages\starlette\_utils.py", line 83, in collapse_excgroups
    |     raise exc
    |   File "C:\careertrojan\.venv\Lib\site-packages\starlette\middleware\base.py", line 187, in __call__
    |     response = await self.dispatch_func(request, call_next)
    |                ^^^^^^^^^^^^^^^^^^^^^^^^^^^^^^^^^^^^^^^^^^^^
    |   File "C:\careertrojan\services\backend_api\middleware\rate_limiter.py", line 83, in dispatch
    |     return await call_next(request)
    |            ^^^^^^^^^^^^^^^^^^^^^^^^
    |   File "C:\careertrojan\.venv\Lib\site-packages\starlette\middleware\base.py", line 163, in call_next
    |     raise app_exc
    |   File "C:\careertrojan\.venv\Lib\site-packages\starlette\middleware\base.py", line 149, in coro
    |     await self.app(scope, receive_or_disconnect, send_no_error)
    |   File "C:\careertrojan\.venv\Lib\site-packages\starlette\middleware\base.py", line 185, in __call__
    |     with collapse_excgroups():
    |   File "J:\Python311\Lib\contextlib.py", line 158, in __exit__
    |     self.gen.throw(typ, value, traceback)
    |   File "C:\careertrojan\.venv\Lib\site-packages\starlette\_utils.py", line 83, in collapse_excgroups
    |     raise exc
    |   File "C:\careertrojan\.venv\Lib\site-packages\starlette\middleware\base.py", line 187, in __call__
    |     response = await self.dispatch_func(request, call_next)
    |                ^^^^^^^^^^^^^^^^^^^^^^^^^^^^^^^^^^^^^^^^^^^^
    |   File "C:\careertrojan\services\backend_api\middleware\interaction_logger.py", line 151, in dispatch
    |     response: Response = await call_next(request)
    |                          ^^^^^^^^^^^^^^^^^^^^^^^^
    |   File "C:\careertrojan\.venv\Lib\site-packages\starlette\middleware\base.py", line 163, in call_next
    |     raise app_exc
    |   File "C:\careertrojan\.venv\Lib\site-packages\starlette\middleware\base.py", line 149, in coro
    |     await self.app(scope, receive_or_disconnect, send_no_error)
    |   File "C:\careertrojan\.venv\Lib\site-packages\starlette\middleware\base.py", line 185, in __call__
    |     with collapse_excgroups():
    |   File "J:\Python311\Lib\contextlib.py", line 158, in __exit__
    |     self.gen.throw(typ, value, traceback)
    |   File "C:\careertrojan\.venv\Lib\site-packages\starlette\_utils.py", line 83, in collapse_excgroups
    |     raise exc
    |   File "C:\careertrojan\.venv\Lib\site-packages\starlette\middleware\base.py", line 187, in __call__
    |     response = await self.dispatch_func(request, call_next)
    |                ^^^^^^^^^^^^^^^^^^^^^^^^^^^^^^^^^^^^^^^^^^^^
    |   File "C:\careertrojan\services\backend_api\middleware\request_correlation.py", line 38, in dispatch
    |     response = await call_next(request)
    |                ^^^^^^^^^^^^^^^^^^^^^^^^
    |   File "C:\careertrojan\.venv\Lib\site-packages\starlette\middleware\base.py", line 163, in call_next
    |     raise app_exc
    |   File "C:\careertrojan\.venv\Lib\site-packages\starlette\middleware\base.py", line 149, in coro
    |     await self.app(scope, receive_or_disconnect, send_no_error)
    |   File "C:\careertrojan\.venv\Lib\site-packages\starlette\middleware\cors.py", line 85, in __call__
    |     await self.app(scope, receive, send)
    |   File "C:\careertrojan\.venv\Lib\site-packages\starlette\middleware\exceptions.py", line 62, in __call__
    |     await wrap_app_handling_exceptions(self.app, conn)(scope, receive, send)
    |   File "C:\careertrojan\.venv\Lib\site-packages\starlette\_exception_handler.py", line 62, in wrapped_app
    |     raise exc
    |   File "C:\careertrojan\.venv\Lib\site-packages\starlette\_exception_handler.py", line 51, in wrapped_app
    |     await app(scope, receive, sender)
    |   File "C:\careertrojan\.venv\Lib\site-packages\fastapi\middleware\asyncexitstack.py", line 18, in __call__
    |     await self.app(scope, receive, send)
    |   File "C:\careertrojan\.venv\Lib\site-packages\starlette\routing.py", line 715, in __call__
    |     await self.middleware_stack(scope, receive, send)
    |   File "C:\careertrojan\.venv\Lib\site-packages\starlette\routing.py", line 735, in app
    |     await route.handle(scope, receive, send)
    |   File "C:\careertrojan\.venv\Lib\site-packages\starlette\routing.py", line 288, in handle
    |     await self.app(scope, receive, send)
    |   File "C:\careertrojan\.venv\Lib\site-packages\fastapi\routing.py", line 119, in app
    |     await wrap_app_handling_exceptions(app, request)(scope, receive, send)
    |   File "C:\careertrojan\.venv\Lib\site-packages\starlette\_exception_handler.py", line 62, in wrapped_app
    |     raise exc
    |   File "C:\careertrojan\.venv\Lib\site-packages\starlette\_exception_handler.py", line 51, in wrapped_app
    |     await app(scope, receive, sender)
    |   File "C:\careertrojan\.venv\Lib\site-packages\fastapi\routing.py", line 105, in app
    |     response = await f(request)
    |                ^^^^^^^^^^^^^^^^
    |   File "C:\careertrojan\.venv\Lib\site-packages\fastapi\routing.py", line 424, in app
    |     raw_response = await run_endpoint_function(
    |                    ^^^^^^^^^^^^^^^^^^^^^^^^^^^^
    |   File "C:\careertrojan\.venv\Lib\site-packages\fastapi\routing.py", line 312, in run_endpoint_function
    |     return await dependant.call(**values)
    |            ^^^^^^^^^^^^^^^^^^^^^^^^^^^^^^
    |   File "C:\careertrojan\services\backend_api\routers\payment.py", line 358, in get_payment_history
    |     user_id = _get_user_id_from_token()
    |               ^^^^^^^^^^^^^^^^^^^^^^^^^
    |   File "C:\careertrojan\services\backend_api\routers\payment.py", line 164, in _get_user_id_from_token
    |     return str(current_user.id)
    |                ^^^^^^^^^^^^^^^
    | AttributeError: 'Depends' object has no attribute 'id'
    +------------------------------------

During handling of the above exception, another exception occurred:

Traceback (most recent call last):
  File "C:\careertrojan\.venv\Lib\site-packages\starlette\middleware\errors.py", line 165, in __call__
    await self.app(scope, receive, _send)
  File "C:\careertrojan\.venv\Lib\site-packages\starlette\middleware\base.py", line 185, in __call__
    with collapse_excgroups():
  File "J:\Python311\Lib\contextlib.py", line 158, in __exit__
    self.gen.throw(typ, value, traceback)
  File "C:\careertrojan\.venv\Lib\site-packages\starlette\_utils.py", line 83, in collapse_excgroups
    raise exc
  File "C:\careertrojan\.venv\Lib\site-packages\starlette\middleware\base.py", line 187, in __call__
    response = await self.dispatch_func(request, call_next)
               ^^^^^^^^^^^^^^^^^^^^^^^^^^^^^^^^^^^^^^^^^^^^
  File "C:\careertrojan\services\backend_api\middleware\rate_limiter.py", line 83, in dispatch
    return await call_next(request)
           ^^^^^^^^^^^^^^^^^^^^^^^^
  File "C:\careertrojan\.venv\Lib\site-packages\starlette\middleware\base.py", line 163, in call_next
    raise app_exc
  File "C:\careertrojan\.venv\Lib\site-packages\starlette\middleware\base.py", line 149, in coro
    await self.app(scope, receive_or_disconnect, send_no_error)
  File "C:\careertrojan\.venv\Lib\site-packages\starlette\middleware\base.py", line 185, in __call__
    with collapse_excgroups():
  File "J:\Python311\Lib\contextlib.py", line 158, in __exit__
    self.gen.throw(typ, value, traceback)
  File "C:\careertrojan\.venv\Lib\site-packages\starlette\_utils.py", line 83, in collapse_excgroups
    raise exc
  File "C:\careertrojan\.venv\Lib\site-packages\starlette\middleware\base.py", line 187, in __call__
    response = await self.dispatch_func(request, call_next)
               ^^^^^^^^^^^^^^^^^^^^^^^^^^^^^^^^^^^^^^^^^^^^
  File "C:\careertrojan\services\backend_api\middleware\interaction_logger.py", line 151, in dispatch
    response: Response = await call_next(request)
                         ^^^^^^^^^^^^^^^^^^^^^^^^
  File "C:\careertrojan\.venv\Lib\site-packages\starlette\middleware\base.py", line 163, in call_next
    raise app_exc
  File "C:\careertrojan\.venv\Lib\site-packages\starlette\middleware\base.py", line 149, in coro
    await self.app(scope, receive_or_disconnect, send_no_error)
  File "C:\careertrojan\.venv\Lib\site-packages\starlette\middleware\base.py", line 185, in __call__
    with collapse_excgroups():
  File "J:\Python311\Lib\contextlib.py", line 158, in __exit__
    self.gen.throw(typ, value, traceback)
  File "C:\careertrojan\.venv\Lib\site-packages\starlette\_utils.py", line 83, in collapse_excgroups
    raise exc
  File "C:\careertrojan\.venv\Lib\site-packages\starlette\middleware\base.py", line 187, in __call__
    response = await self.dispatch_func(request, call_next)
               ^^^^^^^^^^^^^^^^^^^^^^^^^^^^^^^^^^^^^^^^^^^^
  File "C:\careertrojan\services\backend_api\middleware\request_correlation.py", line 38, in dispatch
    response = await call_next(request)
               ^^^^^^^^^^^^^^^^^^^^^^^^
  File "C:\careertrojan\.venv\Lib\site-packages\starlette\middleware\base.py", line 163, in call_next
    raise app_exc
  File "C:\careertrojan\.venv\Lib\site-packages\starlette\middleware\base.py", line 149, in coro
    await self.app(scope, receive_or_disconnect, send_no_error)
  File "C:\careertrojan\.venv\Lib\site-packages\starlette\middleware\cors.py", line 85, in __call__
    await self.app(scope, receive, send)
  File "C:\careertrojan\.venv\Lib\site-packages\starlette\middleware\exceptions.py", line 62, in __call__
    await wrap_app_handling_exceptions(self.app, conn)(scope, receive, send)
  File "C:\careertrojan\.venv\Lib\site-packages\starlette\_exception_handler.py", line 62, in wrapped_app
    raise exc
  File "C:\careertrojan\.venv\Lib\site-packages\starlette\_exception_handler.py", line 51, in wrapped_app
    await app(scope, receive, sender)
  File "C:\careertrojan\.venv\Lib\site-packages\fastapi\middleware\asyncexitstack.py", line 18, in __call__
    await self.app(scope, receive, send)
  File "C:\careertrojan\.venv\Lib\site-packages\starlette\routing.py", line 715, in __call__
    await self.middleware_stack(scope, receive, send)
  File "C:\careertrojan\.venv\Lib\site-packages\starlette\routing.py", line 735, in app
    await route.handle(scope, receive, send)
  File "C:\careertrojan\.venv\Lib\site-packages\starlette\routing.py", line 288, in handle
    await self.app(scope, receive, send)
  File "C:\careertrojan\.venv\Lib\site-packages\fastapi\routing.py", line 119, in app
    await wrap_app_handling_exceptions(app, request)(scope, receive, send)
  File "C:\careertrojan\.venv\Lib\site-packages\starlette\_exception_handler.py", line 62, in wrapped_app
    raise exc
  File "C:\careertrojan\.venv\Lib\site-packages\starlette\_exception_handler.py", line 51, in wrapped_app
    await app(scope, receive, sender)
  File "C:\careertrojan\.venv\Lib\site-packages\fastapi\routing.py", line 105, in app
    response = await f(request)
               ^^^^^^^^^^^^^^^^
  File "C:\careertrojan\.venv\Lib\site-packages\fastapi\routing.py", line 424, in app
    raw_response = await run_endpoint_function(
                   ^^^^^^^^^^^^^^^^^^^^^^^^^^^^
  File "C:\careertrojan\.venv\Lib\site-packages\fastapi\routing.py", line 312, in run_endpoint_function
    return await dependant.call(**values)
           ^^^^^^^^^^^^^^^^^^^^^^^^^^^^^^
  File "C:\careertrojan\services\backend_api\routers\payment.py", line 358, in get_payment_history
    user_id = _get_user_id_from_token()
              ^^^^^^^^^^^^^^^^^^^^^^^^^
  File "C:\careertrojan\services\backend_api\routers\payment.py", line 164, in _get_user_id_from_token
    return str(current_user.id)
               ^^^^^^^^^^^^^^^
AttributeError: 'Depends' object has no attribute 'id'
C:\careertrojan\tests\unit\test_braintree.py:187: assert 500 == 200
E   assert 500 == 200
     +  where 500 = <Response [500 Internal Server Error]>.status_code
---------------------------- Captured stdout call -----------------------------
{"event": "request_started", "path": "/api/payment/v1/subscription", "method": "GET", "request_id": "bf11f2ba-695", "level": "info", "logger": "request", "timestamp": "2026-02-27T11:47:41.210167Z"}
{"event": "Unhandled exception [request_id=None] AttributeError: 'Depends' object has no attribute 'id'\n  + Exception Group Traceback (most recent call last):\n  |   File \"C:\\careertrojan\\.venv\\Lib\\site-packages\\starlette\\_utils.py\", line 77, in collapse_excgroups\n  |     yield\n  |   File \"C:\\careertrojan\\.venv\\Lib\\site-packages\\starlette\\middleware\\base.py\", line 186, in __call__\n  |     async with anyio.create_task_group() as task_group:\n  |   File \"C:\\careertrojan\\.venv\\Lib\\site-packages\\anyio\\_backends\\_asyncio.py\", line 783, in __aexit__\n  |     raise BaseExceptionGroup(\n  | ExceptionGroup: unhandled errors in a TaskGroup (1 sub-exception)\n  +-+---------------- 1 ----------------\n    | Traceback (most recent call last):\n    |   File \"C:\\careertrojan\\.venv\\Lib\\site-packages\\starlette\\middleware\\errors.py\", line 165, in __call__\n    |     await self.app(scope, receive, _send)\n    |   File \"C:\\careertrojan\\.venv\\Lib\\site-packages\\starlette\\middleware\\base.py\", line 185, in __call__\n    |     with collapse_excgroups():\n    |   File \"J:\\Python311\\Lib\\contextlib.py\", line 158, in __exit__\n    |     self.gen.throw(typ, value, traceback)\n    |   File \"C:\\careertrojan\\.venv\\Lib\\site-packages\\starlette\\_utils.py\", line 83, in collapse_excgroups\n    |     raise exc\n    |   File \"C:\\careertrojan\\.venv\\Lib\\site-packages\\starlette\\middleware\\base.py\", line 187, in __call__\n    |     response = await self.dispatch_func(request, call_next)\n    |                ^^^^^^^^^^^^^^^^^^^^^^^^^^^^^^^^^^^^^^^^^^^^\n    |   File \"C:\\careertrojan\\services\\backend_api\\middleware\\rate_limiter.py\", line 83, in dispatch\n    |     return await call_next(request)\n    |            ^^^^^^^^^^^^^^^^^^^^^^^^\n    |   File \"C:\\careertrojan\\.venv\\Lib\\site-packages\\starlette\\middleware\\base.py\", line 163, in call_next\n    |     raise app_exc\n    |   File \"C:\\careertrojan\\.venv\\Lib\\site-packages\\starlette\\middleware\\base.py\", line 149, in coro\n    |     await self.app(scope, receive_or_disconnect, send_no_error)\n    |   File \"C:\\careertrojan\\.venv\\Lib\\site-packages\\starlette\\middleware\\base.py\", line 185, in __call__\n    |     with collapse_excgroups():\n    |   File \"J:\\Python311\\Lib\\contextlib.py\", line 158, in __exit__\n    |     self.gen.throw(typ, value, traceback)\n    |   File \"C:\\careertrojan\\.venv\\Lib\\site-packages\\starlette\\_utils.py\", line 83, in collapse_excgroups\n    |     raise exc\n    |   File \"C:\\careertrojan\\.venv\\Lib\\site-packages\\starlette\\middleware\\base.py\", line 187, in __call__\n    |     response = await self.dispatch_func(request, call_next)\n    |                ^^^^^^^^^^^^^^^^^^^^^^^^^^^^^^^^^^^^^^^^^^^^\n    |   File \"C:\\careertrojan\\services\\backend_api\\middleware\\interaction_logger.py\", line 151, in dispatch\n    |     response: Response = await call_next(request)\n    |                          ^^^^^^^^^^^^^^^^^^^^^^^^\n    |   File \"C:\\careertrojan\\.venv\\Lib\\site-packages\\starlette\\middleware\\base.py\", line 163, in call_next\n    |     raise app_exc\n    |   File \"C:\\careertrojan\\.venv\\Lib\\site-packages\\starlette\\middleware\\base.py\", line 149, in coro\n    |     await self.app(scope, receive_or_disconnect, send_no_error)\n    |   File \"C:\\careertrojan\\.venv\\Lib\\site-packages\\starlette\\middleware\\base.py\", line 185, in __call__\n    |     with collapse_excgroups():\n    |   File \"J:\\Python311\\Lib\\contextlib.py\", line 158, in __exit__\n    |     self.gen.throw(typ, value, traceback)\n    |   File \"C:\\careertrojan\\.venv\\Lib\\site-packages\\starlette\\_utils.py\", line 83, in collapse_excgroups\n    |     raise exc\n    |   File \"C:\\careertrojan\\.venv\\Lib\\site-packages\\starlette\\middleware\\base.py\", line 187, in __call__\n    |     response = await self.dispatch_func(request, call_next)\n    |                ^^^^^^^^^^^^^^^^^^^^^^^^^^^^^^^^^^^^^^^^^^^^\n    |   File \"C:\\careertrojan\\services\\backend_api\\middleware\\request_correlation.py\", line 38, in dispatch\n    |     response = await call_next(request)\n    |                ^^^^^^^^^^^^^^^^^^^^^^^^\n    |   File \"C:\\careertrojan\\.venv\\Lib\\site-packages\\starlette\\middleware\\base.py\", line 163, in call_next\n    |     raise app_exc\n    |   File \"C:\\careertrojan\\.venv\\Lib\\site-packages\\starlette\\middleware\\base.py\", line 149, in coro\n    |     await self.app(scope, receive_or_disconnect, send_no_error)\n    |   File \"C:\\careertrojan\\.venv\\Lib\\site-packages\\starlette\\middleware\\cors.py\", line 85, in __call__\n    |     await self.app(scope, receive, send)\n    |   File \"C:\\careertrojan\\.venv\\Lib\\site-packages\\starlette\\middleware\\exceptions.py\", line 62, in __call__\n    |     await wrap_app_handling_exceptions(self.app, conn)(scope, receive, send)\n    |   File \"C:\\careertrojan\\.venv\\Lib\\site-packages\\starlette\\_exception_handler.py\", line 62, in wrapped_app\n    |     raise exc\n    |   File \"C:\\careertrojan\\.venv\\Lib\\site-packages\\starlette\\_exception_handler.py\", line 51, in wrapped_app\n    |     await app(scope, receive, sender)\n    |   File \"C:\\careertrojan\\.venv\\Lib\\site-packages\\fastapi\\middleware\\asyncexitstack.py\", line 18, in __call__\n    |     await self.app(scope, receive, send)\n    |   File \"C:\\careertrojan\\.venv\\Lib\\site-packages\\starlette\\routing.py\", line 715, in __call__\n    |     await self.middleware_stack(scope, receive, send)\n    |   File \"C:\\careertrojan\\.venv\\Lib\\site-packages\\starlette\\routing.py\", line 735, in app\n    |     await route.handle(scope, receive, send)\n    |   File \"C:\\careertrojan\\.venv\\Lib\\site-packages\\starlette\\routing.py\", line 288, in handle\n    |     await self.app(scope, receive, send)\n    |   File \"C:\\careertrojan\\.venv\\Lib\\site-packages\\fastapi\\routing.py\", line 119, in app\n    |     await wrap_app_handling_exceptions(app, request)(scope, receive, send)\n    |   File \"C:\\careertrojan\\.venv\\Lib\\site-packages\\starlette\\_exception_handler.py\", line 62, in wrapped_app\n    |     raise exc\n    |   File \"C:\\careertrojan\\.venv\\Lib\\site-packages\\starlette\\_exception_handler.py\", line 51, in wrapped_app\n    |     await app(scope, receive, sender)\n    |   File \"C:\\careertrojan\\.venv\\Lib\\site-packages\\fastapi\\routing.py\", line 105, in app\n    |     response = await f(request)\n    |                ^^^^^^^^^^^^^^^^\n    |   File \"C:\\careertrojan\\.venv\\Lib\\site-packages\\fastapi\\routing.py\", line 424, in app\n    |     raw_response = await run_endpoint_function(\n    |                    ^^^^^^^^^^^^^^^^^^^^^^^^^^^^\n    |   File \"C:\\careertrojan\\.venv\\Lib\\site-packages\\fastapi\\routing.py\", line 312, in run_endpoint_function\n    |     return await dependant.call(**values)\n    |            ^^^^^^^^^^^^^^^^^^^^^^^^^^^^^^\n    |   File \"C:\\careertrojan\\services\\backend_api\\routers\\payment.py\", line 372, in get_current_subscription\n    |     user_id = _get_user_id_from_token()\n    |               ^^^^^^^^^^^^^^^^^^^^^^^^^\n    |   File \"C:\\careertrojan\\services\\backend_api\\routers\\payment.py\", line 164, in _get_user_id_from_token\n    |     return str(current_user.id)\n    |                ^^^^^^^^^^^^^^^\n    | AttributeError: 'Depends' object has no attribute 'id'\n    +------------------------------------\n\nDuring handling of the above exception, another exception occurred:\n\nTraceback (most recent call last):\n  File \"C:\\careertrojan\\.venv\\Lib\\site-packages\\starlette\\middleware\\errors.py\", line 165, in __call__\n    await self.app(scope, receive, _send)\n  File \"C:\\careertrojan\\.venv\\Lib\\site-packages\\starlette\\middleware\\base.py\", line 185, in __call__\n    with collapse_excgroups():\n  File \"J:\\Python311\\Lib\\contextlib.py\", line 158, in __exit__\n    self.gen.throw(typ, value, traceback)\n  File \"C:\\careertrojan\\.venv\\Lib\\site-packages\\starlette\\_utils.py\", line 83, in collapse_excgroups\n    raise exc\n  File \"C:\\careertrojan\\.venv\\Lib\\site-packages\\starlette\\middleware\\base.py\", line 187, in __call__\n    response = await self.dispatch_func(request, call_next)\n               ^^^^^^^^^^^^^^^^^^^^^^^^^^^^^^^^^^^^^^^^^^^^\n  File \"C:\\careertrojan\\services\\backend_api\\middleware\\rate_limiter.py\", line 83, in dispatch\n    return await call_next(request)\n           ^^^^^^^^^^^^^^^^^^^^^^^^\n  File \"C:\\careertrojan\\.venv\\Lib\\site-packages\\starlette\\middleware\\base.py\", line 163, in call_next\n    raise app_exc\n  File \"C:\\careertrojan\\.venv\\Lib\\site-packages\\starlette\\middleware\\base.py\", line 149, in coro\n    await self.app(scope, receive_or_disconnect, send_no_error)\n  File \"C:\\careertrojan\\.venv\\Lib\\site-packages\\starlette\\middleware\\base.py\", line 185, in __call__\n    with collapse_excgroups():\n  File \"J:\\Python311\\Lib\\contextlib.py\", line 158, in __exit__\n    self.gen.throw(typ, value, traceback)\n  File \"C:\\careertrojan\\.venv\\Lib\\site-packages\\starlette\\_utils.py\", line 83, in collapse_excgroups\n    raise exc\n  File \"C:\\careertrojan\\.venv\\Lib\\site-packages\\starlette\\middleware\\base.py\", line 187, in __call__\n    response = await self.dispatch_func(request, call_next)\n               ^^^^^^^^^^^^^^^^^^^^^^^^^^^^^^^^^^^^^^^^^^^^\n  File \"C:\\careertrojan\\services\\backend_api\\middleware\\interaction_logger.py\", line 151, in dispatch\n    response: Response = await call_next(request)\n                         ^^^^^^^^^^^^^^^^^^^^^^^^\n  File \"C:\\careertrojan\\.venv\\Lib\\site-packages\\starlette\\middleware\\base.py\", line 163, in call_next\n    raise app_exc\n  File \"C:\\careertrojan\\.venv\\Lib\\site-packages\\starlette\\middleware\\base.py\", line 149, in coro\n    await self.app(scope, receive_or_disconnect, send_no_error)\n  File \"C:\\careertrojan\\.venv\\Lib\\site-packages\\starlette\\middleware\\base.py\", line 185, in __call__\n    with collapse_excgroups():\n  File \"J:\\Python311\\Lib\\contextlib.py\", line 158, in __exit__\n    self.gen.throw(typ, value, traceback)\n  File \"C:\\careertrojan\\.venv\\Lib\\site-packages\\starlette\\_utils.py\", line 83, in collapse_excgroups\n    raise exc\n  File \"C:\\careertrojan\\.venv\\Lib\\site-packages\\starlette\\middleware\\base.py\", line 187, in __call__\n    response = await self.dispatch_func(request, call_next)\n               ^^^^^^^^^^^^^^^^^^^^^^^^^^^^^^^^^^^^^^^^^^^^\n  File \"C:\\careertrojan\\services\\backend_api\\middleware\\request_correlation.py\", line 38, in dispatch\n    response = await call_next(request)\n               ^^^^^^^^^^^^^^^^^^^^^^^^\n  File \"C:\\careertrojan\\.venv\\Lib\\site-packages\\starlette\\middleware\\base.py\", line 163, in call_next\n    raise app_exc\n  File \"C:\\careertrojan\\.venv\\Lib\\site-packages\\starlette\\middleware\\base.py\", line 149, in coro\n    await self.app(scope, receive_or_disconnect, send_no_error)\n  File \"C:\\careertrojan\\.venv\\Lib\\site-packages\\starlette\\middleware\\cors.py\", line 85, in __call__\n    await self.app(scope, receive, send)\n  File \"C:\\careertrojan\\.venv\\Lib\\site-packages\\starlette\\middleware\\exceptions.py\", line 62, in __call__\n    await wrap_app_handling_exceptions(self.app, conn)(scope, receive, send)\n  File \"C:\\careertrojan\\.venv\\Lib\\site-packages\\starlette\\_exception_handler.py\", line 62, in wrapped_app\n    raise exc\n  File \"C:\\careertrojan\\.venv\\Lib\\site-packages\\starlette\\_exception_handler.py\", line 51, in wrapped_app\n    await app(scope, receive, sender)\n  File \"C:\\careertrojan\\.venv\\Lib\\site-packages\\fastapi\\middleware\\asyncexitstack.py\", line 18, in __call__\n    await self.app(scope, receive, send)\n  File \"C:\\careertrojan\\.venv\\Lib\\site-packages\\starlette\\routing.py\", line 715, in __call__\n    await self.middleware_stack(scope, receive, send)\n  File \"C:\\careertrojan\\.venv\\Lib\\site-packages\\starlette\\routing.py\", line 735, in app\n    await route.handle(scope, receive, send)\n  File \"C:\\careertrojan\\.venv\\Lib\\site-packages\\starlette\\routing.py\", line 288, in handle\n    await self.app(scope, receive, send)\n  File \"C:\\careertrojan\\.venv\\Lib\\site-packages\\fastapi\\routing.py\", line 119, in app\n    await wrap_app_handling_exceptions(app, request)(scope, receive, send)\n  File \"C:\\careertrojan\\.venv\\Lib\\site-packages\\starlette\\_exception_handler.py\", line 62, in wrapped_app\n    raise exc\n  File \"C:\\careertrojan\\.venv\\Lib\\site-packages\\starlette\\_exception_handler.py\", line 51, in wrapped_app\n    await app(scope, receive, sender)\n  File \"C:\\careertrojan\\.venv\\Lib\\site-packages\\fastapi\\routing.py\", line 105, in app\n    response = await f(request)\n               ^^^^^^^^^^^^^^^^\n  File \"C:\\careertrojan\\.venv\\Lib\\site-packages\\fastapi\\routing.py\", line 424, in app\n    raw_response = await run_endpoint_function(\n                   ^^^^^^^^^^^^^^^^^^^^^^^^^^^^\n  File \"C:\\careertrojan\\.venv\\Lib\\site-packages\\fastapi\\routing.py\", line 312, in run_endpoint_function\n    return await dependant.call(**values)\n           ^^^^^^^^^^^^^^^^^^^^^^^^^^^^^^\n  File \"C:\\careertrojan\\services\\backend_api\\routers\\payment.py\", line 372, in get_current_subscription\n    user_id = _get_user_id_from_token()\n              ^^^^^^^^^^^^^^^^^^^^^^^^^\n  File \"C:\\careertrojan\\services\\backend_api\\routers\\payment.py\", line 164, in _get_user_id_from_token\n    return str(current_user.id)\n               ^^^^^^^^^^^^^^^\nAttributeError: 'Depends' object has no attribute 'id'\n"}
------------------------------ Captured log call ------------------------------
INFO     request:request_correlation.py:36 {'event': 'request_started', 'path': '/api/payment/v1/subscription', 'method': 'GET', 'request_id': 'bf11f2ba-695', 'level': 'info', 'logger': 'request', 'timestamp': '2026-02-27T11:47:41.210167Z'}
ERROR    services.backend_api.utils.error_handlers:error_handlers.py:192 Unhandled exception [request_id=None] AttributeError: 'Depends' object has no attribute 'id'
  + Exception Group Traceback (most recent call last):
  |   File "C:\careertrojan\.venv\Lib\site-packages\starlette\_utils.py", line 77, in collapse_excgroups
  |     yield
  |   File "C:\careertrojan\.venv\Lib\site-packages\starlette\middleware\base.py", line 186, in __call__
  |     async with anyio.create_task_group() as task_group:
  |   File "C:\careertrojan\.venv\Lib\site-packages\anyio\_backends\_asyncio.py", line 783, in __aexit__
  |     raise BaseExceptionGroup(
  | ExceptionGroup: unhandled errors in a TaskGroup (1 sub-exception)
  +-+---------------- 1 ----------------
    | Traceback (most recent call last):
    |   File "C:\careertrojan\.venv\Lib\site-packages\starlette\middleware\errors.py", line 165, in __call__
    |     await self.app(scope, receive, _send)
    |   File "C:\careertrojan\.venv\Lib\site-packages\starlette\middleware\base.py", line 185, in __call__
    |     with collapse_excgroups():
    |   File "J:\Python311\Lib\contextlib.py", line 158, in __exit__
    |     self.gen.throw(typ, value, traceback)
    |   File "C:\careertrojan\.venv\Lib\site-packages\starlette\_utils.py", line 83, in collapse_excgroups
    |     raise exc
    |   File "C:\careertrojan\.venv\Lib\site-packages\starlette\middleware\base.py", line 187, in __call__
    |     response = await self.dispatch_func(request, call_next)
    |                ^^^^^^^^^^^^^^^^^^^^^^^^^^^^^^^^^^^^^^^^^^^^
    |   File "C:\careertrojan\services\backend_api\middleware\rate_limiter.py", line 83, in dispatch
    |     return await call_next(request)
    |            ^^^^^^^^^^^^^^^^^^^^^^^^
    |   File "C:\careertrojan\.venv\Lib\site-packages\starlette\middleware\base.py", line 163, in call_next
    |     raise app_exc
    |   File "C:\careertrojan\.venv\Lib\site-packages\starlette\middleware\base.py", line 149, in coro
    |     await self.app(scope, receive_or_disconnect, send_no_error)
    |   File "C:\careertrojan\.venv\Lib\site-packages\starlette\middleware\base.py", line 185, in __call__
    |     with collapse_excgroups():
    |   File "J:\Python311\Lib\contextlib.py", line 158, in __exit__
    |     self.gen.throw(typ, value, traceback)
    |   File "C:\careertrojan\.venv\Lib\site-packages\starlette\_utils.py", line 83, in collapse_excgroups
    |     raise exc
    |   File "C:\careertrojan\.venv\Lib\site-packages\starlette\middleware\base.py", line 187, in __call__
    |     response = await self.dispatch_func(request, call_next)
    |                ^^^^^^^^^^^^^^^^^^^^^^^^^^^^^^^^^^^^^^^^^^^^
    |   File "C:\careertrojan\services\backend_api\middleware\interaction_logger.py", line 151, in dispatch
    |     response: Response = await call_next(request)
    |                          ^^^^^^^^^^^^^^^^^^^^^^^^
    |   File "C:\careertrojan\.venv\Lib\site-packages\starlette\middleware\base.py", line 163, in call_next
    |     raise app_exc
    |   File "C:\careertrojan\.venv\Lib\site-packages\starlette\middleware\base.py", line 149, in coro
    |     await self.app(scope, receive_or_disconnect, send_no_error)
    |   File "C:\careertrojan\.venv\Lib\site-packages\starlette\middleware\base.py", line 185, in __call__
    |     with collapse_excgroups():
    |   File "J:\Python311\Lib\contextlib.py", line 158, in __exit__
    |     self.gen.throw(typ, value, traceback)
    |   File "C:\careertrojan\.venv\Lib\site-packages\starlette\_utils.py", line 83, in collapse_excgroups
    |     raise exc
    |   File "C:\careertrojan\.venv\Lib\site-packages\starlette\middleware\base.py", line 187, in __call__
    |     response = await self.dispatch_func(request, call_next)
    |                ^^^^^^^^^^^^^^^^^^^^^^^^^^^^^^^^^^^^^^^^^^^^
    |   File "C:\careertrojan\services\backend_api\middleware\request_correlation.py", line 38, in dispatch
    |     response = await call_next(request)
    |                ^^^^^^^^^^^^^^^^^^^^^^^^
    |   File "C:\careertrojan\.venv\Lib\site-packages\starlette\middleware\base.py", line 163, in call_next
    |     raise app_exc
    |   File "C:\careertrojan\.venv\Lib\site-packages\starlette\middleware\base.py", line 149, in coro
    |     await self.app(scope, receive_or_disconnect, send_no_error)
    |   File "C:\careertrojan\.venv\Lib\site-packages\starlette\middleware\cors.py", line 85, in __call__
    |     await self.app(scope, receive, send)
    |   File "C:\careertrojan\.venv\Lib\site-packages\starlette\middleware\exceptions.py", line 62, in __call__
    |     await wrap_app_handling_exceptions(self.app, conn)(scope, receive, send)
    |   File "C:\careertrojan\.venv\Lib\site-packages\starlette\_exception_handler.py", line 62, in wrapped_app
    |     raise exc
    |   File "C:\careertrojan\.venv\Lib\site-packages\starlette\_exception_handler.py", line 51, in wrapped_app
    |     await app(scope, receive, sender)
    |   File "C:\careertrojan\.venv\Lib\site-packages\fastapi\middleware\asyncexitstack.py", line 18, in __call__
    |     await self.app(scope, receive, send)
    |   File "C:\careertrojan\.venv\Lib\site-packages\starlette\routing.py", line 715, in __call__
    |     await self.middleware_stack(scope, receive, send)
    |   File "C:\careertrojan\.venv\Lib\site-packages\starlette\routing.py", line 735, in app
    |     await route.handle(scope, receive, send)
    |   File "C:\careertrojan\.venv\Lib\site-packages\starlette\routing.py", line 288, in handle
    |     await self.app(scope, receive, send)
    |   File "C:\careertrojan\.venv\Lib\site-packages\fastapi\routing.py", line 119, in app
    |     await wrap_app_handling_exceptions(app, request)(scope, receive, send)
    |   File "C:\careertrojan\.venv\Lib\site-packages\starlette\_exception_handler.py", line 62, in wrapped_app
    |     raise exc
    |   File "C:\careertrojan\.venv\Lib\site-packages\starlette\_exception_handler.py", line 51, in wrapped_app
    |     await app(scope, receive, sender)
    |   File "C:\careertrojan\.venv\Lib\site-packages\fastapi\routing.py", line 105, in app
    |     response = await f(request)
    |                ^^^^^^^^^^^^^^^^
    |   File "C:\careertrojan\.venv\Lib\site-packages\fastapi\routing.py", line 424, in app
    |     raw_response = await run_endpoint_function(
    |                    ^^^^^^^^^^^^^^^^^^^^^^^^^^^^
    |   File "C:\careertrojan\.venv\Lib\site-packages\fastapi\routing.py", line 312, in run_endpoint_function
    |     return await dependant.call(**values)
    |            ^^^^^^^^^^^^^^^^^^^^^^^^^^^^^^
    |   File "C:\careertrojan\services\backend_api\routers\payment.py", line 372, in get_current_subscription
    |     user_id = _get_user_id_from_token()
    |               ^^^^^^^^^^^^^^^^^^^^^^^^^
    |   File "C:\careertrojan\services\backend_api\routers\payment.py", line 164, in _get_user_id_from_token
    |     return str(current_user.id)
    |                ^^^^^^^^^^^^^^^
    | AttributeError: 'Depends' object has no attribute 'id'
    +------------------------------------

During handling of the above exception, another exception occurred:

Traceback (most recent call last):
  File "C:\careertrojan\.venv\Lib\site-packages\starlette\middleware\errors.py", line 165, in __call__
    await self.app(scope, receive, _send)
  File "C:\careertrojan\.venv\Lib\site-packages\starlette\middleware\base.py", line 185, in __call__
    with collapse_excgroups():
  File "J:\Python311\Lib\contextlib.py", line 158, in __exit__
    self.gen.throw(typ, value, traceback)
  File "C:\careertrojan\.venv\Lib\site-packages\starlette\_utils.py", line 83, in collapse_excgroups
    raise exc
  File "C:\careertrojan\.venv\Lib\site-packages\starlette\middleware\base.py", line 187, in __call__
    response = await self.dispatch_func(request, call_next)
               ^^^^^^^^^^^^^^^^^^^^^^^^^^^^^^^^^^^^^^^^^^^^
  File "C:\careertrojan\services\backend_api\middleware\rate_limiter.py", line 83, in dispatch
    return await call_next(request)
           ^^^^^^^^^^^^^^^^^^^^^^^^
  File "C:\careertrojan\.venv\Lib\site-packages\starlette\middleware\base.py", line 163, in call_next
    raise app_exc
  File "C:\careertrojan\.venv\Lib\site-packages\starlette\middleware\base.py", line 149, in coro
    await self.app(scope, receive_or_disconnect, send_no_error)
  File "C:\careertrojan\.venv\Lib\site-packages\starlette\middleware\base.py", line 185, in __call__
    with collapse_excgroups():
  File "J:\Python311\Lib\contextlib.py", line 158, in __exit__
    self.gen.throw(typ, value, traceback)
  File "C:\careertrojan\.venv\Lib\site-packages\starlette\_utils.py", line 83, in collapse_excgroups
    raise exc
  File "C:\careertrojan\.venv\Lib\site-packages\starlette\middleware\base.py", line 187, in __call__
    response = await self.dispatch_func(request, call_next)
               ^^^^^^^^^^^^^^^^^^^^^^^^^^^^^^^^^^^^^^^^^^^^
  File "C:\careertrojan\services\backend_api\middleware\interaction_logger.py", line 151, in dispatch
    response: Response = await call_next(request)
                         ^^^^^^^^^^^^^^^^^^^^^^^^
  File "C:\careertrojan\.venv\Lib\site-packages\starlette\middleware\base.py", line 163, in call_next
    raise app_exc
  File "C:\careertrojan\.venv\Lib\site-packages\starlette\middleware\base.py", line 149, in coro
    await self.app(scope, receive_or_disconnect, send_no_error)
  File "C:\careertrojan\.venv\Lib\site-packages\starlette\middleware\base.py", line 185, in __call__
    with collapse_excgroups():
  File "J:\Python311\Lib\contextlib.py", line 158, in __exit__
    self.gen.throw(typ, value, traceback)
  File "C:\careertrojan\.venv\Lib\site-packages\starlette\_utils.py", line 83, in collapse_excgroups
    raise exc
  File "C:\careertrojan\.venv\Lib\site-packages\starlette\middleware\base.py", line 187, in __call__
    response = await self.dispatch_func(request, call_next)
               ^^^^^^^^^^^^^^^^^^^^^^^^^^^^^^^^^^^^^^^^^^^^
  File "C:\careertrojan\services\backend_api\middleware\request_correlation.py", line 38, in dispatch
    response = await call_next(request)
               ^^^^^^^^^^^^^^^^^^^^^^^^
  File "C:\careertrojan\.venv\Lib\site-packages\starlette\middleware\base.py", line 163, in call_next
    raise app_exc
  File "C:\careertrojan\.venv\Lib\site-packages\starlette\middleware\base.py", line 149, in coro
    await self.app(scope, receive_or_disconnect, send_no_error)
  File "C:\careertrojan\.venv\Lib\site-packages\starlette\middleware\cors.py", line 85, in __call__
    await self.app(scope, receive, send)
  File "C:\careertrojan\.venv\Lib\site-packages\starlette\middleware\exceptions.py", line 62, in __call__
    await wrap_app_handling_exceptions(self.app, conn)(scope, receive, send)
  File "C:\careertrojan\.venv\Lib\site-packages\starlette\_exception_handler.py", line 62, in wrapped_app
    raise exc
  File "C:\careertrojan\.venv\Lib\site-packages\starlette\_exception_handler.py", line 51, in wrapped_app
    await app(scope, receive, sender)
  File "C:\careertrojan\.venv\Lib\site-packages\fastapi\middleware\asyncexitstack.py", line 18, in __call__
    await self.app(scope, receive, send)
  File "C:\careertrojan\.venv\Lib\site-packages\starlette\routing.py", line 715, in __call__
    await self.middleware_stack(scope, receive, send)
  File "C:\careertrojan\.venv\Lib\site-packages\starlette\routing.py", line 735, in app
    await route.handle(scope, receive, send)
  File "C:\careertrojan\.venv\Lib\site-packages\starlette\routing.py", line 288, in handle
    await self.app(scope, receive, send)
  File "C:\careertrojan\.venv\Lib\site-packages\fastapi\routing.py", line 119, in app
    await wrap_app_handling_exceptions(app, request)(scope, receive, send)
  File "C:\careertrojan\.venv\Lib\site-packages\starlette\_exception_handler.py", line 62, in wrapped_app
    raise exc
  File "C:\careertrojan\.venv\Lib\site-packages\starlette\_exception_handler.py", line 51, in wrapped_app
    await app(scope, receive, sender)
  File "C:\careertrojan\.venv\Lib\site-packages\fastapi\routing.py", line 105, in app
    response = await f(request)
               ^^^^^^^^^^^^^^^^
  File "C:\careertrojan\.venv\Lib\site-packages\fastapi\routing.py", line 424, in app
    raw_response = await run_endpoint_function(
                   ^^^^^^^^^^^^^^^^^^^^^^^^^^^^
  File "C:\careertrojan\.venv\Lib\site-packages\fastapi\routing.py", line 312, in run_endpoint_function
    return await dependant.call(**values)
           ^^^^^^^^^^^^^^^^^^^^^^^^^^^^^^
  File "C:\careertrojan\services\backend_api\routers\payment.py", line 372, in get_current_subscription
    user_id = _get_user_id_from_token()
              ^^^^^^^^^^^^^^^^^^^^^^^^^
  File "C:\careertrojan\services\backend_api\routers\payment.py", line 164, in _get_user_id_from_token
    return str(current_user.id)
               ^^^^^^^^^^^^^^^
AttributeError: 'Depends' object has no attribute 'id'
C:\careertrojan\tests\unit\test_braintree.py:193: assert 500 == 200
E   assert 500 == 200
     +  where 500 = <Response [500 Internal Server Error]>.status_code
---------------------------- Captured stdout call -----------------------------
{"event": "request_started", "path": "/api/payment/v1/cancel", "method": "POST", "request_id": "5900bcda-c06", "level": "info", "logger": "request", "timestamp": "2026-02-27T11:47:41.242941Z"}
{"event": "Unhandled exception [request_id=None] AttributeError: 'Depends' object has no attribute 'id'\n  + Exception Group Traceback (most recent call last):\n  |   File \"C:\\careertrojan\\.venv\\Lib\\site-packages\\starlette\\_utils.py\", line 77, in collapse_excgroups\n  |     yield\n  |   File \"C:\\careertrojan\\.venv\\Lib\\site-packages\\starlette\\middleware\\base.py\", line 186, in __call__\n  |     async with anyio.create_task_group() as task_group:\n  |   File \"C:\\careertrojan\\.venv\\Lib\\site-packages\\anyio\\_backends\\_asyncio.py\", line 783, in __aexit__\n  |     raise BaseExceptionGroup(\n  | ExceptionGroup: unhandled errors in a TaskGroup (1 sub-exception)\n  +-+---------------- 1 ----------------\n    | Traceback (most recent call last):\n    |   File \"C:\\careertrojan\\.venv\\Lib\\site-packages\\starlette\\middleware\\errors.py\", line 165, in __call__\n    |     await self.app(scope, receive, _send)\n    |   File \"C:\\careertrojan\\.venv\\Lib\\site-packages\\starlette\\middleware\\base.py\", line 185, in __call__\n    |     with collapse_excgroups():\n    |   File \"J:\\Python311\\Lib\\contextlib.py\", line 158, in __exit__\n    |     self.gen.throw(typ, value, traceback)\n    |   File \"C:\\careertrojan\\.venv\\Lib\\site-packages\\starlette\\_utils.py\", line 83, in collapse_excgroups\n    |     raise exc\n    |   File \"C:\\careertrojan\\.venv\\Lib\\site-packages\\starlette\\middleware\\base.py\", line 187, in __call__\n    |     response = await self.dispatch_func(request, call_next)\n    |                ^^^^^^^^^^^^^^^^^^^^^^^^^^^^^^^^^^^^^^^^^^^^\n    |   File \"C:\\careertrojan\\services\\backend_api\\middleware\\rate_limiter.py\", line 83, in dispatch\n    |     return await call_next(request)\n    |            ^^^^^^^^^^^^^^^^^^^^^^^^\n    |   File \"C:\\careertrojan\\.venv\\Lib\\site-packages\\starlette\\middleware\\base.py\", line 163, in call_next\n    |     raise app_exc\n    |   File \"C:\\careertrojan\\.venv\\Lib\\site-packages\\starlette\\middleware\\base.py\", line 149, in coro\n    |     await self.app(scope, receive_or_disconnect, send_no_error)\n    |   File \"C:\\careertrojan\\.venv\\Lib\\site-packages\\starlette\\middleware\\base.py\", line 185, in __call__\n    |     with collapse_excgroups():\n    |   File \"J:\\Python311\\Lib\\contextlib.py\", line 158, in __exit__\n    |     self.gen.throw(typ, value, traceback)\n    |   File \"C:\\careertrojan\\.venv\\Lib\\site-packages\\starlette\\_utils.py\", line 83, in collapse_excgroups\n    |     raise exc\n    |   File \"C:\\careertrojan\\.venv\\Lib\\site-packages\\starlette\\middleware\\base.py\", line 187, in __call__\n    |     response = await self.dispatch_func(request, call_next)\n    |                ^^^^^^^^^^^^^^^^^^^^^^^^^^^^^^^^^^^^^^^^^^^^\n    |   File \"C:\\careertrojan\\services\\backend_api\\middleware\\interaction_logger.py\", line 151, in dispatch\n    |     response: Response = await call_next(request)\n    |                          ^^^^^^^^^^^^^^^^^^^^^^^^\n    |   File \"C:\\careertrojan\\.venv\\Lib\\site-packages\\starlette\\middleware\\base.py\", line 163, in call_next\n    |     raise app_exc\n    |   File \"C:\\careertrojan\\.venv\\Lib\\site-packages\\starlette\\middleware\\base.py\", line 149, in coro\n    |     await self.app(scope, receive_or_disconnect, send_no_error)\n    |   File \"C:\\careertrojan\\.venv\\Lib\\site-packages\\starlette\\middleware\\base.py\", line 185, in __call__\n    |     with collapse_excgroups():\n    |   File \"J:\\Python311\\Lib\\contextlib.py\", line 158, in __exit__\n    |     self.gen.throw(typ, value, traceback)\n    |   File \"C:\\careertrojan\\.venv\\Lib\\site-packages\\starlette\\_utils.py\", line 83, in collapse_excgroups\n    |     raise exc\n    |   File \"C:\\careertrojan\\.venv\\Lib\\site-packages\\starlette\\middleware\\base.py\", line 187, in __call__\n    |     response = await self.dispatch_func(request, call_next)\n    |                ^^^^^^^^^^^^^^^^^^^^^^^^^^^^^^^^^^^^^^^^^^^^\n    |   File \"C:\\careertrojan\\services\\backend_api\\middleware\\request_correlation.py\", line 38, in dispatch\n    |     response = await call_next(request)\n    |                ^^^^^^^^^^^^^^^^^^^^^^^^\n    |   File \"C:\\careertrojan\\.venv\\Lib\\site-packages\\starlette\\middleware\\base.py\", line 163, in call_next\n    |     raise app_exc\n    |   File \"C:\\careertrojan\\.venv\\Lib\\site-packages\\starlette\\middleware\\base.py\", line 149, in coro\n    |     await self.app(scope, receive_or_disconnect, send_no_error)\n    |   File \"C:\\careertrojan\\.venv\\Lib\\site-packages\\starlette\\middleware\\cors.py\", line 85, in __call__\n    |     await self.app(scope, receive, send)\n    |   File \"C:\\careertrojan\\.venv\\Lib\\site-packages\\starlette\\middleware\\exceptions.py\", line 62, in __call__\n    |     await wrap_app_handling_exceptions(self.app, conn)(scope, receive, send)\n    |   File \"C:\\careertrojan\\.venv\\Lib\\site-packages\\starlette\\_exception_handler.py\", line 62, in wrapped_app\n    |     raise exc\n    |   File \"C:\\careertrojan\\.venv\\Lib\\site-packages\\starlette\\_exception_handler.py\", line 51, in wrapped_app\n    |     await app(scope, receive, sender)\n    |   File \"C:\\careertrojan\\.venv\\Lib\\site-packages\\fastapi\\middleware\\asyncexitstack.py\", line 18, in __call__\n    |     await self.app(scope, receive, send)\n    |   File \"C:\\careertrojan\\.venv\\Lib\\site-packages\\starlette\\routing.py\", line 715, in __call__\n    |     await self.middleware_stack(scope, receive, send)\n    |   File \"C:\\careertrojan\\.venv\\Lib\\site-packages\\starlette\\routing.py\", line 735, in app\n    |     await route.handle(scope, receive, send)\n    |   File \"C:\\careertrojan\\.venv\\Lib\\site-packages\\starlette\\routing.py\", line 288, in handle\n    |     await self.app(scope, receive, send)\n    |   File \"C:\\careertrojan\\.venv\\Lib\\site-packages\\fastapi\\routing.py\", line 119, in app\n    |     await wrap_app_handling_exceptions(app, request)(scope, receive, send)\n    |   File \"C:\\careertrojan\\.venv\\Lib\\site-packages\\starlette\\_exception_handler.py\", line 62, in wrapped_app\n    |     raise exc\n    |   File \"C:\\careertrojan\\.venv\\Lib\\site-packages\\starlette\\_exception_handler.py\", line 51, in wrapped_app\n    |     await app(scope, receive, sender)\n    |   File \"C:\\careertrojan\\.venv\\Lib\\site-packages\\fastapi\\routing.py\", line 105, in app\n    |     response = await f(request)\n    |                ^^^^^^^^^^^^^^^^\n    |   File \"C:\\careertrojan\\.venv\\Lib\\site-packages\\fastapi\\routing.py\", line 424, in app\n    |     raw_response = await run_endpoint_function(\n    |                    ^^^^^^^^^^^^^^^^^^^^^^^^^^^^\n    |   File \"C:\\careertrojan\\.venv\\Lib\\site-packages\\fastapi\\routing.py\", line 312, in run_endpoint_function\n    |     return await dependant.call(**values)\n    |            ^^^^^^^^^^^^^^^^^^^^^^^^^^^^^^\n    |   File \"C:\\careertrojan\\services\\backend_api\\routers\\payment.py\", line 400, in cancel_subscription\n    |     user_id = _get_user_id_from_token()\n    |               ^^^^^^^^^^^^^^^^^^^^^^^^^\n    |   File \"C:\\careertrojan\\services\\backend_api\\routers\\payment.py\", line 164, in _get_user_id_from_token\n    |     return str(current_user.id)\n    |                ^^^^^^^^^^^^^^^\n    | AttributeError: 'Depends' object has no attribute 'id'\n    +------------------------------------\n\nDuring handling of the above exception, another exception occurred:\n\nTraceback (most recent call last):\n  File \"C:\\careertrojan\\.venv\\Lib\\site-packages\\starlette\\middleware\\errors.py\", line 165, in __call__\n    await self.app(scope, receive, _send)\n  File \"C:\\careertrojan\\.venv\\Lib\\site-packages\\starlette\\middleware\\base.py\", line 185, in __call__\n    with collapse_excgroups():\n  File \"J:\\Python311\\Lib\\contextlib.py\", line 158, in __exit__\n    self.gen.throw(typ, value, traceback)\n  File \"C:\\careertrojan\\.venv\\Lib\\site-packages\\starlette\\_utils.py\", line 83, in collapse_excgroups\n    raise exc\n  File \"C:\\careertrojan\\.venv\\Lib\\site-packages\\starlette\\middleware\\base.py\", line 187, in __call__\n    response = await self.dispatch_func(request, call_next)\n               ^^^^^^^^^^^^^^^^^^^^^^^^^^^^^^^^^^^^^^^^^^^^\n  File \"C:\\careertrojan\\services\\backend_api\\middleware\\rate_limiter.py\", line 83, in dispatch\n    return await call_next(request)\n           ^^^^^^^^^^^^^^^^^^^^^^^^\n  File \"C:\\careertrojan\\.venv\\Lib\\site-packages\\starlette\\middleware\\base.py\", line 163, in call_next\n    raise app_exc\n  File \"C:\\careertrojan\\.venv\\Lib\\site-packages\\starlette\\middleware\\base.py\", line 149, in coro\n    await self.app(scope, receive_or_disconnect, send_no_error)\n  File \"C:\\careertrojan\\.venv\\Lib\\site-packages\\starlette\\middleware\\base.py\", line 185, in __call__\n    with collapse_excgroups():\n  File \"J:\\Python311\\Lib\\contextlib.py\", line 158, in __exit__\n    self.gen.throw(typ, value, traceback)\n  File \"C:\\careertrojan\\.venv\\Lib\\site-packages\\starlette\\_utils.py\", line 83, in collapse_excgroups\n    raise exc\n  File \"C:\\careertrojan\\.venv\\Lib\\site-packages\\starlette\\middleware\\base.py\", line 187, in __call__\n    response = await self.dispatch_func(request, call_next)\n               ^^^^^^^^^^^^^^^^^^^^^^^^^^^^^^^^^^^^^^^^^^^^\n  File \"C:\\careertrojan\\services\\backend_api\\middleware\\interaction_logger.py\", line 151, in dispatch\n    response: Response = await call_next(request)\n                         ^^^^^^^^^^^^^^^^^^^^^^^^\n  File \"C:\\careertrojan\\.venv\\Lib\\site-packages\\starlette\\middleware\\base.py\", line 163, in call_next\n    raise app_exc\n  File \"C:\\careertrojan\\.venv\\Lib\\site-packages\\starlette\\middleware\\base.py\", line 149, in coro\n    await self.app(scope, receive_or_disconnect, send_no_error)\n  File \"C:\\careertrojan\\.venv\\Lib\\site-packages\\starlette\\middleware\\base.py\", line 185, in __call__\n    with collapse_excgroups():\n  File \"J:\\Python311\\Lib\\contextlib.py\", line 158, in __exit__\n    self.gen.throw(typ, value, traceback)\n  File \"C:\\careertrojan\\.venv\\Lib\\site-packages\\starlette\\_utils.py\", line 83, in collapse_excgroups\n    raise exc\n  File \"C:\\careertrojan\\.venv\\Lib\\site-packages\\starlette\\middleware\\base.py\", line 187, in __call__\n    response = await self.dispatch_func(request, call_next)\n               ^^^^^^^^^^^^^^^^^^^^^^^^^^^^^^^^^^^^^^^^^^^^\n  File \"C:\\careertrojan\\services\\backend_api\\middleware\\request_correlation.py\", line 38, in dispatch\n    response = await call_next(request)\n               ^^^^^^^^^^^^^^^^^^^^^^^^\n  File \"C:\\careertrojan\\.venv\\Lib\\site-packages\\starlette\\middleware\\base.py\", line 163, in call_next\n    raise app_exc\n  File \"C:\\careertrojan\\.venv\\Lib\\site-packages\\starlette\\middleware\\base.py\", line 149, in coro\n    await self.app(scope, receive_or_disconnect, send_no_error)\n  File \"C:\\careertrojan\\.venv\\Lib\\site-packages\\starlette\\middleware\\cors.py\", line 85, in __call__\n    await self.app(scope, receive, send)\n  File \"C:\\careertrojan\\.venv\\Lib\\site-packages\\starlette\\middleware\\exceptions.py\", line 62, in __call__\n    await wrap_app_handling_exceptions(self.app, conn)(scope, receive, send)\n  File \"C:\\careertrojan\\.venv\\Lib\\site-packages\\starlette\\_exception_handler.py\", line 62, in wrapped_app\n    raise exc\n  File \"C:\\careertrojan\\.venv\\Lib\\site-packages\\starlette\\_exception_handler.py\", line 51, in wrapped_app\n    await app(scope, receive, sender)\n  File \"C:\\careertrojan\\.venv\\Lib\\site-packages\\fastapi\\middleware\\asyncexitstack.py\", line 18, in __call__\n    await self.app(scope, receive, send)\n  File \"C:\\careertrojan\\.venv\\Lib\\site-packages\\starlette\\routing.py\", line 715, in __call__\n    await self.middleware_stack(scope, receive, send)\n  File \"C:\\careertrojan\\.venv\\Lib\\site-packages\\starlette\\routing.py\", line 735, in app\n    await route.handle(scope, receive, send)\n  File \"C:\\careertrojan\\.venv\\Lib\\site-packages\\starlette\\routing.py\", line 288, in handle\n    await self.app(scope, receive, send)\n  File \"C:\\careertrojan\\.venv\\Lib\\site-packages\\fastapi\\routing.py\", line 119, in app\n    await wrap_app_handling_exceptions(app, request)(scope, receive, send)\n  File \"C:\\careertrojan\\.venv\\Lib\\site-packages\\starlette\\_exception_handler.py\", line 62, in wrapped_app\n    raise exc\n  File \"C:\\careertrojan\\.venv\\Lib\\site-packages\\starlette\\_exception_handler.py\", line 51, in wrapped_app\n    await app(scope, receive, sender)\n  File \"C:\\careertrojan\\.venv\\Lib\\site-packages\\fastapi\\routing.py\", line 105, in app\n    response = await f(request)\n               ^^^^^^^^^^^^^^^^\n  File \"C:\\careertrojan\\.venv\\Lib\\site-packages\\fastapi\\routing.py\", line 424, in app\n    raw_response = await run_endpoint_function(\n                   ^^^^^^^^^^^^^^^^^^^^^^^^^^^^\n  File \"C:\\careertrojan\\.venv\\Lib\\site-packages\\fastapi\\routing.py\", line 312, in run_endpoint_function\n    return await dependant.call(**values)\n           ^^^^^^^^^^^^^^^^^^^^^^^^^^^^^^\n  File \"C:\\careertrojan\\services\\backend_api\\routers\\payment.py\", line 400, in cancel_subscription\n    user_id = _get_user_id_from_token()\n              ^^^^^^^^^^^^^^^^^^^^^^^^^\n  File \"C:\\careertrojan\\services\\backend_api\\routers\\payment.py\", line 164, in _get_user_id_from_token\n    return str(current_user.id)\n               ^^^^^^^^^^^^^^^\nAttributeError: 'Depends' object has no attribute 'id'\n"}
------------------------------ Captured log call ------------------------------
INFO     request:request_correlation.py:36 {'event': 'request_started', 'path': '/api/payment/v1/cancel', 'method': 'POST', 'request_id': '5900bcda-c06', 'level': 'info', 'logger': 'request', 'timestamp': '2026-02-27T11:47:41.242941Z'}
ERROR    services.backend_api.utils.error_handlers:error_handlers.py:192 Unhandled exception [request_id=None] AttributeError: 'Depends' object has no attribute 'id'
  + Exception Group Traceback (most recent call last):
  |   File "C:\careertrojan\.venv\Lib\site-packages\starlette\_utils.py", line 77, in collapse_excgroups
  |     yield
  |   File "C:\careertrojan\.venv\Lib\site-packages\starlette\middleware\base.py", line 186, in __call__
  |     async with anyio.create_task_group() as task_group:
  |   File "C:\careertrojan\.venv\Lib\site-packages\anyio\_backends\_asyncio.py", line 783, in __aexit__
  |     raise BaseExceptionGroup(
  | ExceptionGroup: unhandled errors in a TaskGroup (1 sub-exception)
  +-+---------------- 1 ----------------
    | Traceback (most recent call last):
    |   File "C:\careertrojan\.venv\Lib\site-packages\starlette\middleware\errors.py", line 165, in __call__
    |     await self.app(scope, receive, _send)
    |   File "C:\careertrojan\.venv\Lib\site-packages\starlette\middleware\base.py", line 185, in __call__
    |     with collapse_excgroups():
    |   File "J:\Python311\Lib\contextlib.py", line 158, in __exit__
    |     self.gen.throw(typ, value, traceback)
    |   File "C:\careertrojan\.venv\Lib\site-packages\starlette\_utils.py", line 83, in collapse_excgroups
    |     raise exc
    |   File "C:\careertrojan\.venv\Lib\site-packages\starlette\middleware\base.py", line 187, in __call__
    |     response = await self.dispatch_func(request, call_next)
    |                ^^^^^^^^^^^^^^^^^^^^^^^^^^^^^^^^^^^^^^^^^^^^
    |   File "C:\careertrojan\services\backend_api\middleware\rate_limiter.py", line 83, in dispatch
    |     return await call_next(request)
    |            ^^^^^^^^^^^^^^^^^^^^^^^^
    |   File "C:\careertrojan\.venv\Lib\site-packages\starlette\middleware\base.py", line 163, in call_next
    |     raise app_exc
    |   File "C:\careertrojan\.venv\Lib\site-packages\starlette\middleware\base.py", line 149, in coro
    |     await self.app(scope, receive_or_disconnect, send_no_error)
    |   File "C:\careertrojan\.venv\Lib\site-packages\starlette\middleware\base.py", line 185, in __call__
    |     with collapse_excgroups():
    |   File "J:\Python311\Lib\contextlib.py", line 158, in __exit__
    |     self.gen.throw(typ, value, traceback)
    |   File "C:\careertrojan\.venv\Lib\site-packages\starlette\_utils.py", line 83, in collapse_excgroups
    |     raise exc
    |   File "C:\careertrojan\.venv\Lib\site-packages\starlette\middleware\base.py", line 187, in __call__
    |     response = await self.dispatch_func(request, call_next)
    |                ^^^^^^^^^^^^^^^^^^^^^^^^^^^^^^^^^^^^^^^^^^^^
    |   File "C:\careertrojan\services\backend_api\middleware\interaction_logger.py", line 151, in dispatch
    |     response: Response = await call_next(request)
    |                          ^^^^^^^^^^^^^^^^^^^^^^^^
    |   File "C:\careertrojan\.venv\Lib\site-packages\starlette\middleware\base.py", line 163, in call_next
    |     raise app_exc
    |   File "C:\careertrojan\.venv\Lib\site-packages\starlette\middleware\base.py", line 149, in coro
    |     await self.app(scope, receive_or_disconnect, send_no_error)
    |   File "C:\careertrojan\.venv\Lib\site-packages\starlette\middleware\base.py", line 185, in __call__
    |     with collapse_excgroups():
    |   File "J:\Python311\Lib\contextlib.py", line 158, in __exit__
    |     self.gen.throw(typ, value, traceback)
    |   File "C:\careertrojan\.venv\Lib\site-packages\starlette\_utils.py", line 83, in collapse_excgroups
    |     raise exc
    |   File "C:\careertrojan\.venv\Lib\site-packages\starlette\middleware\base.py", line 187, in __call__
    |     response = await self.dispatch_func(request, call_next)
    |                ^^^^^^^^^^^^^^^^^^^^^^^^^^^^^^^^^^^^^^^^^^^^
    |   File "C:\careertrojan\services\backend_api\middleware\request_correlation.py", line 38, in dispatch
    |     response = await call_next(request)
    |                ^^^^^^^^^^^^^^^^^^^^^^^^
    |   File "C:\careertrojan\.venv\Lib\site-packages\starlette\middleware\base.py", line 163, in call_next
    |     raise app_exc
    |   File "C:\careertrojan\.venv\Lib\site-packages\starlette\middleware\base.py", line 149, in coro
    |     await self.app(scope, receive_or_disconnect, send_no_error)
    |   File "C:\careertrojan\.venv\Lib\site-packages\starlette\middleware\cors.py", line 85, in __call__
    |     await self.app(scope, receive, send)
    |   File "C:\careertrojan\.venv\Lib\site-packages\starlette\middleware\exceptions.py", line 62, in __call__
    |     await wrap_app_handling_exceptions(self.app, conn)(scope, receive, send)
    |   File "C:\careertrojan\.venv\Lib\site-packages\starlette\_exception_handler.py", line 62, in wrapped_app
    |     raise exc
    |   File "C:\careertrojan\.venv\Lib\site-packages\starlette\_exception_handler.py", line 51, in wrapped_app
    |     await app(scope, receive, sender)
    |   File "C:\careertrojan\.venv\Lib\site-packages\fastapi\middleware\asyncexitstack.py", line 18, in __call__
    |     await self.app(scope, receive, send)
    |   File "C:\careertrojan\.venv\Lib\site-packages\starlette\routing.py", line 715, in __call__
    |     await self.middleware_stack(scope, receive, send)
    |   File "C:\careertrojan\.venv\Lib\site-packages\starlette\routing.py", line 735, in app
    |     await route.handle(scope, receive, send)
    |   File "C:\careertrojan\.venv\Lib\site-packages\starlette\routing.py", line 288, in handle
    |     await self.app(scope, receive, send)
    |   File "C:\careertrojan\.venv\Lib\site-packages\fastapi\routing.py", line 119, in app
    |     await wrap_app_handling_exceptions(app, request)(scope, receive, send)
    |   File "C:\careertrojan\.venv\Lib\site-packages\starlette\_exception_handler.py", line 62, in wrapped_app
    |     raise exc
    |   File "C:\careertrojan\.venv\Lib\site-packages\starlette\_exception_handler.py", line 51, in wrapped_app
    |     await app(scope, receive, sender)
    |   File "C:\careertrojan\.venv\Lib\site-packages\fastapi\routing.py", line 105, in app
    |     response = await f(request)
    |                ^^^^^^^^^^^^^^^^
    |   File "C:\careertrojan\.venv\Lib\site-packages\fastapi\routing.py", line 424, in app
    |     raw_response = await run_endpoint_function(
    |                    ^^^^^^^^^^^^^^^^^^^^^^^^^^^^
    |   File "C:\careertrojan\.venv\Lib\site-packages\fastapi\routing.py", line 312, in run_endpoint_function
    |     return await dependant.call(**values)
    |            ^^^^^^^^^^^^^^^^^^^^^^^^^^^^^^
    |   File "C:\careertrojan\services\backend_api\routers\payment.py", line 400, in cancel_subscription
    |     user_id = _get_user_id_from_token()
    |               ^^^^^^^^^^^^^^^^^^^^^^^^^
    |   File "C:\careertrojan\services\backend_api\routers\payment.py", line 164, in _get_user_id_from_token
    |     return str(current_user.id)
    |                ^^^^^^^^^^^^^^^
    | AttributeError: 'Depends' object has no attribute 'id'
    +------------------------------------

During handling of the above exception, another exception occurred:

Traceback (most recent call last):
  File "C:\careertrojan\.venv\Lib\site-packages\starlette\middleware\errors.py", line 165, in __call__
    await self.app(scope, receive, _send)
  File "C:\careertrojan\.venv\Lib\site-packages\starlette\middleware\base.py", line 185, in __call__
    with collapse_excgroups():
  File "J:\Python311\Lib\contextlib.py", line 158, in __exit__
    self.gen.throw(typ, value, traceback)
  File "C:\careertrojan\.venv\Lib\site-packages\starlette\_utils.py", line 83, in collapse_excgroups
    raise exc
  File "C:\careertrojan\.venv\Lib\site-packages\starlette\middleware\base.py", line 187, in __call__
    response = await self.dispatch_func(request, call_next)
               ^^^^^^^^^^^^^^^^^^^^^^^^^^^^^^^^^^^^^^^^^^^^
  File "C:\careertrojan\services\backend_api\middleware\rate_limiter.py", line 83, in dispatch
    return await call_next(request)
           ^^^^^^^^^^^^^^^^^^^^^^^^
  File "C:\careertrojan\.venv\Lib\site-packages\starlette\middleware\base.py", line 163, in call_next
    raise app_exc
  File "C:\careertrojan\.venv\Lib\site-packages\starlette\middleware\base.py", line 149, in coro
    await self.app(scope, receive_or_disconnect, send_no_error)
  File "C:\careertrojan\.venv\Lib\site-packages\starlette\middleware\base.py", line 185, in __call__
    with collapse_excgroups():
  File "J:\Python311\Lib\contextlib.py", line 158, in __exit__
    self.gen.throw(typ, value, traceback)
  File "C:\careertrojan\.venv\Lib\site-packages\starlette\_utils.py", line 83, in collapse_excgroups
    raise exc
  File "C:\careertrojan\.venv\Lib\site-packages\starlette\middleware\base.py", line 187, in __call__
    response = await self.dispatch_func(request, call_next)
               ^^^^^^^^^^^^^^^^^^^^^^^^^^^^^^^^^^^^^^^^^^^^
  File "C:\careertrojan\services\backend_api\middleware\interaction_logger.py", line 151, in dispatch
    response: Response = await call_next(request)
                         ^^^^^^^^^^^^^^^^^^^^^^^^
  File "C:\careertrojan\.venv\Lib\site-packages\starlette\middleware\base.py", line 163, in call_next
    raise app_exc
  File "C:\careertrojan\.venv\Lib\site-packages\starlette\middleware\base.py", line 149, in coro
    await self.app(scope, receive_or_disconnect, send_no_error)
  File "C:\careertrojan\.venv\Lib\site-packages\starlette\middleware\base.py", line 185, in __call__
    with collapse_excgroups():
  File "J:\Python311\Lib\contextlib.py", line 158, in __exit__
    self.gen.throw(typ, value, traceback)
  File "C:\careertrojan\.venv\Lib\site-packages\starlette\_utils.py", line 83, in collapse_excgroups
    raise exc
  File "C:\careertrojan\.venv\Lib\site-packages\starlette\middleware\base.py", line 187, in __call__
    response = await self.dispatch_func(request, call_next)
               ^^^^^^^^^^^^^^^^^^^^^^^^^^^^^^^^^^^^^^^^^^^^
  File "C:\careertrojan\services\backend_api\middleware\request_correlation.py", line 38, in dispatch
    response = await call_next(request)
               ^^^^^^^^^^^^^^^^^^^^^^^^
  File "C:\careertrojan\.venv\Lib\site-packages\starlette\middleware\base.py", line 163, in call_next
    raise app_exc
  File "C:\careertrojan\.venv\Lib\site-packages\starlette\middleware\base.py", line 149, in coro
    await self.app(scope, receive_or_disconnect, send_no_error)
  File "C:\careertrojan\.venv\Lib\site-packages\starlette\middleware\cors.py", line 85, in __call__
    await self.app(scope, receive, send)
  File "C:\careertrojan\.venv\Lib\site-packages\starlette\middleware\exceptions.py", line 62, in __call__
    await wrap_app_handling_exceptions(self.app, conn)(scope, receive, send)
  File "C:\careertrojan\.venv\Lib\site-packages\starlette\_exception_handler.py", line 62, in wrapped_app
    raise exc
  File "C:\careertrojan\.venv\Lib\site-packages\starlette\_exception_handler.py", line 51, in wrapped_app
    await app(scope, receive, sender)
  File "C:\careertrojan\.venv\Lib\site-packages\fastapi\middleware\asyncexitstack.py", line 18, in __call__
    await self.app(scope, receive, send)
  File "C:\careertrojan\.venv\Lib\site-packages\starlette\routing.py", line 715, in __call__
    await self.middleware_stack(scope, receive, send)
  File "C:\careertrojan\.venv\Lib\site-packages\starlette\routing.py", line 735, in app
    await route.handle(scope, receive, send)
  File "C:\careertrojan\.venv\Lib\site-packages\starlette\routing.py", line 288, in handle
    await self.app(scope, receive, send)
  File "C:\careertrojan\.venv\Lib\site-packages\fastapi\routing.py", line 119, in app
    await wrap_app_handling_exceptions(app, request)(scope, receive, send)
  File "C:\careertrojan\.venv\Lib\site-packages\starlette\_exception_handler.py", line 62, in wrapped_app
    raise exc
  File "C:\careertrojan\.venv\Lib\site-packages\starlette\_exception_handler.py", line 51, in wrapped_app
    await app(scope, receive, sender)
  File "C:\careertrojan\.venv\Lib\site-packages\fastapi\routing.py", line 105, in app
    response = await f(request)
               ^^^^^^^^^^^^^^^^
  File "C:\careertrojan\.venv\Lib\site-packages\fastapi\routing.py", line 424, in app
    raw_response = await run_endpoint_function(
                   ^^^^^^^^^^^^^^^^^^^^^^^^^^^^
  File "C:\careertrojan\.venv\Lib\site-packages\fastapi\routing.py", line 312, in run_endpoint_function
    return await dependant.call(**values)
           ^^^^^^^^^^^^^^^^^^^^^^^^^^^^^^
  File "C:\careertrojan\services\backend_api\routers\payment.py", line 400, in cancel_subscription
    user_id = _get_user_id_from_token()
              ^^^^^^^^^^^^^^^^^^^^^^^^^
  File "C:\careertrojan\services\backend_api\routers\payment.py", line 164, in _get_user_id_from_token
    return str(current_user.id)
               ^^^^^^^^^^^^^^^
AttributeError: 'Depends' object has no attribute 'id'
C:\careertrojan\tests\unit\test_braintree.py:199: assert 500 == 200
E   assert 500 == 200
     +  where 500 = <Response [500 Internal Server Error]>.status_code
---------------------------- Captured stdout call -----------------------------
{"event": "request_started", "path": "/api/payment/v1/methods", "method": "GET", "request_id": "cdb92ef2-b88", "level": "info", "logger": "request", "timestamp": "2026-02-27T11:47:41.309166Z"}
{"event": "Unhandled exception [request_id=None] AttributeError: 'Depends' object has no attribute 'id'\n  + Exception Group Traceback (most recent call last):\n  |   File \"C:\\careertrojan\\.venv\\Lib\\site-packages\\starlette\\_utils.py\", line 77, in collapse_excgroups\n  |     yield\n  |   File \"C:\\careertrojan\\.venv\\Lib\\site-packages\\starlette\\middleware\\base.py\", line 186, in __call__\n  |     async with anyio.create_task_group() as task_group:\n  |   File \"C:\\careertrojan\\.venv\\Lib\\site-packages\\anyio\\_backends\\_asyncio.py\", line 783, in __aexit__\n  |     raise BaseExceptionGroup(\n  | ExceptionGroup: unhandled errors in a TaskGroup (1 sub-exception)\n  +-+---------------- 1 ----------------\n    | Traceback (most recent call last):\n    |   File \"C:\\careertrojan\\.venv\\Lib\\site-packages\\starlette\\middleware\\errors.py\", line 165, in __call__\n    |     await self.app(scope, receive, _send)\n    |   File \"C:\\careertrojan\\.venv\\Lib\\site-packages\\starlette\\middleware\\base.py\", line 185, in __call__\n    |     with collapse_excgroups():\n    |   File \"J:\\Python311\\Lib\\contextlib.py\", line 158, in __exit__\n    |     self.gen.throw(typ, value, traceback)\n    |   File \"C:\\careertrojan\\.venv\\Lib\\site-packages\\starlette\\_utils.py\", line 83, in collapse_excgroups\n    |     raise exc\n    |   File \"C:\\careertrojan\\.venv\\Lib\\site-packages\\starlette\\middleware\\base.py\", line 187, in __call__\n    |     response = await self.dispatch_func(request, call_next)\n    |                ^^^^^^^^^^^^^^^^^^^^^^^^^^^^^^^^^^^^^^^^^^^^\n    |   File \"C:\\careertrojan\\services\\backend_api\\middleware\\rate_limiter.py\", line 83, in dispatch\n    |     return await call_next(request)\n    |            ^^^^^^^^^^^^^^^^^^^^^^^^\n    |   File \"C:\\careertrojan\\.venv\\Lib\\site-packages\\starlette\\middleware\\base.py\", line 163, in call_next\n    |     raise app_exc\n    |   File \"C:\\careertrojan\\.venv\\Lib\\site-packages\\starlette\\middleware\\base.py\", line 149, in coro\n    |     await self.app(scope, receive_or_disconnect, send_no_error)\n    |   File \"C:\\careertrojan\\.venv\\Lib\\site-packages\\starlette\\middleware\\base.py\", line 185, in __call__\n    |     with collapse_excgroups():\n    |   File \"J:\\Python311\\Lib\\contextlib.py\", line 158, in __exit__\n    |     self.gen.throw(typ, value, traceback)\n    |   File \"C:\\careertrojan\\.venv\\Lib\\site-packages\\starlette\\_utils.py\", line 83, in collapse_excgroups\n    |     raise exc\n    |   File \"C:\\careertrojan\\.venv\\Lib\\site-packages\\starlette\\middleware\\base.py\", line 187, in __call__\n    |     response = await self.dispatch_func(request, call_next)\n    |                ^^^^^^^^^^^^^^^^^^^^^^^^^^^^^^^^^^^^^^^^^^^^\n    |   File \"C:\\careertrojan\\services\\backend_api\\middleware\\interaction_logger.py\", line 151, in dispatch\n    |     response: Response = await call_next(request)\n    |                          ^^^^^^^^^^^^^^^^^^^^^^^^\n    |   File \"C:\\careertrojan\\.venv\\Lib\\site-packages\\starlette\\middleware\\base.py\", line 163, in call_next\n    |     raise app_exc\n    |   File \"C:\\careertrojan\\.venv\\Lib\\site-packages\\starlette\\middleware\\base.py\", line 149, in coro\n    |     await self.app(scope, receive_or_disconnect, send_no_error)\n    |   File \"C:\\careertrojan\\.venv\\Lib\\site-packages\\starlette\\middleware\\base.py\", line 185, in __call__\n    |     with collapse_excgroups():\n    |   File \"J:\\Python311\\Lib\\contextlib.py\", line 158, in __exit__\n    |     self.gen.throw(typ, value, traceback)\n    |   File \"C:\\careertrojan\\.venv\\Lib\\site-packages\\starlette\\_utils.py\", line 83, in collapse_excgroups\n    |     raise exc\n    |   File \"C:\\careertrojan\\.venv\\Lib\\site-packages\\starlette\\middleware\\base.py\", line 187, in __call__\n    |     response = await self.dispatch_func(request, call_next)\n    |                ^^^^^^^^^^^^^^^^^^^^^^^^^^^^^^^^^^^^^^^^^^^^\n    |   File \"C:\\careertrojan\\services\\backend_api\\middleware\\request_correlation.py\", line 38, in dispatch\n    |     response = await call_next(request)\n    |                ^^^^^^^^^^^^^^^^^^^^^^^^\n    |   File \"C:\\careertrojan\\.venv\\Lib\\site-packages\\starlette\\middleware\\base.py\", line 163, in call_next\n    |     raise app_exc\n    |   File \"C:\\careertrojan\\.venv\\Lib\\site-packages\\starlette\\middleware\\base.py\", line 149, in coro\n    |     await self.app(scope, receive_or_disconnect, send_no_error)\n    |   File \"C:\\careertrojan\\.venv\\Lib\\site-packages\\starlette\\middleware\\cors.py\", line 85, in __call__\n    |     await self.app(scope, receive, send)\n    |   File \"C:\\careertrojan\\.venv\\Lib\\site-packages\\starlette\\middleware\\exceptions.py\", line 62, in __call__\n    |     await wrap_app_handling_exceptions(self.app, conn)(scope, receive, send)\n    |   File \"C:\\careertrojan\\.venv\\Lib\\site-packages\\starlette\\_exception_handler.py\", line 62, in wrapped_app\n    |     raise exc\n    |   File \"C:\\careertrojan\\.venv\\Lib\\site-packages\\starlette\\_exception_handler.py\", line 51, in wrapped_app\n    |     await app(scope, receive, sender)\n    |   File \"C:\\careertrojan\\.venv\\Lib\\site-packages\\fastapi\\middleware\\asyncexitstack.py\", line 18, in __call__\n    |     await self.app(scope, receive, send)\n    |   File \"C:\\careertrojan\\.venv\\Lib\\site-packages\\starlette\\routing.py\", line 715, in __call__\n    |     await self.middleware_stack(scope, receive, send)\n    |   File \"C:\\careertrojan\\.venv\\Lib\\site-packages\\starlette\\routing.py\", line 735, in app\n    |     await route.handle(scope, receive, send)\n    |   File \"C:\\careertrojan\\.venv\\Lib\\site-packages\\starlette\\routing.py\", line 288, in handle\n    |     await self.app(scope, receive, send)\n    |   File \"C:\\careertrojan\\.venv\\Lib\\site-packages\\fastapi\\routing.py\", line 119, in app\n    |     await wrap_app_handling_exceptions(app, request)(scope, receive, send)\n    |   File \"C:\\careertrojan\\.venv\\Lib\\site-packages\\starlette\\_exception_handler.py\", line 62, in wrapped_app\n    |     raise exc\n    |   File \"C:\\careertrojan\\.venv\\Lib\\site-packages\\starlette\\_exception_handler.py\", line 51, in wrapped_app\n    |     await app(scope, receive, sender)\n    |   File \"C:\\careertrojan\\.venv\\Lib\\site-packages\\fastapi\\routing.py\", line 105, in app\n    |     response = await f(request)\n    |                ^^^^^^^^^^^^^^^^\n    |   File \"C:\\careertrojan\\.venv\\Lib\\site-packages\\fastapi\\routing.py\", line 424, in app\n    |     raw_response = await run_endpoint_function(\n    |                    ^^^^^^^^^^^^^^^^^^^^^^^^^^^^\n    |   File \"C:\\careertrojan\\.venv\\Lib\\site-packages\\fastapi\\routing.py\", line 312, in run_endpoint_function\n    |     return await dependant.call(**values)\n    |            ^^^^^^^^^^^^^^^^^^^^^^^^^^^^^^\n    |   File \"C:\\careertrojan\\services\\backend_api\\routers\\payment.py\", line 491, in list_payment_methods\n    |     user_id = _get_user_id_from_token()\n    |               ^^^^^^^^^^^^^^^^^^^^^^^^^\n    |   File \"C:\\careertrojan\\services\\backend_api\\routers\\payment.py\", line 164, in _get_user_id_from_token\n    |     return str(current_user.id)\n    |                ^^^^^^^^^^^^^^^\n    | AttributeError: 'Depends' object has no attribute 'id'\n    +------------------------------------\n\nDuring handling of the above exception, another exception occurred:\n\nTraceback (most recent call last):\n  File \"C:\\careertrojan\\.venv\\Lib\\site-packages\\starlette\\middleware\\errors.py\", line 165, in __call__\n    await self.app(scope, receive, _send)\n  File \"C:\\careertrojan\\.venv\\Lib\\site-packages\\starlette\\middleware\\base.py\", line 185, in __call__\n    with collapse_excgroups():\n  File \"J:\\Python311\\Lib\\contextlib.py\", line 158, in __exit__\n    self.gen.throw(typ, value, traceback)\n  File \"C:\\careertrojan\\.venv\\Lib\\site-packages\\starlette\\_utils.py\", line 83, in collapse_excgroups\n    raise exc\n  File \"C:\\careertrojan\\.venv\\Lib\\site-packages\\starlette\\middleware\\base.py\", line 187, in __call__\n    response = await self.dispatch_func(request, call_next)\n               ^^^^^^^^^^^^^^^^^^^^^^^^^^^^^^^^^^^^^^^^^^^^\n  File \"C:\\careertrojan\\services\\backend_api\\middleware\\rate_limiter.py\", line 83, in dispatch\n    return await call_next(request)\n           ^^^^^^^^^^^^^^^^^^^^^^^^\n  File \"C:\\careertrojan\\.venv\\Lib\\site-packages\\starlette\\middleware\\base.py\", line 163, in call_next\n    raise app_exc\n  File \"C:\\careertrojan\\.venv\\Lib\\site-packages\\starlette\\middleware\\base.py\", line 149, in coro\n    await self.app(scope, receive_or_disconnect, send_no_error)\n  File \"C:\\careertrojan\\.venv\\Lib\\site-packages\\starlette\\middleware\\base.py\", line 185, in __call__\n    with collapse_excgroups():\n  File \"J:\\Python311\\Lib\\contextlib.py\", line 158, in __exit__\n    self.gen.throw(typ, value, traceback)\n  File \"C:\\careertrojan\\.venv\\Lib\\site-packages\\starlette\\_utils.py\", line 83, in collapse_excgroups\n    raise exc\n  File \"C:\\careertrojan\\.venv\\Lib\\site-packages\\starlette\\middleware\\base.py\", line 187, in __call__\n    response = await self.dispatch_func(request, call_next)\n               ^^^^^^^^^^^^^^^^^^^^^^^^^^^^^^^^^^^^^^^^^^^^\n  File \"C:\\careertrojan\\services\\backend_api\\middleware\\interaction_logger.py\", line 151, in dispatch\n    response: Response = await call_next(request)\n                         ^^^^^^^^^^^^^^^^^^^^^^^^\n  File \"C:\\careertrojan\\.venv\\Lib\\site-packages\\starlette\\middleware\\base.py\", line 163, in call_next\n    raise app_exc\n  File \"C:\\careertrojan\\.venv\\Lib\\site-packages\\starlette\\middleware\\base.py\", line 149, in coro\n    await self.app(scope, receive_or_disconnect, send_no_error)\n  File \"C:\\careertrojan\\.venv\\Lib\\site-packages\\starlette\\middleware\\base.py\", line 185, in __call__\n    with collapse_excgroups():\n  File \"J:\\Python311\\Lib\\contextlib.py\", line 158, in __exit__\n    self.gen.throw(typ, value, traceback)\n  File \"C:\\careertrojan\\.venv\\Lib\\site-packages\\starlette\\_utils.py\", line 83, in collapse_excgroups\n    raise exc\n  File \"C:\\careertrojan\\.venv\\Lib\\site-packages\\starlette\\middleware\\base.py\", line 187, in __call__\n    response = await self.dispatch_func(request, call_next)\n               ^^^^^^^^^^^^^^^^^^^^^^^^^^^^^^^^^^^^^^^^^^^^\n  File \"C:\\careertrojan\\services\\backend_api\\middleware\\request_correlation.py\", line 38, in dispatch\n    response = await call_next(request)\n               ^^^^^^^^^^^^^^^^^^^^^^^^\n  File \"C:\\careertrojan\\.venv\\Lib\\site-packages\\starlette\\middleware\\base.py\", line 163, in call_next\n    raise app_exc\n  File \"C:\\careertrojan\\.venv\\Lib\\site-packages\\starlette\\middleware\\base.py\", line 149, in coro\n    await self.app(scope, receive_or_disconnect, send_no_error)\n  File \"C:\\careertrojan\\.venv\\Lib\\site-packages\\starlette\\middleware\\cors.py\", line 85, in __call__\n    await self.app(scope, receive, send)\n  File \"C:\\careertrojan\\.venv\\Lib\\site-packages\\starlette\\middleware\\exceptions.py\", line 62, in __call__\n    await wrap_app_handling_exceptions(self.app, conn)(scope, receive, send)\n  File \"C:\\careertrojan\\.venv\\Lib\\site-packages\\starlette\\_exception_handler.py\", line 62, in wrapped_app\n    raise exc\n  File \"C:\\careertrojan\\.venv\\Lib\\site-packages\\starlette\\_exception_handler.py\", line 51, in wrapped_app\n    await app(scope, receive, sender)\n  File \"C:\\careertrojan\\.venv\\Lib\\site-packages\\fastapi\\middleware\\asyncexitstack.py\", line 18, in __call__\n    await self.app(scope, receive, send)\n  File \"C:\\careertrojan\\.venv\\Lib\\site-packages\\starlette\\routing.py\", line 715, in __call__\n    await self.middleware_stack(scope, receive, send)\n  File \"C:\\careertrojan\\.venv\\Lib\\site-packages\\starlette\\routing.py\", line 735, in app\n    await route.handle(scope, receive, send)\n  File \"C:\\careertrojan\\.venv\\Lib\\site-packages\\starlette\\routing.py\", line 288, in handle\n    await self.app(scope, receive, send)\n  File \"C:\\careertrojan\\.venv\\Lib\\site-packages\\fastapi\\routing.py\", line 119, in app\n    await wrap_app_handling_exceptions(app, request)(scope, receive, send)\n  File \"C:\\careertrojan\\.venv\\Lib\\site-packages\\starlette\\_exception_handler.py\", line 62, in wrapped_app\n    raise exc\n  File \"C:\\careertrojan\\.venv\\Lib\\site-packages\\starlette\\_exception_handler.py\", line 51, in wrapped_app\n    await app(scope, receive, sender)\n  File \"C:\\careertrojan\\.venv\\Lib\\site-packages\\fastapi\\routing.py\", line 105, in app\n    response = await f(request)\n               ^^^^^^^^^^^^^^^^\n  File \"C:\\careertrojan\\.venv\\Lib\\site-packages\\fastapi\\routing.py\", line 424, in app\n    raw_response = await run_endpoint_function(\n                   ^^^^^^^^^^^^^^^^^^^^^^^^^^^^\n  File \"C:\\careertrojan\\.venv\\Lib\\site-packages\\fastapi\\routing.py\", line 312, in run_endpoint_function\n    return await dependant.call(**values)\n           ^^^^^^^^^^^^^^^^^^^^^^^^^^^^^^\n  File \"C:\\careertrojan\\services\\backend_api\\routers\\payment.py\", line 491, in list_payment_methods\n    user_id = _get_user_id_from_token()\n              ^^^^^^^^^^^^^^^^^^^^^^^^^\n  File \"C:\\careertrojan\\services\\backend_api\\routers\\payment.py\", line 164, in _get_user_id_from_token\n    return str(current_user.id)\n               ^^^^^^^^^^^^^^^\nAttributeError: 'Depends' object has no attribute 'id'\n"}
------------------------------ Captured log call ------------------------------
INFO     request:request_correlation.py:36 {'event': 'request_started', 'path': '/api/payment/v1/methods', 'method': 'GET', 'request_id': 'cdb92ef2-b88', 'level': 'info', 'logger': 'request', 'timestamp': '2026-02-27T11:47:41.309166Z'}
ERROR    services.backend_api.utils.error_handlers:error_handlers.py:192 Unhandled exception [request_id=None] AttributeError: 'Depends' object has no attribute 'id'
  + Exception Group Traceback (most recent call last):
  |   File "C:\careertrojan\.venv\Lib\site-packages\starlette\_utils.py", line 77, in collapse_excgroups
  |     yield
  |   File "C:\careertrojan\.venv\Lib\site-packages\starlette\middleware\base.py", line 186, in __call__
  |     async with anyio.create_task_group() as task_group:
  |   File "C:\careertrojan\.venv\Lib\site-packages\anyio\_backends\_asyncio.py", line 783, in __aexit__
  |     raise BaseExceptionGroup(
  | ExceptionGroup: unhandled errors in a TaskGroup (1 sub-exception)
  +-+---------------- 1 ----------------
    | Traceback (most recent call last):
    |   File "C:\careertrojan\.venv\Lib\site-packages\starlette\middleware\errors.py", line 165, in __call__
    |     await self.app(scope, receive, _send)
    |   File "C:\careertrojan\.venv\Lib\site-packages\starlette\middleware\base.py", line 185, in __call__
    |     with collapse_excgroups():
    |   File "J:\Python311\Lib\contextlib.py", line 158, in __exit__
    |     self.gen.throw(typ, value, traceback)
    |   File "C:\careertrojan\.venv\Lib\site-packages\starlette\_utils.py", line 83, in collapse_excgroups
    |     raise exc
    |   File "C:\careertrojan\.venv\Lib\site-packages\starlette\middleware\base.py", line 187, in __call__
    |     response = await self.dispatch_func(request, call_next)
    |                ^^^^^^^^^^^^^^^^^^^^^^^^^^^^^^^^^^^^^^^^^^^^
    |   File "C:\careertrojan\services\backend_api\middleware\rate_limiter.py", line 83, in dispatch
    |     return await call_next(request)
    |            ^^^^^^^^^^^^^^^^^^^^^^^^
    |   File "C:\careertrojan\.venv\Lib\site-packages\starlette\middleware\base.py", line 163, in call_next
    |     raise app_exc
    |   File "C:\careertrojan\.venv\Lib\site-packages\starlette\middleware\base.py", line 149, in coro
    |     await self.app(scope, receive_or_disconnect, send_no_error)
    |   File "C:\careertrojan\.venv\Lib\site-packages\starlette\middleware\base.py", line 185, in __call__
    |     with collapse_excgroups():
    |   File "J:\Python311\Lib\contextlib.py", line 158, in __exit__
    |     self.gen.throw(typ, value, traceback)
    |   File "C:\careertrojan\.venv\Lib\site-packages\starlette\_utils.py", line 83, in collapse_excgroups
    |     raise exc
    |   File "C:\careertrojan\.venv\Lib\site-packages\starlette\middleware\base.py", line 187, in __call__
    |     response = await self.dispatch_func(request, call_next)
    |                ^^^^^^^^^^^^^^^^^^^^^^^^^^^^^^^^^^^^^^^^^^^^
    |   File "C:\careertrojan\services\backend_api\middleware\interaction_logger.py", line 151, in dispatch
    |     response: Response = await call_next(request)
    |                          ^^^^^^^^^^^^^^^^^^^^^^^^
    |   File "C:\careertrojan\.venv\Lib\site-packages\starlette\middleware\base.py", line 163, in call_next
    |     raise app_exc
    |   File "C:\careertrojan\.venv\Lib\site-packages\starlette\middleware\base.py", line 149, in coro
    |     await self.app(scope, receive_or_disconnect, send_no_error)
    |   File "C:\careertrojan\.venv\Lib\site-packages\starlette\middleware\base.py", line 185, in __call__
    |     with collapse_excgroups():
    |   File "J:\Python311\Lib\contextlib.py", line 158, in __exit__
    |     self.gen.throw(typ, value, traceback)
    |   File "C:\careertrojan\.venv\Lib\site-packages\starlette\_utils.py", line 83, in collapse_excgroups
    |     raise exc
    |   File "C:\careertrojan\.venv\Lib\site-packages\starlette\middleware\base.py", line 187, in __call__
    |     response = await self.dispatch_func(request, call_next)
    |                ^^^^^^^^^^^^^^^^^^^^^^^^^^^^^^^^^^^^^^^^^^^^
    |   File "C:\careertrojan\services\backend_api\middleware\request_correlation.py", line 38, in dispatch
    |     response = await call_next(request)
    |                ^^^^^^^^^^^^^^^^^^^^^^^^
    |   File "C:\careertrojan\.venv\Lib\site-packages\starlette\middleware\base.py", line 163, in call_next
    |     raise app_exc
    |   File "C:\careertrojan\.venv\Lib\site-packages\starlette\middleware\base.py", line 149, in coro
    |     await self.app(scope, receive_or_disconnect, send_no_error)
    |   File "C:\careertrojan\.venv\Lib\site-packages\starlette\middleware\cors.py", line 85, in __call__
    |     await self.app(scope, receive, send)
    |   File "C:\careertrojan\.venv\Lib\site-packages\starlette\middleware\exceptions.py", line 62, in __call__
    |     await wrap_app_handling_exceptions(self.app, conn)(scope, receive, send)
    |   File "C:\careertrojan\.venv\Lib\site-packages\starlette\_exception_handler.py", line 62, in wrapped_app
    |     raise exc
    |   File "C:\careertrojan\.venv\Lib\site-packages\starlette\_exception_handler.py", line 51, in wrapped_app
    |     await app(scope, receive, sender)
    |   File "C:\careertrojan\.venv\Lib\site-packages\fastapi\middleware\asyncexitstack.py", line 18, in __call__
    |     await self.app(scope, receive, send)
    |   File "C:\careertrojan\.venv\Lib\site-packages\starlette\routing.py", line 715, in __call__
    |     await self.middleware_stack(scope, receive, send)
    |   File "C:\careertrojan\.venv\Lib\site-packages\starlette\routing.py", line 735, in app
    |     await route.handle(scope, receive, send)
    |   File "C:\careertrojan\.venv\Lib\site-packages\starlette\routing.py", line 288, in handle
    |     await self.app(scope, receive, send)
    |   File "C:\careertrojan\.venv\Lib\site-packages\fastapi\routing.py", line 119, in app
    |     await wrap_app_handling_exceptions(app, request)(scope, receive, send)
    |   File "C:\careertrojan\.venv\Lib\site-packages\starlette\_exception_handler.py", line 62, in wrapped_app
    |     raise exc
    |   File "C:\careertrojan\.venv\Lib\site-packages\starlette\_exception_handler.py", line 51, in wrapped_app
    |     await app(scope, receive, sender)
    |   File "C:\careertrojan\.venv\Lib\site-packages\fastapi\routing.py", line 105, in app
    |     response = await f(request)
    |                ^^^^^^^^^^^^^^^^
    |   File "C:\careertrojan\.venv\Lib\site-packages\fastapi\routing.py", line 424, in app
    |     raw_response = await run_endpoint_function(
    |                    ^^^^^^^^^^^^^^^^^^^^^^^^^^^^
    |   File "C:\careertrojan\.venv\Lib\site-packages\fastapi\routing.py", line 312, in run_endpoint_function
    |     return await dependant.call(**values)
    |            ^^^^^^^^^^^^^^^^^^^^^^^^^^^^^^
    |   File "C:\careertrojan\services\backend_api\routers\payment.py", line 491, in list_payment_methods
    |     user_id = _get_user_id_from_token()
    |               ^^^^^^^^^^^^^^^^^^^^^^^^^
    |   File "C:\careertrojan\services\backend_api\routers\payment.py", line 164, in _get_user_id_from_token
    |     return str(current_user.id)
    |                ^^^^^^^^^^^^^^^
    | AttributeError: 'Depends' object has no attribute 'id'
    +------------------------------------

During handling of the above exception, another exception occurred:

Traceback (most recent call last):
  File "C:\careertrojan\.venv\Lib\site-packages\starlette\middleware\errors.py", line 165, in __call__
    await self.app(scope, receive, _send)
  File "C:\careertrojan\.venv\Lib\site-packages\starlette\middleware\base.py", line 185, in __call__
    with collapse_excgroups():
  File "J:\Python311\Lib\contextlib.py", line 158, in __exit__
    self.gen.throw(typ, value, traceback)
  File "C:\careertrojan\.venv\Lib\site-packages\starlette\_utils.py", line 83, in collapse_excgroups
    raise exc
  File "C:\careertrojan\.venv\Lib\site-packages\starlette\middleware\base.py", line 187, in __call__
    response = await self.dispatch_func(request, call_next)
               ^^^^^^^^^^^^^^^^^^^^^^^^^^^^^^^^^^^^^^^^^^^^
  File "C:\careertrojan\services\backend_api\middleware\rate_limiter.py", line 83, in dispatch
    return await call_next(request)
           ^^^^^^^^^^^^^^^^^^^^^^^^
  File "C:\careertrojan\.venv\Lib\site-packages\starlette\middleware\base.py", line 163, in call_next
    raise app_exc
  File "C:\careertrojan\.venv\Lib\site-packages\starlette\middleware\base.py", line 149, in coro
    await self.app(scope, receive_or_disconnect, send_no_error)
  File "C:\careertrojan\.venv\Lib\site-packages\starlette\middleware\base.py", line 185, in __call__
    with collapse_excgroups():
  File "J:\Python311\Lib\contextlib.py", line 158, in __exit__
    self.gen.throw(typ, value, traceback)
  File "C:\careertrojan\.venv\Lib\site-packages\starlette\_utils.py", line 83, in collapse_excgroups
    raise exc
  File "C:\careertrojan\.venv\Lib\site-packages\starlette\middleware\base.py", line 187, in __call__
    response = await self.dispatch_func(request, call_next)
               ^^^^^^^^^^^^^^^^^^^^^^^^^^^^^^^^^^^^^^^^^^^^
  File "C:\careertrojan\services\backend_api\middleware\interaction_logger.py", line 151, in dispatch
    response: Response = await call_next(request)
                         ^^^^^^^^^^^^^^^^^^^^^^^^
  File "C:\careertrojan\.venv\Lib\site-packages\starlette\middleware\base.py", line 163, in call_next
    raise app_exc
  File "C:\careertrojan\.venv\Lib\site-packages\starlette\middleware\base.py", line 149, in coro
    await self.app(scope, receive_or_disconnect, send_no_error)
  File "C:\careertrojan\.venv\Lib\site-packages\starlette\middleware\base.py", line 185, in __call__
    with collapse_excgroups():
  File "J:\Python311\Lib\contextlib.py", line 158, in __exit__
    self.gen.throw(typ, value, traceback)
  File "C:\careertrojan\.venv\Lib\site-packages\starlette\_utils.py", line 83, in collapse_excgroups
    raise exc
  File "C:\careertrojan\.venv\Lib\site-packages\starlette\middleware\base.py", line 187, in __call__
    response = await self.dispatch_func(request, call_next)
               ^^^^^^^^^^^^^^^^^^^^^^^^^^^^^^^^^^^^^^^^^^^^
  File "C:\careertrojan\services\backend_api\middleware\request_correlation.py", line 38, in dispatch
    response = await call_next(request)
               ^^^^^^^^^^^^^^^^^^^^^^^^
  File "C:\careertrojan\.venv\Lib\site-packages\starlette\middleware\base.py", line 163, in call_next
    raise app_exc
  File "C:\careertrojan\.venv\Lib\site-packages\starlette\middleware\base.py", line 149, in coro
    await self.app(scope, receive_or_disconnect, send_no_error)
  File "C:\careertrojan\.venv\Lib\site-packages\starlette\middleware\cors.py", line 85, in __call__
    await self.app(scope, receive, send)
  File "C:\careertrojan\.venv\Lib\site-packages\starlette\middleware\exceptions.py", line 62, in __call__
    await wrap_app_handling_exceptions(self.app, conn)(scope, receive, send)
  File "C:\careertrojan\.venv\Lib\site-packages\starlette\_exception_handler.py", line 62, in wrapped_app
    raise exc
  File "C:\careertrojan\.venv\Lib\site-packages\starlette\_exception_handler.py", line 51, in wrapped_app
    await app(scope, receive, sender)
  File "C:\careertrojan\.venv\Lib\site-packages\fastapi\middleware\asyncexitstack.py", line 18, in __call__
    await self.app(scope, receive, send)
  File "C:\careertrojan\.venv\Lib\site-packages\starlette\routing.py", line 715, in __call__
    await self.middleware_stack(scope, receive, send)
  File "C:\careertrojan\.venv\Lib\site-packages\starlette\routing.py", line 735, in app
    await route.handle(scope, receive, send)
  File "C:\careertrojan\.venv\Lib\site-packages\starlette\routing.py", line 288, in handle
    await self.app(scope, receive, send)
  File "C:\careertrojan\.venv\Lib\site-packages\fastapi\routing.py", line 119, in app
    await wrap_app_handling_exceptions(app, request)(scope, receive, send)
  File "C:\careertrojan\.venv\Lib\site-packages\starlette\_exception_handler.py", line 62, in wrapped_app
    raise exc
  File "C:\careertrojan\.venv\Lib\site-packages\starlette\_exception_handler.py", line 51, in wrapped_app
    await app(scope, receive, sender)
  File "C:\careertrojan\.venv\Lib\site-packages\fastapi\routing.py", line 105, in app
    response = await f(request)
               ^^^^^^^^^^^^^^^^
  File "C:\careertrojan\.venv\Lib\site-packages\fastapi\routing.py", line 424, in app
    raw_response = await run_endpoint_function(
                   ^^^^^^^^^^^^^^^^^^^^^^^^^^^^
  File "C:\careertrojan\.venv\Lib\site-packages\fastapi\routing.py", line 312, in run_endpoint_function
    return await dependant.call(**values)
           ^^^^^^^^^^^^^^^^^^^^^^^^^^^^^^
  File "C:\careertrojan\services\backend_api\routers\payment.py", line 491, in list_payment_methods
    user_id = _get_user_id_from_token()
              ^^^^^^^^^^^^^^^^^^^^^^^^^
  File "C:\careertrojan\services\backend_api\routers\payment.py", line 164, in _get_user_id_from_token
    return str(current_user.id)
               ^^^^^^^^^^^^^^^
AttributeError: 'Depends' object has no attribute 'id'
C:\careertrojan\tests\unit\test_braintree.py:220: assert 500 == 200
E   AssertionError: API health summary: got 404, expected 200
    assert 404 == 200
     +  where 404 = <Response [404 Not Found]>.status_code
C:\careertrojan\tests\integration\test_all_endpoints.py:122: AssertionError: API health summary: got 404, expected 200
E   AssertionError: coaching questions: got 422, expected 401
    assert 422 == 401
     +  where 422 = <Response [422 Unprocessable Entity]>.status_code
C:\careertrojan\tests\integration\test_all_endpoints.py:122: AssertionError: coaching questions: got 422, expected 401
E   AssertionError: answer review: got 422, expected 401
    assert 422 == 401
     +  where 422 = <Response [422 Unprocessable Entity]>.status_code
C:\careertrojan\tests\integration\test_all_endpoints.py:122: AssertionError: answer review: got 422, expected 401
E   AssertionError: star stories: got 422, expected 401
    assert 422 == 401
     +  where 422 = <Response [422 Unprocessable Entity]>.status_code
C:\careertrojan\tests\integration\test_all_endpoints.py:122: AssertionError: star stories: got 422, expected 401
E   AssertionError: blocker detection: got 404, expected 401
    assert 404 == 401
     +  where 404 = <Response [404 Not Found]>.status_code
C:\careertrojan\tests\integration\test_all_endpoints.py:122: AssertionError: blocker detection: got 404, expected 401
E   AssertionError: job index: got 503, expected one of [200, 401]
    assert 503 in [200, 401]
     +  where 503 = <Response [503 Service Unavailable]>.status_code
C:\careertrojan\tests\integration\test_all_endpoints.py:119: AssertionError: job index: got 503, expected one of [200, 401]
E   AssertionError: mentor list: got 500, expected one of [200, 401]
    assert 500 in [200, 401]
     +  where 500 = <Response [500 Internal Server Error]>.status_code
C:\careertrojan\tests\integration\test_all_endpoints.py:119: AssertionError: mentor list: got 500, expected one of [200, 401]
E   AssertionError: mentor application: got 422, expected 401
    assert 422 == 401
     +  where 422 = <Response [422 Unprocessable Entity]>.status_code
C:\careertrojan\tests\integration\test_all_endpoints.py:122: AssertionError: mentor application: got 422, expected 401
E   AssertionError: cohort resolve: got 422, expected 401
    assert 422 == 401
     +  where 422 = <Response [422 Unprocessable Entity]>.status_code
C:\careertrojan\tests\integration\test_all_endpoints.py:122: AssertionError: cohort resolve: got 422, expected 401
E   AssertionError: token config: got 500, expected 401
    assert 500 == 401
     +  where 500 = <Response [500 Internal Server Error]>.status_code
C:\careertrojan\tests\integration\test_all_endpoints.py:122: AssertionError: token config: got 500, expected 401
E   AssertionError: token usage: got 500, expected 401
    assert 500 == 401
     +  where 500 = <Response [500 Internal Server Error]>.status_code
C:\careertrojan\tests\integration\test_all_endpoints.py:122: AssertionError: token usage: got 500, expected 401
E   AssertionError: taxonomy industries: got 500, expected one of [200, 401]
    assert 500 in [200, 401]
     +  where 500 = <Response [500 Internal Server Error]>.status_code
C:\careertrojan\tests\integration\test_all_endpoints.py:119: AssertionError: taxonomy industries: got 500, expected one of [200, 401]
E   AssertionError: taxonomy summary: got 500, expected one of [200, 401]
    assert 500 in [200, 401]
     +  where 500 = <Response [500 Internal Server Error]>.status_code
C:\careertrojan\tests\integration\test_all_endpoints.py:119: AssertionError: taxonomy summary: got 500, expected one of [200, 401]
E   AssertionError: GDPR consent (no body): got 401, expected 422
    assert 401 == 422
     +  where 401 = <Response [401 Unauthorized]>.status_code
C:\careertrojan\tests\integration\test_all_endpoints.py:122: AssertionError: GDPR consent (no body): got 401, expected 422
E   KeyError: 'detail'
---------------------------- Captured stdout call -----------------------------
{"event": "request_started", "path": "/api/auth/v1/register", "method": "POST", "request_id": "03618a64-8ac", "level": "info", "logger": "request", "timestamp": "2026-02-27T11:47:49.028514Z"}
{"status_code": 200, "duration_ms": 358.5, "event": "request_completed", "path": "/api/auth/v1/register", "method": "POST", "request_id": "03618a64-8ac", "level": "info", "logger": "request", "timestamp": "2026-02-27T11:47:49.386590Z"}
{"event": "request_started", "path": "/api/auth/v1/register", "method": "POST", "request_id": "aa2a83c4-15c", "level": "info", "logger": "request", "timestamp": "2026-02-27T11:47:49.398158Z"}
{"status_code": 400, "duration_ms": 3.9, "event": "request_completed", "path": "/api/auth/v1/register", "method": "POST", "request_id": "aa2a83c4-15c", "level": "info", "logger": "request", "timestamp": "2026-02-27T11:47:49.402125Z"}
------------------------------ Captured log call ------------------------------
INFO     request:request_correlation.py:36 {'event': 'request_started', 'path': '/api/auth/v1/register', 'method': 'POST', 'request_id': '03618a64-8ac', 'level': 'info', 'logger': 'request', 'timestamp': '2026-02-27T11:47:49.028514Z'}
INFO     request:request_correlation.py:41 {'status_code': 200, 'duration_ms': 358.5, 'event': 'request_completed', 'path': '/api/auth/v1/register', 'method': 'POST', 'request_id': '03618a64-8ac', 'level': 'info', 'logger': 'request', 'timestamp': '2026-02-27T11:47:49.386590Z'}
INFO     request:request_correlation.py:36 {'event': 'request_started', 'path': '/api/auth/v1/register', 'method': 'POST', 'request_id': 'aa2a83c4-15c', 'level': 'info', 'logger': 'request', 'timestamp': '2026-02-27T11:47:49.398158Z'}
INFO     request:request_correlation.py:41 {'status_code': 400, 'duration_ms': 3.9, 'event': 'request_completed', 'path': '/api/auth/v1/register', 'method': 'POST', 'request_id': 'aa2a83c4-15c', 'level': 'info', 'logger': 'request', 'timestamp': '2026-02-27T11:47:49.402125Z'}
C:\careertrojan\tests\integration\test_auth_endpoints.py:73: KeyError: 'detail'
E   KeyError: 'detail'
---------------------------- Captured stdout call -----------------------------
{"event": "request_started", "path": "/api/auth/v1/register", "method": "POST", "request_id": "c6f59e46-781", "level": "info", "logger": "request", "timestamp": "2026-02-27T11:47:52.518309Z"}
{"status_code": 200, "duration_ms": 332.1, "event": "request_completed", "path": "/api/auth/v1/register", "method": "POST", "request_id": "c6f59e46-781", "level": "info", "logger": "request", "timestamp": "2026-02-27T11:47:52.850495Z"}
{"event": "request_started", "path": "/api/auth/v1/login", "method": "POST", "request_id": "b0b77f08-9ba", "level": "info", "logger": "request", "timestamp": "2026-02-27T11:47:52.866502Z"}
{"status_code": 401, "duration_ms": 403.7, "event": "request_completed", "path": "/api/auth/v1/login", "method": "POST", "request_id": "b0b77f08-9ba", "level": "info", "logger": "request", "timestamp": "2026-02-27T11:47:53.270051Z"}
{"event": "request_started", "path": "/api/auth/v1/login", "method": "POST", "request_id": "e093598d-c14", "level": "info", "logger": "request", "timestamp": "2026-02-27T11:47:53.283422Z"}
{"status_code": 401, "duration_ms": 356.7, "event": "request_completed", "path": "/api/auth/v1/login", "method": "POST", "request_id": "e093598d-c14", "level": "info", "logger": "request", "timestamp": "2026-02-27T11:47:53.640097Z"}
{"event": "request_started", "path": "/api/auth/v1/login", "method": "POST", "request_id": "0f25d44f-d2f", "level": "info", "logger": "request", "timestamp": "2026-02-27T11:47:53.650376Z"}
{"status_code": 401, "duration_ms": 352.5, "event": "request_completed", "path": "/api/auth/v1/login", "method": "POST", "request_id": "0f25d44f-d2f", "level": "info", "logger": "request", "timestamp": "2026-02-27T11:47:54.003742Z"}
{"event": "request_started", "path": "/api/auth/v1/login", "method": "POST", "request_id": "25b117fe-31b", "level": "info", "logger": "request", "timestamp": "2026-02-27T11:47:54.015950Z"}
{"status_code": 401, "duration_ms": 329.2, "event": "request_completed", "path": "/api/auth/v1/login", "method": "POST", "request_id": "25b117fe-31b", "level": "info", "logger": "request", "timestamp": "2026-02-27T11:47:54.345458Z"}
{"event": "request_started", "path": "/api/auth/v1/login", "method": "POST", "request_id": "8cc58a8b-70a", "level": "info", "logger": "request", "timestamp": "2026-02-27T11:47:54.362047Z"}
{"event": "IP testclient locked out for 900s after 5 failed login attempts"}
{"status_code": 401, "duration_ms": 330.5, "event": "request_completed", "path": "/api/auth/v1/login", "method": "POST", "request_id": "8cc58a8b-70a", "level": "info", "logger": "request", "timestamp": "2026-02-27T11:47:54.692380Z"}
{"event": "request_started", "path": "/api/auth/v1/login", "method": "POST", "request_id": "6fd58e69-204", "level": "info", "logger": "request", "timestamp": "2026-02-27T11:47:54.705434Z"}
{"status_code": 429, "duration_ms": 5.9, "event": "request_completed", "path": "/api/auth/v1/login", "method": "POST", "request_id": "6fd58e69-204", "level": "info", "logger": "request", "timestamp": "2026-02-27T11:47:54.711048Z"}
------------------------------ Captured log call ------------------------------
INFO     request:request_correlation.py:36 {'event': 'request_started', 'path': '/api/auth/v1/register', 'method': 'POST', 'request_id': 'c6f59e46-781', 'level': 'info', 'logger': 'request', 'timestamp': '2026-02-27T11:47:52.518309Z'}
INFO     request:request_correlation.py:41 {'status_code': 200, 'duration_ms': 332.1, 'event': 'request_completed', 'path': '/api/auth/v1/register', 'method': 'POST', 'request_id': 'c6f59e46-781', 'level': 'info', 'logger': 'request', 'timestamp': '2026-02-27T11:47:52.850495Z'}
INFO     request:request_correlation.py:36 {'event': 'request_started', 'path': '/api/auth/v1/login', 'method': 'POST', 'request_id': 'b0b77f08-9ba', 'level': 'info', 'logger': 'request', 'timestamp': '2026-02-27T11:47:52.866502Z'}
INFO     request:request_correlation.py:41 {'status_code': 401, 'duration_ms': 403.7, 'event': 'request_completed', 'path': '/api/auth/v1/login', 'method': 'POST', 'request_id': 'b0b77f08-9ba', 'level': 'info', 'logger': 'request', 'timestamp': '2026-02-27T11:47:53.270051Z'}
INFO     request:request_correlation.py:36 {'event': 'request_started', 'path': '/api/auth/v1/login', 'method': 'POST', 'request_id': 'e093598d-c14', 'level': 'info', 'logger': 'request', 'timestamp': '2026-02-27T11:47:53.283422Z'}
INFO     request:request_correlation.py:41 {'status_code': 401, 'duration_ms': 356.7, 'event': 'request_completed', 'path': '/api/auth/v1/login', 'method': 'POST', 'request_id': 'e093598d-c14', 'level': 'info', 'logger': 'request', 'timestamp': '2026-02-27T11:47:53.640097Z'}
INFO     request:request_correlation.py:36 {'event': 'request_started', 'path': '/api/auth/v1/login', 'method': 'POST', 'request_id': '0f25d44f-d2f', 'level': 'info', 'logger': 'request', 'timestamp': '2026-02-27T11:47:53.650376Z'}
INFO     request:request_correlation.py:41 {'status_code': 401, 'duration_ms': 352.5, 'event': 'request_completed', 'path': '/api/auth/v1/login', 'method': 'POST', 'request_id': '0f25d44f-d2f', 'level': 'info', 'logger': 'request', 'timestamp': '2026-02-27T11:47:54.003742Z'}
INFO     request:request_correlation.py:36 {'event': 'request_started', 'path': '/api/auth/v1/login', 'method': 'POST', 'request_id': '25b117fe-31b', 'level': 'info', 'logger': 'request', 'timestamp': '2026-02-27T11:47:54.015950Z'}
INFO     request:request_correlation.py:41 {'status_code': 401, 'duration_ms': 329.2, 'event': 'request_completed', 'path': '/api/auth/v1/login', 'method': 'POST', 'request_id': '25b117fe-31b', 'level': 'info', 'logger': 'request', 'timestamp': '2026-02-27T11:47:54.345458Z'}
INFO     request:request_correlation.py:36 {'event': 'request_started', 'path': '/api/auth/v1/login', 'method': 'POST', 'request_id': '8cc58a8b-70a', 'level': 'info', 'logger': 'request', 'timestamp': '2026-02-27T11:47:54.362047Z'}
WARNING  login_protection:login_protection.py:78 IP testclient locked out for 900s after 5 failed login attempts
INFO     request:request_correlation.py:41 {'status_code': 401, 'duration_ms': 330.5, 'event': 'request_completed', 'path': '/api/auth/v1/login', 'method': 'POST', 'request_id': '8cc58a8b-70a', 'level': 'info', 'logger': 'request', 'timestamp': '2026-02-27T11:47:54.692380Z'}
INFO     request:request_correlation.py:36 {'event': 'request_started', 'path': '/api/auth/v1/login', 'method': 'POST', 'request_id': '6fd58e69-204', 'level': 'info', 'logger': 'request', 'timestamp': '2026-02-27T11:47:54.705434Z'}
INFO     request:request_correlation.py:41 {'status_code': 429, 'duration_ms': 5.9, 'event': 'request_completed', 'path': '/api/auth/v1/login', 'method': 'POST', 'request_id': '6fd58e69-204', 'level': 'info', 'logger': 'request', 'timestamp': '2026-02-27T11:47:54.711048Z'}
C:\careertrojan\tests\integration\test_auth_endpoints.py:178: KeyError: 'detail'
E   AssertionError: assert ('retry-after' in Headers({'content-length': '145', 'content-type': 'application/json', 'x-request-id': '8a0dfd7b-710'}) or 'Retry-After' in Headers({'content-length': '145', 'content-type': 'application/json', 'x-request-id': '8a0dfd7b-710'}))
     +  where Headers({'content-length': '145', 'content-type': 'application/json', 'x-request-id': '8a0dfd7b-710'}) = <Response [429 Too Many Requests]>.headers
     +  and   Headers({'content-length': '145', 'content-type': 'application/json', 'x-request-id': '8a0dfd7b-710'}) = <Response [429 Too Many Requests]>.headers
---------------------------- Captured stdout call -----------------------------
{"event": "request_started", "path": "/api/auth/v1/register", "method": "POST", "request_id": "88032fc6-fd5", "level": "info", "logger": "request", "timestamp": "2026-02-27T11:47:57.207939Z"}
{"status_code": 200, "duration_ms": 342.9, "event": "request_completed", "path": "/api/auth/v1/register", "method": "POST", "request_id": "88032fc6-fd5", "level": "info", "logger": "request", "timestamp": "2026-02-27T11:47:57.551052Z"}
{"event": "request_started", "path": "/api/auth/v1/login", "method": "POST", "request_id": "1d31f8b9-9fe", "level": "info", "logger": "request", "timestamp": "2026-02-27T11:47:57.563161Z"}
{"status_code": 401, "duration_ms": 340.1, "event": "request_completed", "path": "/api/auth/v1/login", "method": "POST", "request_id": "1d31f8b9-9fe", "level": "info", "logger": "request", "timestamp": "2026-02-27T11:47:57.903583Z"}
{"event": "request_started", "path": "/api/auth/v1/login", "method": "POST", "request_id": "a3eceab7-168", "level": "info", "logger": "request", "timestamp": "2026-02-27T11:47:57.916490Z"}
{"status_code": 401, "duration_ms": 344.5, "event": "request_completed", "path": "/api/auth/v1/login", "method": "POST", "request_id": "a3eceab7-168", "level": "info", "logger": "request", "timestamp": "2026-02-27T11:47:58.261287Z"}
{"event": "request_started", "path": "/api/auth/v1/login", "method": "POST", "request_id": "38859575-568", "level": "info", "logger": "request", "timestamp": "2026-02-27T11:47:58.271553Z"}
{"status_code": 401, "duration_ms": 340.5, "event": "request_completed", "path": "/api/auth/v1/login", "method": "POST", "request_id": "38859575-568", "level": "info", "logger": "request", "timestamp": "2026-02-27T11:47:58.612359Z"}
{"event": "request_started", "path": "/api/auth/v1/login", "method": "POST", "request_id": "c0c5376a-f61", "level": "info", "logger": "request", "timestamp": "2026-02-27T11:47:58.627629Z"}
{"status_code": 401, "duration_ms": 323.3, "event": "request_completed", "path": "/api/auth/v1/login", "method": "POST", "request_id": "c0c5376a-f61", "level": "info", "logger": "request", "timestamp": "2026-02-27T11:47:58.951026Z"}
{"event": "request_started", "path": "/api/auth/v1/login", "method": "POST", "request_id": "80e6ec2b-223", "level": "info", "logger": "request", "timestamp": "2026-02-27T11:47:58.962424Z"}
{"event": "IP testclient locked out for 900s after 5 failed login attempts"}
{"status_code": 401, "duration_ms": 332.4, "event": "request_completed", "path": "/api/auth/v1/login", "method": "POST", "request_id": "80e6ec2b-223", "level": "info", "logger": "request", "timestamp": "2026-02-27T11:47:59.295562Z"}
{"event": "request_started", "path": "/api/auth/v1/login", "method": "POST", "request_id": "8a0dfd7b-710", "level": "info", "logger": "request", "timestamp": "2026-02-27T11:47:59.305272Z"}
{"status_code": 429, "duration_ms": 3.5, "event": "request_completed", "path": "/api/auth/v1/login", "method": "POST", "request_id": "8a0dfd7b-710", "level": "info", "logger": "request", "timestamp": "2026-02-27T11:47:59.308639Z"}
------------------------------ Captured log call ------------------------------
INFO     request:request_correlation.py:36 {'event': 'request_started', 'path': '/api/auth/v1/register', 'method': 'POST', 'request_id': '88032fc6-fd5', 'level': 'info', 'logger': 'request', 'timestamp': '2026-02-27T11:47:57.207939Z'}
INFO     request:request_correlation.py:41 {'status_code': 200, 'duration_ms': 342.9, 'event': 'request_completed', 'path': '/api/auth/v1/register', 'method': 'POST', 'request_id': '88032fc6-fd5', 'level': 'info', 'logger': 'request', 'timestamp': '2026-02-27T11:47:57.551052Z'}
INFO     request:request_correlation.py:36 {'event': 'request_started', 'path': '/api/auth/v1/login', 'method': 'POST', 'request_id': '1d31f8b9-9fe', 'level': 'info', 'logger': 'request', 'timestamp': '2026-02-27T11:47:57.563161Z'}
INFO     request:request_correlation.py:41 {'status_code': 401, 'duration_ms': 340.1, 'event': 'request_completed', 'path': '/api/auth/v1/login', 'method': 'POST', 'request_id': '1d31f8b9-9fe', 'level': 'info', 'logger': 'request', 'timestamp': '2026-02-27T11:47:57.903583Z'}
INFO     request:request_correlation.py:36 {'event': 'request_started', 'path': '/api/auth/v1/login', 'method': 'POST', 'request_id': 'a3eceab7-168', 'level': 'info', 'logger': 'request', 'timestamp': '2026-02-27T11:47:57.916490Z'}
INFO     request:request_correlation.py:41 {'status_code': 401, 'duration_ms': 344.5, 'event': 'request_completed', 'path': '/api/auth/v1/login', 'method': 'POST', 'request_id': 'a3eceab7-168', 'level': 'info', 'logger': 'request', 'timestamp': '2026-02-27T11:47:58.261287Z'}
INFO     request:request_correlation.py:36 {'event': 'request_started', 'path': '/api/auth/v1/login', 'method': 'POST', 'request_id': '38859575-568', 'level': 'info', 'logger': 'request', 'timestamp': '2026-02-27T11:47:58.271553Z'}
INFO     request:request_correlation.py:41 {'status_code': 401, 'duration_ms': 340.5, 'event': 'request_completed', 'path': '/api/auth/v1/login', 'method': 'POST', 'request_id': '38859575-568', 'level': 'info', 'logger': 'request', 'timestamp': '2026-02-27T11:47:58.612359Z'}
INFO     request:request_correlation.py:36 {'event': 'request_started', 'path': '/api/auth/v1/login', 'method': 'POST', 'request_id': 'c0c5376a-f61', 'level': 'info', 'logger': 'request', 'timestamp': '2026-02-27T11:47:58.627629Z'}
INFO     request:request_correlation.py:41 {'status_code': 401, 'duration_ms': 323.3, 'event': 'request_completed', 'path': '/api/auth/v1/login', 'method': 'POST', 'request_id': 'c0c5376a-f61', 'level': 'info', 'logger': 'request', 'timestamp': '2026-02-27T11:47:58.951026Z'}
INFO     request:request_correlation.py:36 {'event': 'request_started', 'path': '/api/auth/v1/login', 'method': 'POST', 'request_id': '80e6ec2b-223', 'level': 'info', 'logger': 'request', 'timestamp': '2026-02-27T11:47:58.962424Z'}
WARNING  login_protection:login_protection.py:78 IP testclient locked out for 900s after 5 failed login attempts
INFO     request:request_correlation.py:41 {'status_code': 401, 'duration_ms': 332.4, 'event': 'request_completed', 'path': '/api/auth/v1/login', 'method': 'POST', 'request_id': '80e6ec2b-223', 'level': 'info', 'logger': 'request', 'timestamp': '2026-02-27T11:47:59.295562Z'}
INFO     request:request_correlation.py:36 {'event': 'request_started', 'path': '/api/auth/v1/login', 'method': 'POST', 'request_id': '8a0dfd7b-710', 'level': 'info', 'logger': 'request', 'timestamp': '2026-02-27T11:47:59.305272Z'}
INFO     request:request_correlation.py:41 {'status_code': 429, 'duration_ms': 3.5, 'event': 'request_completed', 'path': '/api/auth/v1/login', 'method': 'POST', 'request_id': '8a0dfd7b-710', 'level': 'info', 'logger': 'request', 'timestamp': '2026-02-27T11:47:59.308639Z'}
C:\careertrojan\tests\integration\test_auth_endpoints.py:203: AssertionError: assert ('retry-after' in Headers({'content-length': '145', 'content-type': 'application/json', 'x-request-id': '8a0dfd7b-710'}) or 'Retry-After' in Headers({'content-length': '145', 'content-type': 'application/json', 'x-request-id': '8a0dfd7b-710'}))
E   KeyError: 'detail'
---------------------------- Captured stdout call -----------------------------
{"event": "request_started", "path": "/api/gdpr/v1/delete-account", "method": "DELETE", "request_id": "7e90ca20-655", "level": "info", "logger": "request", "timestamp": "2026-02-27T11:47:59.874063Z"}
{"status_code": 400, "duration_ms": 14.6, "event": "request_completed", "path": "/api/gdpr/v1/delete-account", "method": "DELETE", "request_id": "7e90ca20-655", "level": "info", "logger": "request", "timestamp": "2026-02-27T11:47:59.888934Z"}
------------------------------ Captured log call ------------------------------
INFO     request:request_correlation.py:36 {'event': 'request_started', 'path': '/api/gdpr/v1/delete-account', 'method': 'DELETE', 'request_id': '7e90ca20-655', 'level': 'info', 'logger': 'request', 'timestamp': '2026-02-27T11:47:59.874063Z'}
INFO     request:request_correlation.py:41 {'status_code': 400, 'duration_ms': 14.6, 'event': 'request_completed', 'path': '/api/gdpr/v1/delete-account', 'method': 'DELETE', 'request_id': '7e90ca20-655', 'level': 'info', 'logger': 'request', 'timestamp': '2026-02-27T11:47:59.888934Z'}
C:\careertrojan\tests\integration\test_gdpr_endpoints.py:134: KeyError: 'detail'
=========================== short test summary info ===========================
FAILED tests/unit/test_braintree.py::TestPaymentEndpoints::test_get_plans_returns_all_tiers
FAILED tests/unit/test_braintree.py::TestPaymentEndpoints::test_process_free_plan_no_payment_needed
FAILED tests/unit/test_braintree.py::TestPaymentEndpoints::test_process_paid_plan_requires_payment_method
FAILED tests/unit/test_braintree.py::TestPaymentEndpoints::test_process_paid_plan_with_stub
FAILED tests/unit/test_braintree.py::TestPaymentEndpoints::test_process_paid_plan_with_promo_code
FAILED tests/unit/test_braintree.py::TestPaymentEndpoints::test_payment_history_returns_empty_initially
FAILED tests/unit/test_braintree.py::TestPaymentEndpoints::test_current_subscription_defaults_to_free
FAILED tests/unit/test_braintree.py::TestPaymentEndpoints::test_cancel_no_subscription
FAILED tests/unit/test_braintree.py::TestPaymentEndpoints::test_list_methods_returns_empty_when_unconfigured
FAILED tests/integration/test_all_endpoints.py::TestEndpointAvailability::test_endpoint_responds[GET /api/admin/v1/api-health/summary]
FAILED tests/integration/test_all_endpoints.py::TestEndpointAvailability::test_endpoint_responds[POST /api/coaching/v1/questions/generate]
FAILED tests/integration/test_all_endpoints.py::TestEndpointAvailability::test_endpoint_responds[POST /api/coaching/v1/answers/review]
FAILED tests/integration/test_all_endpoints.py::TestEndpointAvailability::test_endpoint_responds[POST /api/coaching/v1/stories/generate]
FAILED tests/integration/test_all_endpoints.py::TestEndpointAvailability::test_endpoint_responds[POST /api/coaching/v1/blockers/detect]
FAILED tests/integration/test_all_endpoints.py::TestEndpointAvailability::test_endpoint_responds[GET /api/jobs/v1/index]
FAILED tests/integration/test_all_endpoints.py::TestEndpointAvailability::test_endpoint_responds[GET /api/mentor/v1/list]
FAILED tests/integration/test_all_endpoints.py::TestEndpointAvailability::test_endpoint_responds[POST /api/mentorship/v1/applications]
FAILED tests/integration/test_all_endpoints.py::TestEndpointAvailability::test_endpoint_responds[POST /api/insights/v1/cohort/resolve]
FAILED tests/integration/test_all_endpoints.py::TestEndpointAvailability::test_endpoint_responds[GET /api/admin/v1/tokens/config]
FAILED tests/integration/test_all_endpoints.py::TestEndpointAvailability::test_endpoint_responds[GET /api/admin/v1/tokens/usage]
FAILED tests/integration/test_all_endpoints.py::TestEndpointAvailability::test_endpoint_responds[GET /api/taxonomy/v1/industries]
FAILED tests/integration/test_all_endpoints.py::TestEndpointAvailability::test_endpoint_responds[GET /api/taxonomy/v1/summary]
FAILED tests/integration/test_all_endpoints.py::TestEndpointAvailability::test_endpoint_responds[POST /api/gdpr/v1/consent]
FAILED tests/integration/test_auth_endpoints.py::TestRegistration::test_register_duplicate_email
FAILED tests/integration/test_auth_endpoints.py::TestBruteForceProtection::test_lockout_after_five_failures
FAILED tests/integration/test_auth_endpoints.py::TestBruteForceProtection::test_retry_after_header_present
FAILED tests/integration/test_gdpr_endpoints.py::TestGDPRDeletion::test_delete_requires_confirm
